###############################################################################
#
# IAR ELF Linker V8.50.4.261/W32 for ARM                  12/Mar/2025  16:33:36
# Copyright 2007-2020 IAR Systems AB.
#
#    Output file  =
#        E:\project\6266_test\befor_boot\approximation\6266.01.05.300_dpg\EWARM\6266.01.05.300_dpg\Exe\6266.01.05.300_dpg.out
#    Map file     =
#        E:\project\6266_test\befor_boot\approximation\6266.01.05.300_dpg\EWARM\6266.01.05.300_dpg\List\6266.01.05.300_dpg.map
#    Command line =
#        -f C:\Users\ABRAMO~1\AppData\Local\Temp\EW2612.tmp
#        (E:\project\6266_test\befor_boot\approximation\6266.01.05.300_dpg\EWARM\6266.01.05.300_dpg\Obj\algorithm_contamination.o
#        E:\project\6266_test\befor_boot\approximation\6266.01.05.300_dpg\EWARM\6266.01.05.300_dpg\Obj\approximation.o
#        E:\project\6266_test\befor_boot\approximation\6266.01.05.300_dpg\EWARM\6266.01.05.300_dpg\Obj\command_processing.o
#        E:\project\6266_test\befor_boot\approximation\6266.01.05.300_dpg\EWARM\6266.01.05.300_dpg\Obj\console.o
#        E:\project\6266_test\befor_boot\approximation\6266.01.05.300_dpg\EWARM\6266.01.05.300_dpg\Obj\data.o
#        E:\project\6266_test\befor_boot\approximation\6266.01.05.300_dpg\EWARM\6266.01.05.300_dpg\Obj\detector_weather.o
#        E:\project\6266_test\befor_boot\approximation\6266.01.05.300_dpg\EWARM\6266.01.05.300_dpg\Obj\eeprom.o
#        E:\project\6266_test\befor_boot\approximation\6266.01.05.300_dpg\EWARM\6266.01.05.300_dpg\Obj\gpio.o
#        E:\project\6266_test\befor_boot\approximation\6266.01.05.300_dpg\EWARM\6266.01.05.300_dpg\Obj\hcms.o
#        E:\project\6266_test\befor_boot\approximation\6266.01.05.300_dpg\EWARM\6266.01.05.300_dpg\Obj\heating.o
#        E:\project\6266_test\befor_boot\approximation\6266.01.05.300_dpg\EWARM\6266.01.05.300_dpg\Obj\i2c.o
#        E:\project\6266_test\befor_boot\approximation\6266.01.05.300_dpg\EWARM\6266.01.05.300_dpg\Obj\iwdg.o
#        E:\project\6266_test\befor_boot\approximation\6266.01.05.300_dpg\EWARM\6266.01.05.300_dpg\Obj\main.o
#        E:\project\6266_test\befor_boot\approximation\6266.01.05.300_dpg\EWARM\6266.01.05.300_dpg\Obj\memory.o
#        E:\project\6266_test\befor_boot\approximation\6266.01.05.300_dpg\EWARM\6266.01.05.300_dpg\Obj\nonvol.o
#        E:\project\6266_test\befor_boot\approximation\6266.01.05.300_dpg\EWARM\6266.01.05.300_dpg\Obj\OneWire.o
#        E:\project\6266_test\befor_boot\approximation\6266.01.05.300_dpg\EWARM\6266.01.05.300_dpg\Obj\push_pop.o
#        E:\project\6266_test\befor_boot\approximation\6266.01.05.300_dpg\EWARM\6266.01.05.300_dpg\Obj\requests.o
#        E:\project\6266_test\befor_boot\approximation\6266.01.05.300_dpg\EWARM\6266.01.05.300_dpg\Obj\startup_stm32f303xe.o
#        E:\project\6266_test\befor_boot\approximation\6266.01.05.300_dpg\EWARM\6266.01.05.300_dpg\Obj\stm32f3xx_hal.o
#        E:\project\6266_test\befor_boot\approximation\6266.01.05.300_dpg\EWARM\6266.01.05.300_dpg\Obj\stm32f3xx_hal_cortex.o
#        E:\project\6266_test\befor_boot\approximation\6266.01.05.300_dpg\EWARM\6266.01.05.300_dpg\Obj\stm32f3xx_hal_dma.o
#        E:\project\6266_test\befor_boot\approximation\6266.01.05.300_dpg\EWARM\6266.01.05.300_dpg\Obj\stm32f3xx_hal_exti.o
#        E:\project\6266_test\befor_boot\approximation\6266.01.05.300_dpg\EWARM\6266.01.05.300_dpg\Obj\stm32f3xx_hal_flash.o
#        E:\project\6266_test\befor_boot\approximation\6266.01.05.300_dpg\EWARM\6266.01.05.300_dpg\Obj\stm32f3xx_hal_flash_ex.o
#        E:\project\6266_test\befor_boot\approximation\6266.01.05.300_dpg\EWARM\6266.01.05.300_dpg\Obj\stm32f3xx_hal_gpio.o
#        E:\project\6266_test\befor_boot\approximation\6266.01.05.300_dpg\EWARM\6266.01.05.300_dpg\Obj\stm32f3xx_hal_i2c.o
#        E:\project\6266_test\befor_boot\approximation\6266.01.05.300_dpg\EWARM\6266.01.05.300_dpg\Obj\stm32f3xx_hal_i2c_ex.o
#        E:\project\6266_test\befor_boot\approximation\6266.01.05.300_dpg\EWARM\6266.01.05.300_dpg\Obj\stm32f3xx_hal_iwdg.o
#        E:\project\6266_test\befor_boot\approximation\6266.01.05.300_dpg\EWARM\6266.01.05.300_dpg\Obj\stm32f3xx_hal_msp.o
#        E:\project\6266_test\befor_boot\approximation\6266.01.05.300_dpg\EWARM\6266.01.05.300_dpg\Obj\stm32f3xx_hal_pwr.o
#        E:\project\6266_test\befor_boot\approximation\6266.01.05.300_dpg\EWARM\6266.01.05.300_dpg\Obj\stm32f3xx_hal_pwr_ex.o
#        E:\project\6266_test\befor_boot\approximation\6266.01.05.300_dpg\EWARM\6266.01.05.300_dpg\Obj\stm32f3xx_hal_rcc.o
#        E:\project\6266_test\befor_boot\approximation\6266.01.05.300_dpg\EWARM\6266.01.05.300_dpg\Obj\stm32f3xx_hal_rcc_ex.o
#        E:\project\6266_test\befor_boot\approximation\6266.01.05.300_dpg\EWARM\6266.01.05.300_dpg\Obj\stm32f3xx_hal_tim.o
#        E:\project\6266_test\befor_boot\approximation\6266.01.05.300_dpg\EWARM\6266.01.05.300_dpg\Obj\stm32f3xx_hal_tim_ex.o
#        E:\project\6266_test\befor_boot\approximation\6266.01.05.300_dpg\EWARM\6266.01.05.300_dpg\Obj\stm32f3xx_hal_uart.o
#        E:\project\6266_test\befor_boot\approximation\6266.01.05.300_dpg\EWARM\6266.01.05.300_dpg\Obj\stm32f3xx_hal_uart_ex.o
#        E:\project\6266_test\befor_boot\approximation\6266.01.05.300_dpg\EWARM\6266.01.05.300_dpg\Obj\stm32f3xx_it.o
#        E:\project\6266_test\befor_boot\approximation\6266.01.05.300_dpg\EWARM\6266.01.05.300_dpg\Obj\system_stm32f3xx.o
#        E:\project\6266_test\befor_boot\approximation\6266.01.05.300_dpg\EWARM\6266.01.05.300_dpg\Obj\termo.o
#        E:\project\6266_test\befor_boot\approximation\6266.01.05.300_dpg\EWARM\6266.01.05.300_dpg\Obj\tim.o
#        E:\project\6266_test\befor_boot\approximation\6266.01.05.300_dpg\EWARM\6266.01.05.300_dpg\Obj\transfer.o
#        E:\project\6266_test\befor_boot\approximation\6266.01.05.300_dpg\EWARM\6266.01.05.300_dpg\Obj\usart.o
#        E:\project\6266_test\befor_boot\approximation\6266.01.05.300_dpg\EWARM\6266.01.05.300_dpg\Obj\zngvert.o
#        --redirect _Printf=_PrintfFull --redirect _Scanf=_ScanfFull
#        --no_out_extension -o
#        E:\project\6266_test\befor_boot\approximation\6266.01.05.300_dpg\EWARM\6266.01.05.300_dpg\Exe\6266.01.05.300_dpg.out
#        --map
#        E:\project\6266_test\befor_boot\approximation\6266.01.05.300_dpg\EWARM\6266.01.05.300_dpg\List\6266.01.05.300_dpg.map
#        --config
#        E:\project\6266_test\befor_boot\approximation\6266.01.05.300_dpg\EWARM/stm32f303xe_flash.icf
#        --semihosting --entry __iar_program_start --vfe --text_out locale)
#
###############################################################################

*******************************************************************************
*** RUNTIME MODEL ATTRIBUTES
***

CppFlavor                     = *
__CPP_Exceptions              = Disabled
__CPP_Language                = C++14
__Heap_Handler                = DLMalloc
__SystemLibrary               = DLib
__dlib_dynamic_initialization = normal
__dlib_version                = 6


*******************************************************************************
*** HEAP SELECTION
***

The advanced heap was selected because the application calls memory
allocation functions outside of system library functions, and there
are calls to deallocation functions in the application.


*******************************************************************************
*** PLACEMENT SUMMARY
***

"A0":  place at address 0x800'0000 { ro section .intvec };
"P1":  place in [from 0x800'0000 to 0x807'ffff] { ro };
define block CSTACK with size = 32K, alignment = 8 { };
define block HEAP with size = 8K, alignment = 8 { };
"P2":  place in [from 0x2000'0000 to 0x2000'ffff] {
          rw, block CSTACK, block HEAP };
initialize by copy { rw };

  Section                Kind         Address      Size  Object
  -------                ----         -------      ----  ------
"A0":                                             0x194
  .intvec                ro code   0x800'0000     0x194  startup_stm32f303xe.o [1]
                                 - 0x800'0194     0x194

"P1", part 1 of 3:                             0x1'7408
  .text                  ro code   0x800'0194    0x3a9c  console.o [1]
  .text                  ro code   0x800'3c30     0x594  memory.o [1]
  .text                  ro code   0x800'41c4     0x3b4  stm32f3xx_hal_gpio.o [1]
  .text                  ro code   0x800'4578     0xeda  stm32f3xx_hal_uart.o [1]
  .text                  ro code   0x800'5452       0x8  abs.o [2]
  .text                  ro code   0x800'545a      0x38  memory.o [1]
  .text                  ro code   0x800'5492      0x3a  zero_init3.o [5]
  .text                  ro code   0x800'54cc      0x3a  DblToS32.o [4]
  .text                  ro code   0x800'5506      0x1e  xencoding_8859_1.o [2]
  .text                  ro code   0x800'5524     0x748  usart.o [1]
  .text                  ro code   0x800'5c6c      0x22  S32ToDbl.o [4]
  .text                  ro code   0x800'5c8e       0xa  xsprout.o [2]
  .text                  ro code   0x800'5c98      0x28  stm32f3xx_hal.o [1]
  .text                  ro code   0x800'5cc0     0x1c4  requests.o [1]
  .text                  ro code   0x800'5e84      0x1a  U32ToDbl.o [4]
  .rodata                const     0x800'5e9e       0x2  xlocale_c.o [2]
  .text                  ro code   0x800'5ea0    0x1886  main.o [1]
  .rodata                const     0x800'7726       0x2  xlocale_c.o [2]
  .text                  ro code   0x800'7728     0x4a8  command_processing.o [1]
  .text                  ro code   0x800'7bd0       0x4  newaop_0.o [3]
  .text                  ro code   0x800'7bd4       0x4  delaop_0.o [3]
  .text                  ro code   0x800'7bd8      0x2e  DblCmpLe.o [4]
  .rodata                const     0x800'7c06       0x1  unwind_debug.o [6]
  .rodata                const     0x800'7c07       0x1  xlocale_c.o [2]
  .text                  ro code   0x800'7c08     0x1a2  DblMul.o [4]
  .text                  ro code   0x800'7dac      0x28  DblToU32.o [4]
  .text                  ro code   0x800'7dd4    0x149c  dlmalloc.o [2]
  .text                  ro code   0x800'9270      0x40  sprintf.o [2]
  .text                  ro code   0x800'92b0       0x4  heaptramp0.o [2]
  .text                  ro code   0x800'92b4     0x2fe  i2c.o [1]
  .text                  ro code   0x800'95b4     0x246  DblDiv.o [4]
  .text                  ro code   0x800'97fc     0x778  OneWire.o [1]
  .text                  ro code   0x800'9f74      0x48  FltToDbl.o [4]
  .text                  ro code   0x800'9fbc     0x17a  DblAdd.o [4]
  .text                  ro code   0x800'a138      0x68  DblToFlt.o [4]
  .text                  ro code   0x800'a1a0      0x62  round.o [4]
  .text                  ro code   0x800'a204      0xa6  ABImemcpy.o [5]
  .text                  ro code   0x800'a2ac     0x208  approximation.o [1]
  .text                  ro code   0x800'a4b4     0xd26  stm32f3xx_hal_tim.o [1]
  .text                  ro code   0x800'b1dc     0x3b4  heating.o [1]
  .text                  ro code   0x800'b590      0x2e  DblCmpGe.o [4]
  .text                  ro code   0x800'b5c0      0x92  push_pop.o [1]
  .text                  ro code   0x800'b654      0xe2  DblSub.o [4]
  .text                  ro code   0x800'b738     0xe1c  stm32f3xx_hal_i2c.o [1]
  .text                  ro code   0x800'c554      0x76  memory.o [1]
  .text                  ro code   0x800'c5cc       0xc  stm32f3xx_hal.o [1]
  .text                  ro code   0x800'c5d8      0xa6  stm32f3xx_hal_dma.o [1]
  .text                  ro code   0x800'c67e       0x2  stm32f3xx_hal_uart.o [1]
  .text                  ro code   0x800'c680       0x2  stm32f3xx_hal_uart.o [1]
  .text                  ro code   0x800'c682       0x2  stm32f3xx_hal_uart_ex.o [1]
  .text                  ro code   0x800'c684     0x854  stm32f3xx_hal_rcc.o [1]
  .text                  ro code   0x800'ced8       0x2  stm32f3xx_hal_uart.o [1]
  .text                  ro code   0x800'ceda       0x2  stm32f3xx_hal_uart.o [1]
  .text                  ro code   0x800'cedc      0x16  math_wrappers64.o [4]
  .text                  ro code   0x800'cef2      0x2e  usart.o [1]
  .text                  ro code   0x800'cf20      0x66  ABImemset.o [5]
  .text                  ro code   0x800'cf88     0x19a  stm32f3xx_hal_cortex.o [1]
  .text                  ro code   0x800'd124      0x36  strlen.o [5]
  .text                  ro code   0x800'd15c      0x68  memcmp.o [5]
  .text                  ro code   0x800'd1c4     0x230  I64DivMod.o [5]
  .text                  ro code   0x800'd3f4     0x310  hcms.o [1]
  .text                  ro code   0x800'd704      0x24  stm32f3xx_hal.o [1]
  .text                  ro code   0x800'd728     0x144  gpio.o [1]
  .text                  ro code   0x800'd86c     0x314  tim.o [1]
  .text                  ro code   0x800'db80      0x2c  iwdg.o [1]
  .text                  ro code   0x800'dbac      0x20  DblCmpEq.o [4]
  .text                  ro code   0x800'dbcc     0x298  algorithm_contamination.o [1]
  .text                  ro code   0x800'de64      0xf4  termo.o [1]
  .text                  ro code   0x800'df58    0x189c  transfer.o [1]
  .text                  ro code   0x800'f7f4      0x7c  stm32f3xx_hal_iwdg.o [1]
  .text                  ro code   0x800'f870      0x46  U64ToDbl.o [4]
  .text                  ro code   0x800'f8b8    0x1cc8  detector_weather.o [1]
  .text                  ro code   0x801'1580     0x2fc  stm32f3xx_hal_rcc_ex.o [1]
  .text                  ro code   0x801'187c      0x24  newop_0.o [3]
  .text                  ro code   0x801'18a0       0xa  delop_0.o [3]
  .text                  ro code   0x801'18aa       0x6  abort.o [2]
  .text                  ro code   0x801'18b0      0x2c  xgetmemchunk.o [2]
  .text                  ro code   0x801'18dc    0x10c6  xprintffull.o [2]
  .text                  ro code   0x801'29a4      0xc6  stm32f3xx_hal_i2c_ex.o [1]
  .text                  ro code   0x801'2a6c      0x12  strcmp.o [5]
  .text                  ro code   0x801'2a7e       0x2  stm32f3xx_hal_tim.o [1]
  .text                  ro code   0x801'2a80       0x2  stm32f3xx_hal_tim.o [1]
  .text                  ro code   0x801'2a82       0x2  stm32f3xx_hal_tim.o [1]
  .text                  ro code   0x801'2a84       0x2  stm32f3xx_hal_tim.o [1]
  .text                  ro code   0x801'2a86       0x2  stm32f3xx_hal_tim_ex.o [1]
  .text                  ro code   0x801'2a88       0x2  stm32f3xx_hal_tim_ex.o [1]
  .text                  ro code   0x801'2a8a       0x2  stm32f3xx_hal_tim.o [1]
  .text                  ro code   0x801'2a8c       0x2  stm32f3xx_hal_tim_ex.o [1]
  .text                  ro code   0x801'2a90      0x4c  stm32f3xx_hal.o [1]
  .text                  ro code   0x801'2adc     0x6c4  pow64.o [4]
  .text                  ro code   0x801'31a0       0x2  I64DivZer.o [5]
  .text                  ro code   0x801'31a4      0x3c  stm32f3xx_hal_msp.o [1]
  .text                  ro code   0x801'31e0      0x14  memset.o [5]
  .text                  ro code   0x801'31f4     0x15c  stm32f3xx_hal_tim_ex.o [1]
  .text                  ro code   0x801'3350       0xa  detector_weather.o [1]
  .text                  ro code   0x801'335a      0x46  detector_weather.o [1]
  .text                  ro code   0x801'33a0       0xa  detector_weather.o [1]
  .text                  ro code   0x801'33aa      0x2a  detector_weather.o [1]
  .text                  ro code   0x801'33d4       0x6  detector_weather.o [1]
  .text                  ro code   0x801'33da      0x24  detector_weather.o [1]
  .text                  ro code   0x801'33fe      0x26  detector_weather.o [1]
  .text                  ro code   0x801'3424      0x96  detector_weather.o [1]
  .text                  ro code   0x801'34ba      0x5a  detector_weather.o [1]
  .text                  ro code   0x801'3514      0x20  detector_weather.o [1]
  .text                  ro code   0x801'3534      0x46  detector_weather.o [1]
  .text                  ro code   0x801'357a      0x70  detector_weather.o [1]
  .text                  ro code   0x801'35ea      0x14  detector_weather.o [1]
  .text                  ro code   0x801'35fe      0x32  detector_weather.o [1]
  .text                  ro code   0x801'3630      0x24  detector_weather.o [1]
  .text                  ro code   0x801'3654      0x2a  detector_weather.o [1]
  .text                  ro code   0x801'367e      0x3e  detector_weather.o [1]
  .text                  ro code   0x801'36bc      0x20  detector_weather.o [1]
  .text                  ro code   0x801'36dc      0x14  detector_weather.o [1]
  .text                  ro code   0x801'36f0      0x12  detector_weather.o [1]
  .text                  ro code   0x801'3702       0x4  nomemory.o [3]
  .text                  ro code   0x801'3708      0x14  exit.o [6]
  .text                  ro code   0x801'371c      0x7c  xlocale_c.o [2]
  .text                  ro code   0x801'3798      0x16  strchr.o [5]
  .text                  ro code   0x801'37b0      0x40  xfail_s.o [2]
  .text                  ro code   0x801'37f0      0x58  memchr.o [5]
  .text                  ro code   0x801'3848      0x70  frexp.o [4]
  .text                  ro code   0x801'38b8     0x13a  ldexp.o [4]
  .text                  ro code   0x801'39f2       0xa  xmbcurmax.o [2]
  .text                  ro code   0x801'39fc     0x3ac  iar_Exp64.o [4]
  .text                  ro code   0x801'3da8       0xc  detector_weather.o [1]
  .text                  ro code   0x801'3db4       0x4  detector_weather.o [1]
  .text                  ro code   0x801'3db8       0x4  detector_weather.o [1]
  .text                  ro code   0x801'3dbc      0x62  detector_weather.o [1]
  .text                  ro code   0x801'3e1e       0xc  detector_weather.o [1]
  .text                  ro code   0x801'3e2a       0x4  detector_weather.o [1]
  .text                  ro code   0x801'3e2e       0x4  detector_weather.o [1]
  .text                  ro code   0x801'3e32      0x1a  detector_weather.o [1]
  .text                  ro code   0x801'3e4c       0xc  detector_weather.o [1]
  .text                  ro code   0x801'3e58       0xc  detector_weather.o [1]
  .text                  ro code   0x801'3e64      0x32  detector_weather.o [1]
  .text                  ro code   0x801'3e96       0xc  detector_weather.o [1]
  .text                  ro code   0x801'3ea2       0xc  detector_weather.o [1]
  .text                  ro code   0x801'3eae      0x16  detector_weather.o [1]
  .text                  ro code   0x801'3ec4      0x4a  detector_weather.o [1]
  .text                  ro code   0x801'3f0e      0x10  detector_weather.o [1]
  .text                  ro code   0x801'3f1e      0x22  detector_weather.o [1]
  .text                  ro code   0x801'3f40      0x72  detector_weather.o [1]
  .text                  ro code   0x801'3fb2      0x68  detector_weather.o [1]
  .text                  ro code   0x801'401a       0x2  detector_weather.o [1]
  .text                  ro code   0x801'401c      0x1e  detector_weather.o [1]
  .text                  ro code   0x801'403a      0x22  detector_weather.o [1]
  .text                  ro code   0x801'405c      0x18  detector_weather.o [1]
  .text                  ro code   0x801'4074       0xc  detector_weather.o [1]
  .text                  ro code   0x801'4080       0xc  detector_weather.o [1]
  .text                  ro code   0x801'408c      0x16  detector_weather.o [1]
  .text                  ro code   0x801'40a2       0xe  detector_weather.o [1]
  .text                  ro code   0x801'40b0      0x1e  detector_weather.o [1]
  .text                  ro code   0x801'40ce      0x1a  detector_weather.o [1]
  .text                  ro code   0x801'40e8      0x1a  detector_weather.o [1]
  .text                  ro code   0x801'4102       0xe  detector_weather.o [1]
  .text                  ro code   0x801'4110      0x42  detector_weather.o [1]
  .text                  ro code   0x801'4152       0x2  detector_weather.o [1]
  .text                  ro code   0x801'4154       0xc  detector_weather.o [1]
  .text                  ro code   0x801'4160       0xc  detector_weather.o [1]
  .text                  ro code   0x801'416c      0x1a  detector_weather.o [1]
  .text                  ro code   0x801'4186       0xc  detector_weather.o [1]
  .text                  ro code   0x801'4192      0x12  detector_weather.o [1]
  .text                  ro code   0x801'41a4      0x3c  detector_weather.o [1]
  .text                  ro code   0x801'41e0      0x1c  detector_weather.o [1]
  .text                  ro code   0x801'41fc       0x4  detector_weather.o [1]
  .text                  ro code   0x801'4200       0xa  detector_weather.o [1]
  .text                  ro code   0x801'420a      0x28  detector_weather.o [1]
  .text                  ro code   0x801'4232      0x3c  detector_weather.o [1]
  .text                  ro code   0x801'426e      0x22  detector_weather.o [1]
  .text                  ro code   0x801'4290       0x2  detector_weather.o [1]
  .text                  ro code   0x801'4292      0x60  detector_weather.o [1]
  .text                  ro code   0x801'42f4      0x1c  detector_weather.o [1]
  .text                  ro code   0x801'4310       0x2  detector_weather.o [1]
  .text                  ro code   0x801'4312      0x3a  detector_weather.o [1]
  .text                  ro code   0x801'434c      0x1c  detector_weather.o [1]
  .text                  ro code   0x801'4368       0x2  detector_weather.o [1]
  .text                  ro code   0x801'436a      0x7e  detector_weather.o [1]
  .text                  ro code   0x801'43e8       0xe  detector_weather.o [1]
  .text                  ro code   0x801'43f6      0x22  detector_weather.o [1]
  .text                  ro code   0x801'4418       0xc  detector_weather.o [1]
  .text                  ro code   0x801'4424       0x2  detector_weather.o [1]
  .text                  ro code   0x801'4426       0xc  detector_weather.o [1]
  .text                  ro code   0x801'4432       0xa  detector_weather.o [1]
  .text                  ro code   0x801'443c      0x38  detector_weather.o [1]
  .text                  ro code   0x801'4474       0xa  detector_weather.o [1]
  .text                  ro code   0x801'447e      0x1c  detector_weather.o [1]
  .text                  ro code   0x801'449a       0x6  detector_weather.o [1]
  .text                  ro code   0x801'44a0      0x1e  detector_weather.o [1]
  .text                  ro code   0x801'44be      0x20  detector_weather.o [1]
  .text                  ro code   0x801'44de      0x16  detector_weather.o [1]
  .text                  ro code   0x801'44f4      0x20  detector_weather.o [1]
  .text                  ro code   0x801'4514      0xac  detector_weather.o [1]
  .text                  ro code   0x801'45c0      0x14  detector_weather.o [1]
  .text                  ro code   0x801'45d4      0x1c  detector_weather.o [1]
  .text                  ro code   0x801'45f0      0x10  detector_weather.o [1]
  .text                  ro code   0x801'4600      0x1c  detector_weather.o [1]
  .text                  ro code   0x801'461c       0x2  detector_weather.o [1]
  .text                  ro code   0x801'461e       0xc  detector_weather.o [1]
  .text                  ro code   0x801'462a       0x2  detector_weather.o [1]
  .text                  ro code   0x801'462c      0x24  detector_weather.o [1]
  .text                  ro code   0x801'4650      0x1e  detector_weather.o [1]
  .text                  ro code   0x801'466e       0xc  detector_weather.o [1]
  .text                  ro code   0x801'467a      0x1c  detector_weather.o [1]
  .text                  ro code   0x801'4696      0x12  detector_weather.o [1]
  .text                  ro code   0x801'46a8      0x1c  detector_weather.o [1]
  .text                  ro code   0x801'46c4      0x2e  detector_weather.o [1]
  .text                  ro code   0x801'46f2      0xb8  detector_weather.o [1]
  .text                  ro code   0x801'47aa       0x2  detector_weather.o [1]
  .text                  ro code   0x801'47ac       0x2  detector_weather.o [1]
  .text                  ro code   0x801'47ae      0x1a  detector_weather.o [1]
  .text                  ro code   0x801'47c8       0xc  detector_weather.o [1]
  .text                  ro code   0x801'47d4      0x56  detector_weather.o [1]
  .text                  ro code   0x801'482a      0x3a  detector_weather.o [1]
  .text                  ro code   0x801'4864       0xa  detector_weather.o [1]
  .text                  ro code   0x801'486e      0x1e  detector_weather.o [1]
  .text                  ro code   0x801'488c      0x26  detector_weather.o [1]
  .text                  ro code   0x801'48b2       0x2  detector_weather.o [1]
  .text                  ro code   0x801'48b4       0x2  detector_weather.o [1]
  .text                  ro code   0x801'48b6      0x1a  detector_weather.o [1]
  .text                  ro code   0x801'48d0      0xc0  detector_weather.o [1]
  .text                  ro code   0x801'4990      0x58  detector_weather.o [1]
  .text                  ro code   0x801'49e8      0x1e  detector_weather.o [1]
  .text                  ro code   0x801'4a06      0x20  detector_weather.o [1]
  .text                  ro code   0x801'4a26      0x7c  detector_weather.o [1]
  .text                  ro code   0x801'4aa2      0x1e  detector_weather.o [1]
  .text                  ro code   0x801'4ac0      0x1e  detector_weather.o [1]
  .text                  ro code   0x801'4ade       0xe  detector_weather.o [1]
  .text                  ro code   0x801'4aec      0x12  detector_weather.o [1]
  .text                  ro code   0x801'4afe       0xc  detector_weather.o [1]
  .text                  ro code   0x801'4b0a      0x10  detector_weather.o [1]
  .text                  ro code   0x801'4b1a      0x32  detector_weather.o [1]
  .text                  ro code   0x801'4b4c       0x2  detector_weather.o [1]
  .text                  ro code   0x801'4b4e      0x18  detector_weather.o [1]
  .text                  ro code   0x801'4b66       0x2  detector_weather.o [1]
  .text                  ro code   0x801'4b68      0x5a  detector_weather.o [1]
  .text                  ro code   0x801'4bc2      0x12  detector_weather.o [1]
  .text                  ro code   0x801'4bd4       0xe  detector_weather.o [1]
  .text                  ro code   0x801'4be2       0xc  detector_weather.o [1]
  .text                  ro code   0x801'4bee      0x16  detector_weather.o [1]
  .text                  ro code   0x801'4c04      0x12  detector_weather.o [1]
  .text                  ro code   0x801'4c16       0xe  detector_weather.o [1]
  .text                  ro code   0x801'4c24      0x32  detector_weather.o [1]
  .text                  ro code   0x801'4c56      0x36  detector_weather.o [1]
  .text                  ro code   0x801'4c8c      0x1c  detector_weather.o [1]
  .text                  ro code   0x801'4ca8      0x1a  detector_weather.o [1]
  .text                  ro code   0x801'4cc2      0x1e  detector_weather.o [1]
  .text                  ro code   0x801'4ce0      0x1a  detector_weather.o [1]
  .text                  ro code   0x801'4cfa      0x86  detector_weather.o [1]
  .text                  ro code   0x801'4d80       0x6  detector_weather.o [1]
  .text                  ro code   0x801'4d86       0xc  detector_weather.o [1]
  .text                  ro code   0x801'4d92      0x16  detector_weather.o [1]
  .text                  ro code   0x801'4da8      0x96  ABImemmove.o [5]
  .text                  ro code   0x801'4e3e       0x2  detector_weather.o [1]
  .text                  ro code   0x801'4e40       0x2  detector_weather.o [1]
  .text                  ro code   0x801'4e42       0xe  detector_weather.o [1]
  .text                  ro code   0x801'4e50       0xe  detector_weather.o [1]
  .text                  ro code   0x801'4e5e       0xc  detector_weather.o [1]
  .text                  ro code   0x801'4e6a       0xc  detector_weather.o [1]
  .text                  ro code   0x801'4e76       0xc  detector_weather.o [1]
  .text                  ro code   0x801'4e82      0x1c  detector_weather.o [1]
  .text                  ro code   0x801'4e9e      0x10  detector_weather.o [1]
  .text                  ro code   0x801'4eae      0x1e  detector_weather.o [1]
  .text                  ro code   0x801'4ecc      0x14  detector_weather.o [1]
  .text                  ro code   0x801'4ee0      0x10  detector_weather.o [1]
  .text                  ro code   0x801'4ef0      0x26  detector_weather.o [1]
  .text                  ro code   0x801'4f16       0x2  detector_weather.o [1]
  .text                  ro code   0x801'4f18      0x1c  detector_weather.o [1]
  .text                  ro code   0x801'4f34      0x16  detector_weather.o [1]
  .text                  ro code   0x801'4f4a       0xe  detector_weather.o [1]
  .text                  ro code   0x801'4f58       0x4  detector_weather.o [1]
  .text                  ro code   0x801'4f5c       0xc  detector_weather.o [1]
  .text                  ro code   0x801'4f68       0xc  detector_weather.o [1]
  .text                  ro code   0x801'4f74       0xc  detector_weather.o [1]
  .text                  ro code   0x801'4f80      0x32  detector_weather.o [1]
  .text                  ro code   0x801'4fb2       0xa  detector_weather.o [1]
  .text                  ro code   0x801'4fbc       0x4  detector_weather.o [1]
  .text                  ro code   0x801'4fc0      0xcc  detector_weather.o [1]
  .text                  ro code   0x801'508c      0x18  detector_weather.o [1]
  .text                  ro code   0x801'50a4      0x72  detector_weather.o [1]
  .text                  ro code   0x801'5116       0x2  detector_weather.o [1]
  .text                  ro code   0x801'5118      0x2a  detector_weather.o [1]
  .text                  ro code   0x801'5142       0x2  detector_weather.o [1]
  .text                  ro code   0x801'5144       0xc  detector_weather.o [1]
  .text                  ro code   0x801'5150       0xe  detector_weather.o [1]
  .text                  ro code   0x801'515e       0xe  detector_weather.o [1]
  .text                  ro code   0x801'516c      0x38  detector_weather.o [1]
  .text                  ro code   0x801'51a4       0x2  detector_weather.o [1]
  .text                  ro code   0x801'51a6       0xc  detector_weather.o [1]
  .text                  ro code   0x801'51b2       0xe  detector_weather.o [1]
  .text                  ro code   0x801'51c0       0xc  detector_weather.o [1]
  .text                  ro code   0x801'51cc       0xc  detector_weather.o [1]
  .text                  ro code   0x801'51d8       0x2  detector_weather.o [1]
  .text                  ro code   0x801'51da      0x12  detector_weather.o [1]
  .text                  ro code   0x801'51ec       0x2  detector_weather.o [1]
  .text                  ro code   0x801'51ee       0x4  detector_weather.o [1]
  .text                  ro code   0x801'51f2      0x14  detector_weather.o [1]
  .text                  ro code   0x801'5206      0x20  detector_weather.o [1]
  .text                  ro code   0x801'5226       0xc  detector_weather.o [1]
  .text                  ro code   0x801'5232       0xc  detector_weather.o [1]
  .text                  ro code   0x801'523e       0xc  detector_weather.o [1]
  .text                  ro code   0x801'524a       0xc  detector_weather.o [1]
  .text                  ro code   0x801'5256       0xa  detector_weather.o [1]
  .text                  ro code   0x801'5260       0x2  detector_weather.o [1]
  .text                  ro code   0x801'5262      0x10  detector_weather.o [1]
  .text                  ro code   0x801'5272       0x2  detector_weather.o [1]
  .text                  ro code   0x801'5274      0x28  detector_weather.o [1]
  .text                  ro code   0x801'529c       0xc  detector_weather.o [1]
  .text                  ro code   0x801'52a8      0x1e  detector_weather.o [1]
  .text                  ro code   0x801'52c6      0x34  detector_weather.o [1]
  .text                  ro code   0x801'52fa      0x1a  detector_weather.o [1]
  .text                  ro code   0x801'5314       0x2  detector_weather.o [1]
  .text                  ro code   0x801'5316       0x2  detector_weather.o [1]
  .text                  ro code   0x801'5318       0xc  detector_weather.o [1]
  .text                  ro code   0x801'5324      0x12  detector_weather.o [1]
  .text                  ro code   0x801'5336      0x38  detector_weather.o [1]
  .text                  ro code   0x801'536e      0x12  detector_weather.o [1]
  .text                  ro code   0x801'5380       0x2  detector_weather.o [1]
  .text                  ro code   0x801'5382       0x4  detector_weather.o [1]
  .text                  ro code   0x801'5386      0x3a  detector_weather.o [1]
  .text                  ro code   0x801'53c0      0x22  detector_weather.o [1]
  .text                  ro code   0x801'53e2       0xe  detector_weather.o [1]
  .text                  ro code   0x801'53f0      0x1c  detector_weather.o [1]
  .text                  ro code   0x801'540c       0x2  detector_weather.o [1]
  .text                  ro code   0x801'540e      0x7e  detector_weather.o [1]
  .text                  ro code   0x801'548c      0x22  detector_weather.o [1]
  .text                  ro code   0x801'54ae      0x34  detector_weather.o [1]
  .text                  ro code   0x801'54e2      0x30  detector_weather.o [1]
  .text                  ro code   0x801'5512      0x42  detector_weather.o [1]
  .text                  ro code   0x801'5554      0x38  detector_weather.o [1]
  .text                  ro code   0x801'558c       0x2  detector_weather.o [1]
  .text                  ro code   0x801'558e      0x42  detector_weather.o [1]
  .text                  ro code   0x801'55d0       0x2  detector_weather.o [1]
  .text                  ro code   0x801'55d2       0x2  detector_weather.o [1]
  .text                  ro code   0x801'55d4       0x2  detector_weather.o [1]
  .text                  ro code   0x801'55d6      0x22  detector_weather.o [1]
  .text                  ro code   0x801'55f8       0x4  detector_weather.o [1]
  .text                  ro code   0x801'55fc       0x2  detector_weather.o [1]
  .text                  ro code   0x801'55fe       0x2  detector_weather.o [1]
  .text                  ro code   0x801'5600       0xc  detector_weather.o [1]
  .text                  ro code   0x801'560c      0x24  detector_weather.o [1]
  .text                  ro code   0x801'5630      0x10  detector_weather.o [1]
  .text                  ro code   0x801'5640       0x2  detector_weather.o [1]
  .text                  ro code   0x801'5642       0xc  detector_weather.o [1]
  .text                  ro code   0x801'564e       0x2  detector_weather.o [1]
  .text                  ro code   0x801'5650      0x16  detector_weather.o [1]
  .text                  ro code   0x801'5666       0x2  detector_weather.o [1]
  .text                  ro code   0x801'5668       0x2  detector_weather.o [1]
  .text                  ro code   0x801'566a      0x36  detector_weather.o [1]
  .text                  ro code   0x801'56a0       0x8  detector_weather.o [1]
  .text                  ro code   0x801'56a8      0x1a  detector_weather.o [1]
  .text                  ro code   0x801'56c2      0x32  detector_weather.o [1]
  .text                  ro code   0x801'56f4       0xe  detector_weather.o [1]
  .text                  ro code   0x801'5702      0x1a  detector_weather.o [1]
  .text                  ro code   0x801'571c      0x1e  detector_weather.o [1]
  .text                  ro code   0x801'573a       0xe  detector_weather.o [1]
  .text                  ro code   0x801'5748      0x10  detector_weather.o [1]
  .text                  ro code   0x801'5758      0x32  detector_weather.o [1]
  .text                  ro code   0x801'578a      0x1e  detector_weather.o [1]
  .text                  ro code   0x801'57a8      0x2e  detector_weather.o [1]
  .text                  ro code   0x801'57d6      0xba  detector_weather.o [1]
  .text                  ro code   0x801'5890      0x5a  detector_weather.o [1]
  .text                  ro code   0x801'58ea       0x2  detector_weather.o [1]
  .text                  ro code   0x801'58ec      0x24  detector_weather.o [1]
  .text                  ro code   0x801'5910       0x8  detector_weather.o [1]
  .text                  ro code   0x801'5918       0x8  detector_weather.o [1]
  .text                  ro code   0x801'5920       0x4  detector_weather.o [1]
  .text                  ro code   0x801'5924      0x24  detector_weather.o [1]
  .text                  ro code   0x801'5948       0x2  detector_weather.o [1]
  .text                  ro code   0x801'594a       0xc  detector_weather.o [1]
  .text                  ro code   0x801'5956       0xe  detector_weather.o [1]
  .text                  ro code   0x801'5964      0x12  detector_weather.o [1]
  .text                  ro code   0x801'5976       0x4  detector_weather.o [1]
  .text                  ro code   0x801'597a      0x14  detector_weather.o [1]
  .text                  ro code   0x801'598e       0xe  detector_weather.o [1]
  .text                  ro code   0x801'599c      0x1e  detector_weather.o [1]
  .text                  ro code   0x801'59ba      0x1e  detector_weather.o [1]
  .text                  ro code   0x801'59d8      0x14  detector_weather.o [1]
  .text                  ro code   0x801'59ec       0xe  detector_weather.o [1]
  .text                  ro code   0x801'59fa       0x2  detector_weather.o [1]
  .text                  ro code   0x801'59fc      0x24  detector_weather.o [1]
  .text                  ro code   0x801'5a20      0x10  detector_weather.o [1]
  .text                  ro code   0x801'5a30      0x38  detector_weather.o [1]
  .text                  ro code   0x801'5a68      0x12  detector_weather.o [1]
  .text                  ro code   0x801'5a7a       0xe  detector_weather.o [1]
  .text                  ro code   0x801'5a88       0x2  detector_weather.o [1]
  .text                  ro code   0x801'5a8a      0x32  detector_weather.o [1]
  .text                  ro code   0x801'5abc       0x4  detector_weather.o [1]
  .text                  ro code   0x801'5ac0       0xe  detector_weather.o [1]
  .text                  ro code   0x801'5ace      0x1a  detector_weather.o [1]
  .text                  ro code   0x801'5ae8      0x28  detector_weather.o [1]
  .rodata                const     0x801'5b10     0x500  zngvert.o [1]
  .rodata                const     0x801'6010      0x5c  console.o [1]
  .rodata                const     0x801'6070     0x420  pow64.o [4]
  .text                  ro code   0x801'6490     0x2a0  stm32f3xx_it.o [1]
  .text                  ro code   0x801'6730      0x18  stm32f3xx_hal.o [1]
  .rodata                const     0x801'6748      0x80  console.o [1]
  .rodata                const     0x801'67c8      0x80  console.o [1]
  .text                  ro code   0x801'6848      0x78  lz77_init_single.o [5]
  .rodata                const     0x801'68c0      0x50  transfer.o [1]
  .rodata                const     0x801'6910      0x38  transfer.o [1]
  .rodata                const     0x801'6948      0x34  console.o [1]
  .rodata                const     0x801'697c      0x34  console.o [1]
  .rodata                const     0x801'69b0      0x34  transfer.o [1]
  .rodata                const     0x801'69e4      0x30  console.o [1]
  .rodata                const     0x801'6a14      0x30  console.o [1]
  .rodata                const     0x801'6a44      0x2c  console.o [1]
  .rodata                const     0x801'6a70      0x28  OneWire.o [1]
  .text                  ro code   0x801'6a98      0x28  data_init.o [5]
  .rodata                const     0x801'6ac0      0x24  console.o [1]
  .text                  ro code   0x801'6ae4      0x22  fpinit_M.o [4]
  .iar.init_table        const     0x801'6b08      0x24  - Linker created -
  .rodata                const     0x801'6b2c      0x20  console.o [1]
  .rodata                const     0x801'6b4c      0x20  OneWire.o [1]
  .text                  ro code   0x801'6b6c      0x20  cmain_call_ctors.o [5]
  .text                  ro code   0x801'6b8c      0x18  cppinit.o [2]
  .text                  ro code   0x801'6ba4      0x1e  cmain.o [5]
  .text                  ro code   0x801'6bc2       0x4  low_level_init.o [2]
  .text                  ro code   0x801'6bc6       0x4  exit.o [2]
  .text                  ro code   0x801'6bcc       0xa  cexit.o [5]
  .rodata                const     0x801'6bd8      0x1c  console.o [1]
  .rodata                const     0x801'6bf4      0x1c  console.o [1]
  .text                  ro code   0x801'6c10      0x1c  system_stm32f3xx.o [1]
  .rodata                const     0x801'6c2c      0x18  console.o [1]
  .rodata                const     0x801'6c44      0x14  console.o [1]
  .rodata                const     0x801'6c58      0x14  console.o [1]
  .rodata                const     0x801'6c6c      0x14  console.o [1]
  .rodata                const     0x801'6c80      0x14  console.o [1]
  .rodata                const     0x801'6c94      0x14  console.o [1]
  .rodata                const     0x801'6ca8      0x14  console.o [1]
  .rodata                const     0x801'6cbc      0x14  console.o [1]
  .rodata                const     0x801'6cd0      0x14  heating.o [1]
  .rodata                const     0x801'6ce4      0x14  heating.o [1]
  .rodata                const     0x801'6cf8      0x14  transfer.o [1]
  .rodata                const     0x801'6d0c      0x14  transfer.o [1]
  .rodata                const     0x801'6d20      0x14  transfer.o [1]
  .rodata                const     0x801'6d34      0x10  algorithm_contamination.o [1]
  .rodata                const     0x801'6d44      0x10  console.o [1]
  .rodata                const     0x801'6d54      0x10  console.o [1]
  .rodata                const     0x801'6d64      0x10  console.o [1]
  .rodata                const     0x801'6d74      0x10  console.o [1]
  .rodata                const     0x801'6d84      0x10  console.o [1]
  .rodata                const     0x801'6d94      0x10  console.o [1]
  .rodata                const     0x801'6da4      0x10  console.o [1]
  .rodata                const     0x801'6db4      0x10  console.o [1]
  .rodata                const     0x801'6dc4      0x10  console.o [1]
  .rodata                const     0x801'6dd4      0x10  console.o [1]
  .rodata                const     0x801'6de4      0x10  console.o [1]
  .rodata                const     0x801'6df4      0x10  console.o [1]
  .rodata                const     0x801'6e04      0x10  console.o [1]
  .rodata                const     0x801'6e14      0x10  console.o [1]
  .rodata                const     0x801'6e24      0x10  console.o [1]
  .rodata                const     0x801'6e34      0x10  console.o [1]
  .rodata                const     0x801'6e44      0x10  console.o [1]
  .rodata                const     0x801'6e54      0x10  console.o [1]
  .rodata                const     0x801'6e64      0x10  console.o [1]
  .rodata                const     0x801'6e74      0x10  heating.o [1]
  .rodata                const     0x801'6e84      0x10  main.o [1]
  .rodata                const     0x801'6e94      0x10  main.o [1]
  .rodata                const     0x801'6ea4      0x10  main.o [1]
  .rodata                const     0x801'6eb4      0x10  main.o [1]
  .rodata                const     0x801'6ec4      0x10  memory.o [1]
  .rodata                const     0x801'6ed4      0x10  stm32f3xx_hal_rcc.o [1]
  .rodata                const     0x801'6ee4      0x10  stm32f3xx_hal_rcc.o [1]
  .rodata                const     0x801'6ef4      0x10  stm32f3xx_it.o [1]
  .rodata                const     0x801'6f04      0x10  system_stm32f3xx.o [1]
  .rodata                const     0x801'6f14      0x10  transfer.o [1]
  .rodata                const     0x801'6f24      0x10  transfer.o [1]
  .text                  ro code   0x801'6f34      0x10  startup_stm32f303xe.o [1]
  .rodata                const     0x801'6f44       0xc  algorithm_contamination.o [1]
  .rodata                const     0x801'6f50       0xc  algorithm_contamination.o [1]
  .rodata                const     0x801'6f5c       0xc  command_processing.o [1]
  .rodata                const     0x801'6f68       0xc  command_processing.o [1]
  .rodata                const     0x801'6f74       0xc  console.o [1]
  .rodata                const     0x801'6f80       0xc  console.o [1]
  .rodata                const     0x801'6f8c       0xc  console.o [1]
  .rodata                const     0x801'6f98       0xc  console.o [1]
  .rodata                const     0x801'6fa4       0xc  console.o [1]
  .rodata                const     0x801'6fb0       0xc  console.o [1]
  .rodata                const     0x801'6fbc       0xc  console.o [1]
  .rodata                const     0x801'6fc8       0xc  console.o [1]
  .rodata                const     0x801'6fd4       0xc  console.o [1]
  .rodata                const     0x801'6fe0       0xc  console.o [1]
  .rodata                const     0x801'6fec       0xc  console.o [1]
  .rodata                const     0x801'6ff8       0xc  console.o [1]
  .rodata                const     0x801'7004       0xc  console.o [1]
  .rodata                const     0x801'7010       0xc  console.o [1]
  .rodata                const     0x801'701c       0xc  console.o [1]
  .rodata                const     0x801'7028       0xc  console.o [1]
  .rodata                const     0x801'7034       0xc  console.o [1]
  .rodata                const     0x801'7040       0xc  console.o [1]
  .rodata                const     0x801'704c       0xc  console.o [1]
  .rodata                const     0x801'7058       0xc  console.o [1]
  .rodata                const     0x801'7064       0xc  console.o [1]
  .rodata                const     0x801'7070       0xc  console.o [1]
  .rodata                const     0x801'707c       0xc  console.o [1]
  .rodata                const     0x801'7088       0xc  console.o [1]
  .rodata                const     0x801'7094       0xc  console.o [1]
  .rodata                const     0x801'70a0       0xc  console.o [1]
  .rodata                const     0x801'70ac       0xc  console.o [1]
  .rodata                const     0x801'70b8       0xc  console.o [1]
  .rodata                const     0x801'70c4       0xc  console.o [1]
  .rodata                const     0x801'70d0       0xc  heating.o [1]
  .rodata                const     0x801'70dc       0xc  heating.o [1]
  .rodata                const     0x801'70e8       0xc  heating.o [1]
  .rodata                const     0x801'70f4       0xc  heating.o [1]
  .rodata                const     0x801'7100       0xc  main.o [1]
  .rodata                const     0x801'710c       0xc  main.o [1]
  .rodata                const     0x801'7118       0xc  main.o [1]
  .rodata                const     0x801'7124       0xc  main.o [1]
  .rodata                const     0x801'7130       0xc  main.o [1]
  .rodata                const     0x801'713c       0xc  main.o [1]
  .rodata                const     0x801'7148       0xc  main.o [1]
  .rodata                const     0x801'7154       0xc  main.o [1]
  .rodata                const     0x801'7160       0xc  memory.o [1]
  .rodata                const     0x801'716c       0xc  memory.o [1]
  .rodata                const     0x801'7178       0xc  OneWire.o [1]
  .rodata                const     0x801'7184       0xc  transfer.o [1]
  .text                  ro code   0x801'7190       0xc  cstartup_M.o [5]
  .rodata                const     0x801'719c       0x8  algorithm_contamination.o [1]
  .rodata                const     0x801'71a4       0x8  algorithm_contamination.o [1]
  .rodata                const     0x801'71ac       0x8  command_processing.o [1]
  .rodata                const     0x801'71b4       0x8  command_processing.o [1]
  .rodata                const     0x801'71bc       0x8  command_processing.o [1]
  .rodata                const     0x801'71c4       0x8  command_processing.o [1]
  .rodata                const     0x801'71cc       0x8  command_processing.o [1]
  .rodata                const     0x801'71d4       0x8  command_processing.o [1]
  .rodata                const     0x801'71dc       0x8  console.o [1]
  .rodata                const     0x801'71e4       0x8  console.o [1]
  .rodata                const     0x801'71ec       0x8  console.o [1]
  .rodata                const     0x801'71f4       0x8  console.o [1]
  .rodata                const     0x801'71fc       0x8  console.o [1]
  .rodata                const     0x801'7204       0x8  console.o [1]
  .rodata                const     0x801'720c       0x8  console.o [1]
  .rodata                const     0x801'7214       0x8  console.o [1]
  .rodata                const     0x801'721c       0x8  console.o [1]
  .rodata                const     0x801'7224       0x8  console.o [1]
  .rodata                const     0x801'722c       0x8  console.o [1]
  .rodata                const     0x801'7234       0x8  console.o [1]
  .rodata                const     0x801'723c       0x8  console.o [1]
  .rodata                const     0x801'7244       0x8  console.o [1]
  .rodata                const     0x801'724c       0x8  console.o [1]
  .rodata                const     0x801'7254       0x8  console.o [1]
  .rodata                const     0x801'725c       0x8  console.o [1]
  .rodata                const     0x801'7264       0x8  console.o [1]
  .rodata                const     0x801'726c       0x8  console.o [1]
  .rodata                const     0x801'7274       0x8  console.o [1]
  .rodata                const     0x801'727c       0x8  console.o [1]
  .rodata                const     0x801'7284       0x8  console.o [1]
  .rodata                const     0x801'728c       0x8  console.o [1]
  .rodata                const     0x801'7294       0x8  console.o [1]
  .rodata                const     0x801'729c       0x8  console.o [1]
  .rodata                const     0x801'72a4       0x8  console.o [1]
  .rodata                const     0x801'72ac       0x8  console.o [1]
  .rodata                const     0x801'72b4       0x8  console.o [1]
  .rodata                const     0x801'72bc       0x8  console.o [1]
  .rodata                const     0x801'72c4       0x8  console.o [1]
  .rodata                const     0x801'72cc       0x8  console.o [1]
  .rodata                const     0x801'72d4       0x8  console.o [1]
  .rodata                const     0x801'72dc       0x8  console.o [1]
  .rodata                const     0x801'72e4       0x8  console.o [1]
  .rodata                const     0x801'72ec       0x8  console.o [1]
  .rodata                const     0x801'72f4       0x8  console.o [1]
  .rodata                const     0x801'72fc       0x8  console.o [1]
  .rodata                const     0x801'7304       0x8  console.o [1]
  .rodata                const     0x801'730c       0x8  console.o [1]
  .rodata                const     0x801'7314       0x8  console.o [1]
  .rodata                const     0x801'731c       0x8  console.o [1]
  .rodata                const     0x801'7324       0x8  console.o [1]
  .rodata                const     0x801'732c       0x8  console.o [1]
  .rodata                const     0x801'7334       0x8  console.o [1]
  .rodata                const     0x801'733c       0x8  console.o [1]
  .rodata                const     0x801'7344       0x8  console.o [1]
  .rodata                const     0x801'734c       0x8  console.o [1]
  .rodata                const     0x801'7354       0x8  console.o [1]
  .rodata                const     0x801'735c       0x8  console.o [1]
  .rodata                const     0x801'7364       0x8  console.o [1]
  .rodata                const     0x801'736c       0x8  console.o [1]
  .rodata                const     0x801'7374       0x8  console.o [1]
  .rodata                const     0x801'737c       0x8  console.o [1]
  .rodata                const     0x801'7384       0x8  console.o [1]
  .rodata                const     0x801'738c       0x8  console.o [1]
  .rodata                const     0x801'7394       0x8  heating.o [1]
  .rodata                const     0x801'739c       0x8  heating.o [1]
  .rodata                const     0x801'73a4       0x8  heating.o [1]
  .rodata                const     0x801'73ac       0x8  heating.o [1]
  .rodata                const     0x801'73b4       0x8  main.o [1]
  .rodata                const     0x801'73bc       0x8  main.o [1]
  .rodata                const     0x801'73c4       0x8  main.o [1]
  .rodata                const     0x801'73cc       0x8  main.o [1]
  .rodata                const     0x801'73d4       0x8  main.o [1]
  .rodata                const     0x801'73dc       0x8  main.o [1]
  .rodata                const     0x801'73e4       0x8  main.o [1]
  .rodata                const     0x801'73ec       0x8  main.o [1]
  .rodata                const     0x801'73f4       0x8  main.o [1]
  .rodata                const     0x801'73fc       0x8  main.o [1]
  .rodata                const     0x801'7404       0x8  main.o [1]
  .rodata                const     0x801'740c       0x8  main.o [1]
  .rodata                const     0x801'7414       0x8  main.o [1]
  .rodata                const     0x801'741c       0x8  main.o [1]
  .rodata                const     0x801'7424       0x8  main.o [1]
  .rodata                const     0x801'742c       0x8  main.o [1]
  .rodata                const     0x801'7434       0x8  memory.o [1]
  .rodata                const     0x801'743c       0x8  memory.o [1]
  .rodata                const     0x801'7444       0x8  OneWire.o [1]
  .rodata                const     0x801'744c       0x8  stm32f3xx_it.o [1]
  .rodata                const     0x801'7454       0x8  system_stm32f3xx.o [1]
  .rodata                const     0x801'745c       0x8  transfer.o [1]
  .rodata                const     0x801'7464       0x8  transfer.o [1]
  .rodata                const     0x801'746c       0x8  transfer.o [1]
  .rodata                const     0x801'7474       0x8  transfer.o [1]
  .rodata                const     0x801'747c       0x8  transfer.o [1]
  .rodata                const     0x801'7484       0x8  usart.o [1]
  SHT$$PREINIT_ARRAY               0x801'748c       0x0  <Block>
  SHT$$INIT_ARRAY                  0x801'748c       0x8  <Block>
    .init_array          const     0x801'748c       0x4  detector_weather.o [1]
    .init_array          const     0x801'7490       0x4  usart.o [1]
  __iar_tls$$INIT_ARRAY            0x801'7494       0x0  <Block>
  .text                  ro code   0x801'7494       0x4  startup_stm32f303xe.o [1]
  .text                  ro code   0x801'7498       0x4  startup_stm32f303xe.o [1]
  .text                  ro code   0x801'749c       0x4  startup_stm32f303xe.o [1]
  .text                  ro code   0x801'74a0       0x4  startup_stm32f303xe.o [1]
  .text                  ro code   0x801'74a4       0x4  startup_stm32f303xe.o [1]
  .text                  ro code   0x801'74a8       0x4  startup_stm32f303xe.o [1]
  .text                  ro code   0x801'74ac       0x4  startup_stm32f303xe.o [1]
  .text                  ro code   0x801'74b0       0x4  startup_stm32f303xe.o [1]
  .text                  ro code   0x801'74b4       0x4  startup_stm32f303xe.o [1]
  .text                  ro code   0x801'74b8       0x4  startup_stm32f303xe.o [1]
  .text                  ro code   0x801'74bc       0x4  startup_stm32f303xe.o [1]
  .text                  ro code   0x801'74c0       0x4  startup_stm32f303xe.o [1]
  .text                  ro code   0x801'74c4       0x4  startup_stm32f303xe.o [1]
  .text                  ro code   0x801'74c8       0x4  startup_stm32f303xe.o [1]
  .text                  ro code   0x801'74cc       0x4  startup_stm32f303xe.o [1]
  .text                  ro code   0x801'74d0       0x4  startup_stm32f303xe.o [1]
  .text                  ro code   0x801'74d4       0x4  startup_stm32f303xe.o [1]
  .text                  ro code   0x801'74d8       0x4  startup_stm32f303xe.o [1]
  .text                  ro code   0x801'74dc       0x4  startup_stm32f303xe.o [1]
  .text                  ro code   0x801'74e0       0x4  startup_stm32f303xe.o [1]
  .text                  ro code   0x801'74e4       0x4  startup_stm32f303xe.o [1]
  .text                  ro code   0x801'74e8       0x4  startup_stm32f303xe.o [1]
  .text                  ro code   0x801'74ec       0x4  startup_stm32f303xe.o [1]
  .text                  ro code   0x801'74f0       0x4  startup_stm32f303xe.o [1]
  .text                  ro code   0x801'74f4       0x4  startup_stm32f303xe.o [1]
  .text                  ro code   0x801'74f8       0x4  startup_stm32f303xe.o [1]
  .text                  ro code   0x801'74fc       0x4  startup_stm32f303xe.o [1]
  .text                  ro code   0x801'7500       0x4  startup_stm32f303xe.o [1]
  .text                  ro code   0x801'7504       0x4  startup_stm32f303xe.o [1]
  .text                  ro code   0x801'7508       0x4  startup_stm32f303xe.o [1]
  .text                  ro code   0x801'750c       0x4  startup_stm32f303xe.o [1]
  .text                  ro code   0x801'7510       0x4  startup_stm32f303xe.o [1]
  .text                  ro code   0x801'7514       0x4  startup_stm32f303xe.o [1]
  .text                  ro code   0x801'7518       0x4  startup_stm32f303xe.o [1]
  .text                  ro code   0x801'751c       0x4  startup_stm32f303xe.o [1]
  .text                  ro code   0x801'7520       0x4  startup_stm32f303xe.o [1]
  .text                  ro code   0x801'7524       0x4  startup_stm32f303xe.o [1]
  .text                  ro code   0x801'7528       0x4  startup_stm32f303xe.o [1]
  .text                  ro code   0x801'752c       0x4  startup_stm32f303xe.o [1]
  .text                  ro code   0x801'7530       0x4  startup_stm32f303xe.o [1]
  .text                  ro code   0x801'7534       0x4  startup_stm32f303xe.o [1]
  .text                  ro code   0x801'7538       0x4  startup_stm32f303xe.o [1]
  .text                  ro code   0x801'753c       0x4  startup_stm32f303xe.o [1]
  .text                  ro code   0x801'7540       0x4  startup_stm32f303xe.o [1]
  .text                  ro code   0x801'7544       0x4  startup_stm32f303xe.o [1]
  .text                  ro code   0x801'7548       0x4  startup_stm32f303xe.o [1]
  .text                  ro code   0x801'754c       0x4  startup_stm32f303xe.o [1]
  .text                  ro code   0x801'7550       0x4  startup_stm32f303xe.o [1]
  .text                  ro code   0x801'7554       0x4  startup_stm32f303xe.o [1]
  .text                  ro code   0x801'7558       0x4  startup_stm32f303xe.o [1]
  .text                  ro code   0x801'755c       0x4  startup_stm32f303xe.o [1]
  .text                  ro code   0x801'7560       0x4  startup_stm32f303xe.o [1]
  .text                  ro code   0x801'7564       0x4  startup_stm32f303xe.o [1]
  .text                  ro code   0x801'7568       0x4  startup_stm32f303xe.o [1]
  .text                  ro code   0x801'756c       0x4  startup_stm32f303xe.o [1]
  .text                  ro code   0x801'7570       0x4  startup_stm32f303xe.o [1]
  .text                  ro code   0x801'7574       0x4  startup_stm32f303xe.o [1]
  .text                  ro code   0x801'7578       0x4  startup_stm32f303xe.o [1]
  .text                  ro code   0x801'757c       0x4  startup_stm32f303xe.o [1]
  .text                  ro code   0x801'7580       0x4  startup_stm32f303xe.o [1]
  .text                  ro code   0x801'7584       0x4  startup_stm32f303xe.o [1]
  .text                  ro code   0x801'7588       0x4  startup_stm32f303xe.o [1]
  .text                  ro code   0x801'758c       0x4  startup_stm32f303xe.o [1]
  .text                  ro code   0x801'7590       0x4  startup_stm32f303xe.o [1]
  .text                  ro code   0x801'7594       0x4  startup_stm32f303xe.o [1]
  .text                  ro code   0x801'7598       0x4  startup_stm32f303xe.o [1]
  .rodata                const     0x801'759c       0x0  zero_init3.o [5]
  .rodata                const     0x801'759c       0x0  lz77_init_single.o [5]
                                 - 0x801'759c  0x1'7408

"P1", part 2 of 3:                                  0x3
  .rodata                uninit    0x801'759c       0x1  detector_weather.o [1]
  .rodata                uninit    0x801'759d       0x1  detector_weather.o [1]
  .rodata                uninit    0x801'759e       0x1  detector_weather.o [1]
                                 - 0x801'759f       0x3

"P1", part 3 of 3:                                0x10e
  Initializer bytes      const     0x801'759f     0x10e  <for P2-1>
                                 - 0x801'76ad     0x10e

"P2", part 1 of 3:                                0x2e4
  P2-1                            0x2000'0000     0x2e4  <Init block>
    .data                inited   0x2000'0000      0x80  approximation.o [1]
    .data                inited   0x2000'0080      0x80  approximation.o [1]
    .data                inited   0x2000'0100      0x20  console.o [1]
    .data                inited   0x2000'0120      0x20  main.o [1]
    .data                inited   0x2000'0140      0x20  main.o [1]
    .data                inited   0x2000'0160      0x50  main.o [1]
    .data                inited   0x2000'01b0       0x8  main.o [1]
    .data                inited   0x2000'01b8      0x50  push_pop.o [1]
    .data                inited   0x2000'0208       0x4  approximation.o [1]
    .data                inited   0x2000'020c       0x4  console.o [1]
    .data                inited   0x2000'0210       0x4  console.o [1]
    .data                inited   0x2000'0214       0x4  console.o [1]
    .data                inited   0x2000'0218       0x4  console.o [1]
    .data                inited   0x2000'021c       0x4  detector_weather.o [1]
    .data                inited   0x2000'0220       0x8  detector_weather.o [1]
    .data                inited   0x2000'0228       0x4  detector_weather.o [1]
    .data                inited   0x2000'022c       0x4  heating.o [1]
    .data                inited   0x2000'0230       0x4  heating.o [1]
    .data                inited   0x2000'0234       0x4  heating.o [1]
    .data                inited   0x2000'0238       0x4  heating.o [1]
    .data                inited   0x2000'023c       0x4  main.o [1]
    .data                inited   0x2000'0240       0x4  main.o [1]
    .data                inited   0x2000'0244       0x4  OneWire.o [1]
    .data                inited   0x2000'0248       0x4  stm32f3xx_hal.o [1]
    .data                inited   0x2000'024c       0x4  system_stm32f3xx.o [1]
    .data                inited   0x2000'0250       0x4  transfer.o [1]
    .data                inited   0x2000'0254      0x38  xlocale_c.o [2]
    .data                inited   0x2000'028c      0x48  xlocale_c.o [2]
    .data                inited   0x2000'02d4       0x2  main.o [1]
    .data                inited   0x2000'02d6       0x2  main.o [1]
    .data                inited   0x2000'02d8       0x2  usart.o [1]
    .data                inited   0x2000'02da       0x1  approximation.o [1]
    .data                inited   0x2000'02db       0x1  console.o [1]
    .data                inited   0x2000'02dc       0x1  heating.o [1]
    .data                inited   0x2000'02dd       0x1  main.o [1]
    .data                inited   0x2000'02de       0x1  memory.o [1]
    .data                inited   0x2000'02df       0x1  stm32f3xx_hal.o [1]
    .data                inited   0x2000'02e0       0x1  transfer.o [1]
    .data                inited   0x2000'02e1       0x1  transfer.o [1]
    .data                inited   0x2000'02e2       0x1  transfer.o [1]
    .data                inited   0x2000'02e3       0x1  usart.o [1]
                                - 0x2000'02e4     0x2e4

"P2", part 2 of 3:                               0x53f0
  .bss                   zero     0x2000'02e4    0x4740  main.o [1]
  .bss                   zero     0x2000'4a24     0x1d8  dlmalloc.o [2]
  .bss                   zero     0x2000'4bfc     0x10c  main.o [1]
  .bss                   zero     0x2000'4d08     0x10c  usart.o [1]
  .bss                   zero     0x2000'4e14     0x100  main.o [1]
  .bss                   zero     0x2000'4f14      0x88  usart.o [1]
  .bss                   zero     0x2000'4f9c      0x88  usart.o [1]
  .bss                   zero     0x2000'5024      0x88  usart.o [1]
  .bss                   zero     0x2000'50b0      0x60  usart.o [1]
  .bss                   zero     0x2000'5110      0x58  detector_weather.o [1]
  .bss                   zero     0x2000'5168      0x54  i2c.o [1]
  .bss                   zero     0x2000'51bc      0x54  i2c.o [1]
  .bss                   zero     0x2000'5210      0x4c  tim.o [1]
  .bss                   zero     0x2000'525c      0x4c  tim.o [1]
  .bss                   zero     0x2000'52a8      0x4c  tim.o [1]
  .bss                   zero     0x2000'52f4      0x28  hcms.o [1]
  .bss                   zero     0x2000'531c      0x24  OneWire.o [1]
  .bss                   zero     0x2000'5340      0x20  usart.o [1]
  .bss                   zero     0x2000'5360      0x20  usart.o [1]
  .bss                   zero     0x2000'5380      0x18  dlmalloc.o [2]
  .bss                   zero     0x2000'5398      0x14  detector_weather.o [1]
  .bss                   zero     0x2000'53ac      0x14  detector_weather.o [1]
  .bss                   zero     0x2000'53c0      0x14  detector_weather.o [1]
  .bss                   zero     0x2000'53d4      0x14  detector_weather.o [1]
  .bss                   zero     0x2000'53e8      0x14  detector_weather.o [1]
  .bss                   zero     0x2000'53fc      0x14  detector_weather.o [1]
  .bss                   zero     0x2000'5410      0x14  detector_weather.o [1]
  .bss                   zero     0x2000'5424      0x14  detector_weather.o [1]
  .bss                   zero     0x2000'5438      0x14  detector_weather.o [1]
  .bss                   zero     0x2000'544c      0x14  detector_weather.o [1]
  .bss                   zero     0x2000'5460      0x14  detector_weather.o [1]
  .bss                   zero     0x2000'5474      0x14  detector_weather.o [1]
  .bss                   zero     0x2000'5488      0x14  detector_weather.o [1]
  .bss                   zero     0x2000'549c      0x14  detector_weather.o [1]
  .bss                   zero     0x2000'54b0      0x14  detector_weather.o [1]
  .bss                   zero     0x2000'54c4      0x14  detector_weather.o [1]
  .bss                   zero     0x2000'54d8      0x14  detector_weather.o [1]
  .bss                   zero     0x2000'54ec      0x14  detector_weather.o [1]
  .bss                   zero     0x2000'5500      0x14  detector_weather.o [1]
  .bss                   zero     0x2000'5514      0x14  detector_weather.o [1]
  .bss                   zero     0x2000'5528      0x14  detector_weather.o [1]
  .bss                   zero     0x2000'553c      0x14  detector_weather.o [1]
  .bss                   zero     0x2000'5550      0x14  detector_weather.o [1]
  .bss                   zero     0x2000'5564      0x14  detector_weather.o [1]
  .bss                   zero     0x2000'5578      0x14  OneWire.o [1]
  .bss                   zero     0x2000'558c      0x10  iwdg.o [1]
  .bss                   zero     0x2000'559c       0xc  detector_weather.o [1]
  .bss                   zero     0x2000'55a8       0xc  detector_weather.o [1]
  .bss                   zero     0x2000'55b4       0xc  detector_weather.o [1]
  .bss                   zero     0x2000'55c0       0xc  detector_weather.o [1]
  .bss                   zero     0x2000'55cc       0xc  OneWire.o [1]
  .bss                   zero     0x2000'55d8       0x8  algorithm_contamination.o [1]
  .bss                   zero     0x2000'55e0       0x8  algorithm_contamination.o [1]
  .bss                   zero     0x2000'55e8       0x8  algorithm_contamination.o [1]
  .bss                   zero     0x2000'55f0       0x8  approximation.o [1]
  .bss                   zero     0x2000'55f8       0x8  main.o [1]
  .bss                   zero     0x2000'5600       0x8  main.o [1]
  .bss                   zero     0x2000'5608       0x4  algorithm_contamination.o [1]
  .bss                   zero     0x2000'560c       0x4  approximation.o [1]
  .bss                   zero     0x2000'5610       0x4  console.o [1]
  .bss                   zero     0x2000'5614       0x4  console.o [1]
  .bss                   zero     0x2000'5618       0x4  console.o [1]
  .bss                   zero     0x2000'561c       0x4  console.o [1]
  .bss                   zero     0x2000'5620       0x4  detector_weather.o [1]
  .bss                   zero     0x2000'5624       0x4  detector_weather.o [1]
  .bss                   zero     0x2000'5628       0x4  detector_weather.o [1]
  .bss                   zero     0x2000'562c       0x4  detector_weather.o [1]
  .bss                   zero     0x2000'5630       0x4  detector_weather.o [1]
  .bss                   zero     0x2000'5634       0x4  detector_weather.o [1]
  .bss                   zero     0x2000'5638       0x4  detector_weather.o [1]
  .bss                   zero     0x2000'563c       0x4  main.o [1]
  .bss                   zero     0x2000'5640       0x4  main.o [1]
  .bss                   zero     0x2000'5644       0x4  main.o [1]
  .bss                   zero     0x2000'5648       0x4  main.o [1]
  .bss                   zero     0x2000'564c       0x4  main.o [1]
  .bss                   zero     0x2000'5650       0x4  main.o [1]
  .bss                   zero     0x2000'5654       0x4  main.o [1]
  .bss                   zero     0x2000'5658       0x4  main.o [1]
  .bss                   zero     0x2000'565c       0x4  main.o [1]
  .bss                   zero     0x2000'5660       0x4  OneWire.o [1]
  .bss                   zero     0x2000'5664       0x4  OneWire.o [1]
  .bss                   zero     0x2000'5668       0x4  OneWire.o [1]
  .bss                   zero     0x2000'566c       0x4  stm32f3xx_hal.o [1]
  .bss                   zero     0x2000'5670       0x4  transfer.o [1]
  .bss                   zero     0x2000'5674       0x4  usart.o [1]
  .bss                   zero     0x2000'5678       0x4  usart.o [1]
  .bss                   zero     0x2000'567c       0x4  new.o [3]
  .bss                   zero     0x2000'5680       0x4  xgetmemchunk.o [2]
  .bss                   zero     0x2000'5684       0x4  xfail_s.o [2]
  .bss                   zero     0x2000'5688       0x2  detector_weather.o [1]
  .bss                   zero     0x2000'568a       0x2  detector_weather.o [1]
  .bss                   zero     0x2000'568c       0x2  detector_weather.o [1]
  .bss                   zero     0x2000'568e       0x2  detector_weather.o [1]
  .bss                   zero     0x2000'5690       0x2  detector_weather.o [1]
  .bss                   zero     0x2000'5692       0x2  i2c.o [1]
  .bss                   zero     0x2000'5694       0x2  main.o [1]
  .bss                   zero     0x2000'5696       0x2  main.o [1]
  .bss                   zero     0x2000'5698       0x2  OneWire.o [1]
  .bss                   zero     0x2000'569a       0x2  termo.o [1]
  .bss                   zero     0x2000'569c       0x1  algorithm_contamination.o [1]
  .bss                   zero     0x2000'569d       0x1  algorithm_contamination.o [1]
  .bss                   zero     0x2000'569e       0x1  command_processing.o [1]
  .bss                   zero     0x2000'569f       0x1  command_processing.o [1]
  .bss                   zero     0x2000'56a0       0x1  console.o [1]
  .bss                   zero     0x2000'56a1       0x1  console.o [1]
  .bss                   zero     0x2000'56a2       0x1  console.o [1]
  .bss                   zero     0x2000'56a3       0x1  console.o [1]
  .bss                   zero     0x2000'56a4       0x1  detector_weather.o [1]
  .bss                   zero     0x2000'56a5       0x1  detector_weather.o [1]
  .bss                   zero     0x2000'56a6       0x1  detector_weather.o [1]
  .bss                   zero     0x2000'56a7       0x1  detector_weather.o [1]
  .bss                   zero     0x2000'56a8       0x1  detector_weather.o [1]
  .bss                   zero     0x2000'56a9       0x1  detector_weather.o [1]
  .bss                   zero     0x2000'56aa       0x1  detector_weather.o [1]
  .bss                   zero     0x2000'56ab       0x1  detector_weather.o [1]
  .bss                   zero     0x2000'56ac       0x1  detector_weather.o [1]
  .bss                   zero     0x2000'56ad       0x1  heating.o [1]
  .bss                   zero     0x2000'56ae       0x1  main.o [1]
  .bss                   zero     0x2000'56af       0x1  main.o [1]
  .bss                   zero     0x2000'56b0       0x1  main.o [1]
  .bss                   zero     0x2000'56b1       0x1  main.o [1]
  .bss                   zero     0x2000'56b2       0x1  main.o [1]
  .bss                   zero     0x2000'56b3       0x1  main.o [1]
  .bss                   zero     0x2000'56b4       0x1  main.o [1]
  .bss                   zero     0x2000'56b5       0x1  main.o [1]
  .bss                   zero     0x2000'56b6       0x1  main.o [1]
  .bss                   zero     0x2000'56b7       0x1  main.o [1]
  .bss                   zero     0x2000'56b8       0x1  main.o [1]
  .bss                   zero     0x2000'56b9       0x1  main.o [1]
  .bss                   zero     0x2000'56ba       0x1  main.o [1]
  .bss                   zero     0x2000'56bb       0x1  main.o [1]
  .bss                   zero     0x2000'56bc       0x1  main.o [1]
  .bss                   zero     0x2000'56bd       0x1  main.o [1]
  .bss                   zero     0x2000'56be       0x1  main.o [1]
  .bss                   zero     0x2000'56bf       0x1  main.o [1]
  .bss                   zero     0x2000'56c0       0x1  main.o [1]
  .bss                   zero     0x2000'56c1       0x1  main.o [1]
  .bss                   zero     0x2000'56c2       0x1  main.o [1]
  .bss                   zero     0x2000'56c3       0x1  main.o [1]
  .bss                   zero     0x2000'56c4       0x1  main.o [1]
  .bss                   zero     0x2000'56c5       0x1  main.o [1]
  .bss                   zero     0x2000'56c6       0x1  main.o [1]
  .bss                   zero     0x2000'56c7       0x1  OneWire.o [1]
  .bss                   zero     0x2000'56c8       0x1  OneWire.o [1]
  .bss                   zero     0x2000'56c9       0x1  push_pop.o [1]
  .bss                   zero     0x2000'56ca       0x1  push_pop.o [1]
  .bss                   zero     0x2000'56cb       0x1  transfer.o [1]
  .bss                   zero     0x2000'56cc       0x1  transfer.o [1]
  .bss                   zero     0x2000'56cd       0x1  transfer.o [1]
  .bss                   zero     0x2000'56ce       0x1  transfer.o [1]
  .bss                   zero     0x2000'56cf       0x1  transfer.o [1]
  .bss                   zero     0x2000'56d0       0x1  transfer.o [1]
  .bss                   zero     0x2000'56d1       0x1  transfer.o [1]
  .bss                   zero     0x2000'56d2       0x1  transfer.o [1]
  .bss                   zero     0x2000'56d3       0x1  transfer.o [1]
                                - 0x2000'56d4    0x53f0

"P2", part 3 of 3:                               0xa000
  CSTACK                          0x2000'56d8    0x8000  <Block>
    CSTACK               uninit   0x2000'56d8    0x8000  <Block tail>
  HEAP                            0x2000'd6d8    0x2000  <Block>
    HEAP                 uninit   0x2000'd6d8    0x2000  <Block tail>
                                - 0x2000'f6d8    0xa000

Unused ranges:

         From           To      Size
         ----           --      ----
   0x801'76ad   0x807'ffff  0x6'8953
  0x2000'56d4  0x2000'56d7       0x4
  0x2000'f6d8  0x2000'ffff     0x928


*******************************************************************************
*** INIT TABLE
***

          Address      Size
          -------      ----
Zero (__iar_zero_init3)
    1 destination range, total size 0x53f0:
          0x2000'02e4  0x53f0

Copy/lz77 (__iar_lz77_init_single3)
    1 source range, total size 0x10e (36% of destination):
           0x801'759f   0x10e
    1 destination range, total size 0x2e4:
          0x2000'0000   0x2e4

Extra (__iar_cstart_call_ctors)



*******************************************************************************
*** MODULE SUMMARY
***

    Module                     ro code  ro data  rw data
    ------                     -------  -------  -------
command line/config:
    ----------------------------------------------------
    Total:

E:\project\6266_test\befor_boot\approximation\6266.01.05.300_dpg\EWARM\6266.01.05.300_dpg\Obj: [1]
    OneWire.o                    1'912       94       88
    algorithm_contamination.o      664       56       30
    approximation.o                520       95      273
    command_processing.o         1'192       72        2
    console.o                   15'004    1'991       69
    detector_weather.o          15'690       12      679
    gpio.o                         324
    hcms.o                         784                40
    heating.o                      948      142       18
    i2c.o                          766               170
    iwdg.o                          44                16
    main.o                       6'278      347   19'010
    memory.o                     1'602       57        1
    push_pop.o                     146       29       82
    requests.o                     452
    startup_stm32f303xe.o          684
    stm32f3xx_hal.o                188        1        9
    stm32f3xx_hal_cortex.o         410
    stm32f3xx_hal_dma.o            166
    stm32f3xx_hal_gpio.o           948
    stm32f3xx_hal_i2c.o          3'612
    stm32f3xx_hal_i2c_ex.o         198
    stm32f3xx_hal_iwdg.o           124
    stm32f3xx_hal_msp.o             60
    stm32f3xx_hal_rcc.o          2'132       32
    stm32f3xx_hal_rcc_ex.o         764
    stm32f3xx_hal_tim.o          3'376
    stm32f3xx_hal_tim_ex.o         354
    stm32f3xx_hal_uart.o         3'810
    stm32f3xx_hal_uart_ex.o          2
    stm32f3xx_it.o                 672       24
    system_stm32f3xx.o              28       26        4
    termo.o                        244                 2
    tim.o                          788               228
    transfer.o                   6'300      334       20
    usart.o                      1'910       14      847
    zngvert.o                             1'280
    ----------------------------------------------------
    Total:                      73'096    4'606   21'588

dl7M_tlf.a: [2]
    abort.o                          6
    abs.o                            8
    cppinit.o                       24
    dlmalloc.o                   5'276               496
    exit.o                           4
    heaptramp0.o                     4
    low_level_init.o                 4
    sprintf.o                       64
    xencoding_8859_1.o              30
    xfail_s.o                       64                 4
    xgetmemchunk.o                  44                 4
    xlocale_c.o                    124       52      128
    xmbcurmax.o                     10
    xprintffull.o                4'294
    xsprout.o                       10
[...]
std::vector<unsigned int, std::allocator<unsigned int>>::clear()
                         0x801'4c57    0x36  Code  Gb  detector_weather.o [1]
std::vector<unsigned int, std::allocator<unsigned int>>::end()
                         0x801'44f5    0x20  Code  Gb  detector_weather.o [1]
std::vector<unsigned int, std::allocator<unsigned int>>::erase(std::_Vector_const_iterator<std::_Vector_val<std::_Simple_types<unsigned int>>>, std::_Vector_const_iterator<std::_Vector_val<std::_Simple_types<unsigned int>>>)
                         0x801'4515    0xac  Code  Gb  detector_weather.o [1]
std::vector<unsigned int, std::allocator<unsigned int>>::max_size() const
                         0x801'4bc3    0x12  Code  Gb  detector_weather.o [1]
std::vector<unsigned int, std::allocator<unsigned int>>::operator [](unsigned int)
                         0x801'45c1    0x14  Code  Gb  detector_weather.o [1]
std::vector<unsigned int, std::allocator<unsigned int>>::resize(unsigned int, unsigned int const &)
                         0x801'4fc1    0xcc  Code  Gb  detector_weather.o [1]
std::vector<unsigned int, std::allocator<unsigned int>>::size() const
                         0x801'44a1    0x1e  Code  Gb  detector_weather.o [1]
std::vector<unsigned int, std::allocator<unsigned int>>::vector(unsigned int, unsigned int const &, const std::allocator<unsigned int>&)
                         0x801'488d    0x26  Code  Gb  detector_weather.o [1]
std::vector<unsigned short, std::allocator<unsigned short>>::_Buy(unsigned int)
                         0x801'436b    0x7e  Code  Gb  detector_weather.o [1]
std::vector<unsigned short, std::allocator<unsigned short>>::_Construct_n(unsigned int, unsigned short const *)
                         0x801'3e65    0x32  Code  Gb  detector_weather.o [1]
std::vector<unsigned short, std::allocator<unsigned short>>::_Ufill(unsigned short *, unsigned int, unsigned short const *)
                         0x801'43f7    0x22  Code  Gb  detector_weather.o [1]
std::vector<unsigned short, std::allocator<unsigned short>>::max_size() const
                         0x801'4aed    0x12  Code  Gb  detector_weather.o [1]
std::vector<unsigned short, std::allocator<unsigned short>>::operator [](unsigned int)
                         0x801'35eb    0x14  Code  Gb  detector_weather.o [1]
std::vector<unsigned short, std::allocator<unsigned short>>::vector(unsigned int, unsigned short const &)
                         0x801'33db    0x24  Code  Gb  detector_weather.o [1]
stk_lvlMOR              0x2000'56c1     0x1  Data  Gb  main.o [1]
stk_lvlPG               0x2000'56ca     0x1  Data  Gb  push_pop.o [1]
stk_lvlPS_0             0x2000'56c3     0x1  Data  Gb  main.o [1]
stk_lvlPSx              0x2000'56a3     0x1  Data  Gb  console.o [1]
stkidxMOR               0x2000'56c0     0x1  Data  Gb  main.o [1]
stkidxPG                0x2000'56c9     0x1  Data  Gb  push_pop.o [1]
stkidxPS_0              0x2000'56c2     0x1  Data  Gb  main.o [1]
stkidxPSx               0x2000'56a2     0x1  Data  Gb  console.o [1]
stop_defrosting          0x800'b345    0x26  Code  Gb  heating.o [1]
stop_tim                 0x800'60fd    0x4e  Code  Gb  main.o [1]
strchr                   0x801'3799          Code  Gb  strchr.o [5]
strcmp                   0x801'2a6d          Code  Gb  strcmp.o [5]
strlen                   0x800'd125          Code  Gb  strlen.o [5]
t                       0x2000'5698     0x2  Data  Gb  OneWire.o [1]
termo_compensation()     0x800'dd79    0x6c  Code  Gb  algorithm_contamination.o [1]
termo_exchange(unsigned char, unsigned char *, unsigned char, unsigned char *, unsigned char)
                         0x800'941d    0xa8  Code  Gb  i2c.o [1]
termo_init               0x800'9571    0x42  Code  Gb  i2c.o [1]
termo_val               0x2000'01b0     0x8  Data  Gb  main.o [1]
thresholds              0x2000'5110    0x58  Data  Gb  detector_weather.o [1]
tim8_off                0x2000'56ba     0x1  Data  Gb  main.o [1]
time__                  0x2000'5644     0x4  Data  Gb  main.o [1]
timeflag                0x2000'56b4     0x1  Data  Gb  main.o [1]
u4_rcv_pkt_IT            0x800'5bc3    0x50  Code  Gb  usart.o [1]
u4rlen                  0x2000'02d8     0x2  Data  Gb  usart.o [1]
uint32_t_to_segleds_with_dspoints(int, unsigned char, char)
                         0x800'6643    0x70  Code  Gb  main.o [1]
uni_calibration_value   0x2000'5360    0x20  Data  Gb  usart.o [1]
unification              0x800'7729   0x218  Code  Gb  command_processing.o [1]
unsigned char & std::vector<unsigned char, std::allocator<unsigned char>>::emplace_back<int>(int &&...)
                         0x801'357b    0x70  Code  Gb  detector_weather.o [1]
unsigned char * & std::_Rechecked<unsigned char *, unsigned char *>(unsigned char * &, unsigned char *)
                         0x801'55f9     0x4  Code  Gb  detector_weather.o [1]
unsigned char * std::_Addressof<unsigned char>(unsigned char &, std::integral_constant<bool, (bool)0>)
                         0x801'47ab     0x2  Code  Gb  detector_weather.o [1]
unsigned char * std::_Allocate<unsigned char>(unsigned int, unsigned char *, bool)
                         0x801'56a9    0x1a  Code  Gb  detector_weather.o [1]
unsigned char * std::_Move<unsigned char *, unsigned char *>(unsigned char *, unsigned char *, unsigned char *)
                         0x801'40b1    0x1e  Code  Gb  detector_weather.o [1]
unsigned char * std::_Move<unsigned char *, unsigned char *>(unsigned char *, unsigned char *, unsigned char *, std::_Scalar_ptr_iterator_tag)
                         0x801'462d    0x24  Code  Gb  detector_weather.o [1]
unsigned char * std::_Unchecked<unsigned char *>(unsigned char *)
                         0x801'55d3     0x2  Code  Gb  detector_weather.o [1]
unsigned char * std::_Uninit_copy<unsigned char const *, unsigned char *, std::_Wrap_alloc<std::allocator<unsigned char>>>(unsigned char const *, unsigned char const *, unsigned char *, std::_Wrap_alloc<std::allocator<unsigned char>> &)
                         0x801'55d7    0x22  Code  Gb  detector_weather.o [1]
unsigned char * std::_Uninit_copy<unsigned char const, unsigned char>(unsigned char const *, unsigned char const *, unsigned char *, std::_Wrap_alloc<std::allocator<unsigned char>> &, std::_Scalar_ptr_iterator_tag)
                         0x801'58ed    0x24  Code  Gb  detector_weather.o [1]
unsigned char * std::_Uninit_move<unsigned char *, unsigned char *, std::_Wrap_alloc<std::allocator<unsigned char>>>(unsigned char *, unsigned char *, unsigned char *, std::_Wrap_alloc<std::allocator<unsigned char>> &)
                         0x801'56c3    0x32  Code  Gb  detector_weather.o [1]
unsigned char * std::_Uninit_move<unsigned char, unsigned char, unsigned char>(unsigned char *, unsigned char *, unsigned char *, std::_Wrap_alloc<std::allocator<unsigned char>> &, unsigned char *, std::_Scalar_ptr_iterator_tag)
                         0x801'5925    0x24  Code  Gb  detector_weather.o [1]
unsigned char * std::_Uninitialized_copy<unsigned char const *, unsigned char *, std::_Wrap_alloc<std::allocator<unsigned char>>>(unsigned char const *, unsigned char const *, unsigned char *, std::_Wrap_alloc<std::allocator<unsigned char>> &)
                         0x801'516d    0x38  Code  Gb  detector_weather.o [1]
unsigned char * std::_Uninitialized_move<unsigned char *, unsigned char *, std::_Wrap_alloc<std::allocator<unsigned char>>>(unsigned char *, unsigned char *, unsigned char *, std::_Wrap_alloc<std::allocator<unsigned char>> &)
                         0x801'5337    0x38  Code  Gb  detector_weather.o [1]
unsigned char * std::addressof<unsigned char>(unsigned char &)
                         0x801'4155     0xc  Code  Gb  detector_weather.o [1]
unsigned char * std::vector<unsigned char, std::allocator<unsigned char>>::_Ucopy<unsigned char const *>(unsigned char const *, unsigned char const *, unsigned char *)
                         0x801'4aa3    0x1e  Code  Gb  detector_weather.o [1]
unsigned char * std::vector<unsigned char, std::allocator<unsigned char>>::_Umove<unsigned char *>(unsigned char *, unsigned char *, unsigned char *)
                         0x801'4eaf    0x1e  Code  Gb  detector_weather.o [1]
unsigned char const * std::_Unchecked<unsigned char const *>(unsigned char const *)
                         0x801'55d5     0x2  Code  Gb  detector_weather.o [1]
unsigned int * & std::_Rechecked<unsigned int *, unsigned int *>(unsigned int * &, unsigned int *)
                         0x801'5abd     0x4  Code  Gb  detector_weather.o [1]
unsigned int * std::_Addressof<unsigned int>(unsigned int &, std::integral_constant<bool, (bool)0>)
                         0x801'4425     0x2  Code  Gb  detector_weather.o [1]
unsigned int * std::_Allocate<unsigned int>(unsigned int, unsigned int *, bool)
                         0x801'59fd    0x24  Code  Gb  detector_weather.o [1]
unsigned int * std::_Fill_n<unsigned int *, unsigned int, unsigned int>(unsigned int *, unsigned int, unsigned int const &)
                         0x801'5a21    0x10  Code  Gb  detector_weather.o [1]
unsigned int * std::_Move<unsigned int *, unsigned int *>(unsigned int *, unsigned int *, unsigned int *)
                         0x801'4cc3    0x1e  Code  Gb  detector_weather.o [1]
unsigned int * std::_Move<unsigned int *, unsigned int *>(unsigned int *, unsigned int *, unsigned int *, std::_Scalar_ptr_iterator_tag)
                         0x801'5275    0x28  Code  Gb  detector_weather.o [1]
unsigned int * std::_Unchecked<unsigned int *>(unsigned int *)
                         0x801'5a89     0x2  Code  Gb  detector_weather.o [1]
unsigned int * std::_Uninit_move<unsigned int *, unsigned int *, std::_Wrap_alloc<std::allocator<unsigned int>>>(unsigned int *, unsigned int *, unsigned int *, std::_Wrap_alloc<std::allocator<unsigned int>> &)
                         0x801'5a8b    0x32  Code  Gb  detector_weather.o [1]
unsigned int * std::_Uninit_move<unsigned int, unsigned int, unsigned int>(unsigned int *, unsigned int *, unsigned int *, std::_Wrap_alloc<std::allocator<unsigned int>> &, unsigned int *, std::_Scalar_ptr_iterator_tag)
                         0x801'5ae9    0x28  Code  Gb  detector_weather.o [1]
unsigned int * std::_Uninitialized_move<unsigned int *, unsigned int *, std::_Wrap_alloc<std::allocator<unsigned int>>>(unsigned int *, unsigned int *, unsigned int *, std::_Wrap_alloc<std::allocator<unsigned int>> &)
                         0x801'5a31    0x38  Code  Gb  detector_weather.o [1]
unsigned int * std::addressof<unsigned int>(unsigned int &)
                         0x801'3ea3     0xc  Code  Gb  detector_weather.o [1]
unsigned int * std::vector<unsigned int, std::allocator<unsigned int>>::_Umove<unsigned int *>(unsigned int *, unsigned int *, unsigned int *)
                         0x801'59bb    0x1e  Code  Gb  detector_weather.o [1]
unsigned int const * std::_Addressof<unsigned int const>(unsigned int const &, std::integral_constant<bool, (bool)0>)
                         0x801'540d     0x2  Code  Gb  detector_weather.o [1]
unsigned int const * std::addressof<unsigned int const>(unsigned int const &)
                         0x801'4f75     0xc  Code  Gb  detector_weather.o [1]
unsigned short * std::_Allocate<unsigned short>(unsigned int, unsigned short *, bool)
                         0x801'560d    0x24  Code  Gb  detector_weather.o [1]
unsigned short * std::_Fill_n<unsigned short *, unsigned int, unsigned short>(unsigned short *, unsigned int, unsigned short const &)
                         0x801'5631    0x10  Code  Gb  detector_weather.o [1]
unsigned short const * std::_Addressof<unsigned short const>(unsigned short const &, std::integral_constant<bool, (bool)0>)
                         0x801'4369     0x2  Code  Gb  detector_weather.o [1]
unsigned short const * std::addressof<unsigned short const>(unsigned short const &)
                         0x801'3e59     0xc  Code  Gb  detector_weather.o [1]
usart_setup(unsigned int)
                         0x800'980d    0x42  Code  Gb  OneWire.o [1]
uwTick                  0x2000'566c     0x4  Data  Gb  stm32f3xx_hal.o [1]
uwTickFreq              0x2000'02df     0x1  Data  Gb  stm32f3xx_hal.o [1]
uwTickPrio              0x2000'0248     0x4  Data  Gb  stm32f3xx_hal.o [1]
vaisala_MORstack        0x2000'0160    0x50  Data  Gb  main.o [1]
vaisala_header(unsigned char *, unsigned char *)
                         0x800'e353   0x15a  Code  Gb  transfer.o [1]
vaisala_stk_lvlMOR      0x2000'56c5     0x1  Data  Gb  main.o [1]
vaisala_stkidxMOR       0x2000'56c4     0x1  Data  Gb  main.o [1]
verification_checksum(int)
                         0x800'66d7    0x46  Code  Gb  main.o [1]
version                 0x2000'5610     0x4  Data  Gb  console.o [1]
void std::_Deallocate<unsigned char>(unsigned char *, unsigned int)
                         0x801'56f5     0xe  Code  Gb  detector_weather.o [1]
void std::_Deallocate<unsigned int>(unsigned int *, unsigned int)
                         0x801'5ac1     0xe  Code  Gb  detector_weather.o [1]
void std::_Destroy_range<std::_Wrap_alloc<std::allocator<unsigned char>>>(std::_Wrap_alloc<std::allocator<unsigned char>>::pointer, std::_Wrap_alloc<std::allocator<unsigned char>>::pointer, std::_Wrap_alloc<std::allocator<unsigned char>>&)
                         0x801'4651    0x1e  Code  Gb  detector_weather.o [1]
void std::_Destroy_range<std::_Wrap_alloc<std::allocator<unsigned char>>>(std::_Wrap_alloc<std::allocator<unsigned char>>::pointer, std::_Wrap_alloc<std::allocator<unsigned char>>::pointer, std::_Wrap_alloc<std::allocator<unsigned char>>&, std::_Scalar_ptr_iterator_tag)
                         0x801'4e3f     0x2  Code  Gb  detector_weather.o [1]
void std::_Destroy_range<std::_Wrap_alloc<std::allocator<unsigned int>>>(std::_Wrap_alloc<std::allocator<unsigned int>>::pointer, std::_Wrap_alloc<std::allocator<unsigned int>>::pointer, std::_Wrap_alloc<std::allocator<unsigned int>>&)
                         0x801'52a9    0x1e  Code  Gb  detector_weather.o [1]
void std::_Destroy_range<std::_Wrap_alloc<std::allocator<unsigned int>>>(std::_Wrap_alloc<std::allocator<unsigned int>>::pointer, std::_Wrap_alloc<std::allocator<unsigned int>>::pointer, std::_Wrap_alloc<std::allocator<unsigned int>>&, std::_Scalar_ptr_iterator_tag)
                         0x801'5669     0x2  Code  Gb  detector_weather.o [1]
void std::_Distance2<bool const *, unsigned int>(bool const *, bool const *, unsigned int &, std::random_access_iterator_tag)
                         0x801'4fb3     0xa  Code  Gb  detector_weather.o [1]
void std::_Distance2<unsigned char const *, int>(unsigned char const *, unsigned char const *, int &, std::random_access_iterator_tag)
                         0x801'515f     0xe  Code  Gb  detector_weather.o [1]
void std::_Distance<bool const *, unsigned int>(bool const *, bool const *, unsigned int &)
                         0x801'48b7    0x1a  Code  Gb  detector_weather.o [1]
void std::_Fill<std::_Vb_iterator<std::_Wrap_alloc<std::allocator<unsigned int>>>, bool>(std::_Vb_iterator<std::_Wrap_alloc<std::allocator<unsigned int>>>, std::_Vb_iterator<std::_Wrap_alloc<std::allocator<unsigned int>>>, bool const &)
                         0x801'566b    0x36  Code  Gb  detector_weather.o [1]
void std::_Uninit_fill_n<unsigned int, unsigned int, unsigned int, unsigned int>(unsigned int *, unsigned int, unsigned int const *, std::_Wrap_alloc<std::allocator<unsigned int>> &, unsigned int *, std::_Scalar_ptr_iterator_tag)
                         0x801'597b    0x14  Code  Gb  detector_weather.o [1]
void std::_Uninit_fill_n<unsigned short, unsigned int, unsigned short, unsigned short>(unsigned short *, unsigned int, unsigned short const *, std::_Wrap_alloc<std::allocator<unsigned short>> &, unsigned short *, std::_Scalar_ptr_iterator_tag)
                         0x801'51f3    0x14  Code  Gb  detector_weather.o [1]
void std::_Uninitialized_fill_n<unsigned int *, unsigned int, unsigned int, std::_Wrap_alloc<std::allocator<unsigned int>>>(unsigned int *, unsigned int, unsigned int const *, std::_Wrap_alloc<std::allocator<unsigned int>> &)
                         0x801'5759    0x32  Code  Gb  detector_weather.o [1]
void std::_Uninitialized_fill_n<unsigned short *, unsigned int, unsigned short, std::_Wrap_alloc<std::allocator<unsigned short>>>(unsigned short *, unsigned int, unsigned short const *, std::_Wrap_alloc<std::allocator<unsigned short>> &)
                         0x801'4b1b    0x32  Code  Gb  detector_weather.o [1]
void std::_Wrap_alloc<std::allocator<unsigned char>>::construct<unsigned char, int>(unsigned char *, int &&...)
                         0x801'416d    0x1a  Code  Gb  detector_weather.o [1]
void std::allocator<unsigned char>::construct<unsigned char, int>(unsigned char *, int &&...)
                         0x801'4ef1    0x26  Code  Gb  detector_weather.o [1]
void std::allocator_traits<std::allocator<unsigned char>>::construct<unsigned char, int>(std::allocator<unsigned char>&, unsigned char *, int &&...)
                         0x801'47af    0x1a  Code  Gb  detector_weather.o [1]
void std::fill<std::_Vb_iterator<std::_Wrap_alloc<std::allocator<unsigned int>>>, bool>(std::_Vb_iterator<std::_Wrap_alloc<std::allocator<unsigned int>>>, std::_Vb_iterator<std::_Wrap_alloc<std::allocator<unsigned int>>>, bool const &)
                         0x801'52c7    0x34  Code  Gb  detector_weather.o [1]
void std::vector<bool, std::allocator<bool>>::_Insert<bool const *>(std::_Vb_const_iterator<std::_Wrap_alloc<std::allocator<unsigned int>>>, bool const *, bool const *, std::forward_iterator_tag)
                         0x801'4293    0x60  Code  Gb  detector_weather.o [1]
void std::vector<unsigned char, std::allocator<unsigned char>>::_Construct<unsigned char const *>(unsigned char const *, unsigned char const *)
                         0x801'3e33    0x1a  Code  Gb  detector_weather.o [1]
void std::vector<unsigned char, std::allocator<unsigned char>>::_Construct<unsigned char const *>(unsigned char const *, unsigned char const *, std::forward_iterator_tag)
                         0x801'4313    0x3a  Code  Gb  detector_weather.o [1]
vote_pheno()             0x801'09e5   0x276  Code  Gb  detector_weather.o [1]
vote_pheno_vaisala(unsigned char)
                         0x801'04d9   0x1fe  Code  Gb  detector_weather.o [1]
vote_pheno_vaisala_hour(unsigned char)
                         0x801'02a1   0x204  Code  Gb  detector_weather.o [1]
wait_command             0x800'35ed    0x2a  Code  Gb  console.o [1]
warning_glass           0x2000'56d2     0x1  Data  Gb  transfer.o [1]
weather(unsigned int, double)
                         0x801'1471    0x8a  Code  Gb  detector_weather.o [1]
word_length             0x2000'0240     0x4  Data  Gb  main.o [1]
write                    0x800'3c31    0xba  Code  Gb  memory.o [1]
write(unsigned char *)   0x800'1a2d   0xb14  Code  Gb  console.o [1]
write123                 0x800'3dbf    0x78  Code  Gb  memory.o [1]
write_approximation_parameters(char *, double *, int)
                         0x800'a2ad    0x72  Code  Gb  approximation.o [1]
write_value_in_buf       0x800'3ceb    0xd4  Code  Gb  memory.o [1]
xcoeff                  0x2000'02d6     0x2  Data  Gb  main.o [1]
xxxxPS0                 0x2000'55f8     0x8  Data  Gb  main.o [1]
xxxxPS0msrs             0x2000'563c     0x4  Data  Gb  main.o [1]
xxxxPSFull              0x2000'5600     0x8  Data  Gb  main.o [1]
xxxxPSFullmsrs          0x2000'5640     0x4  Data  Gb  main.o [1]
zng                      0x801'5b10   0x500  Data  Gb  zngvert.o [1]


[1] = E:\project\6266_test\befor_boot\approximation\6266.01.05.300_dpg\EWARM\6266.01.05.300_dpg\Obj
[2] = dl7M_tlf.a
[3] = dlpp7M_tl_fc.a
[4] = m7M_tls.a
[5] = rt7M_tl.a
[6] = shb_l.a

  90'158 bytes of readonly  code memory
   5'759 bytes of readonly  data memory
  63'188 bytes of readwrite data memory

Errors: none
Warnings: none
