###############################################################################
#
# IAR ELF Linker V8.50.4.261/W32 for ARM                  13/Mar/2025  17:09:17
# Copyright 2007-2020 IAR Systems AB.
#
#    Output file  =
#        E:\project\6266_test\befor_boot\approximation\6266.01.05.300_dpg\EWARM\6266.01.05.300_dpg\Exe\6266.01.05.300_dpg.out
#    Map file     =
#        E:\project\6266_test\befor_boot\approximation\6266.01.05.300_dpg\EWARM\6266.01.05.300_dpg\List\6266.01.05.300_dpg.map
#    Command line =
#        -f C:\Users\ABRAMO~1\AppData\Local\Temp\EW5DE5.tmp
#        (E:\project\6266_test\befor_boot\approximation\6266.01.05.300_dpg\EWARM\6266.01.05.300_dpg\Obj\algorithm_contamination.o
#        E:\project\6266_test\befor_boot\approximation\6266.01.05.300_dpg\EWARM\6266.01.05.300_dpg\Obj\approximation.o
#        E:\project\6266_test\befor_boot\approximation\6266.01.05.300_dpg\EWARM\6266.01.05.300_dpg\Obj\command_processing.o
#        E:\project\6266_test\befor_boot\approximation\6266.01.05.300_dpg\EWARM\6266.01.05.300_dpg\Obj\console.o
#        E:\project\6266_test\befor_boot\approximation\6266.01.05.300_dpg\EWARM\6266.01.05.300_dpg\Obj\data.o
#        E:\project\6266_test\befor_boot\approximation\6266.01.05.300_dpg\EWARM\6266.01.05.300_dpg\Obj\detector_weather.o
#        E:\project\6266_test\befor_boot\approximation\6266.01.05.300_dpg\EWARM\6266.01.05.300_dpg\Obj\eeprom.o
#        E:\project\6266_test\befor_boot\approximation\6266.01.05.300_dpg\EWARM\6266.01.05.300_dpg\Obj\gpio.o
#        E:\project\6266_test\befor_boot\approximation\6266.01.05.300_dpg\EWARM\6266.01.05.300_dpg\Obj\hcms.o
#        E:\project\6266_test\befor_boot\approximation\6266.01.05.300_dpg\EWARM\6266.01.05.300_dpg\Obj\heating.o
#        E:\project\6266_test\befor_boot\approximation\6266.01.05.300_dpg\EWARM\6266.01.05.300_dpg\Obj\i2c.o
#        E:\project\6266_test\befor_boot\approximation\6266.01.05.300_dpg\EWARM\6266.01.05.300_dpg\Obj\intensity.o
#        E:\project\6266_test\befor_boot\approximation\6266.01.05.300_dpg\EWARM\6266.01.05.300_dpg\Obj\iwdg.o
#        E:\project\6266_test\befor_boot\approximation\6266.01.05.300_dpg\EWARM\6266.01.05.300_dpg\Obj\main.o
#        E:\project\6266_test\befor_boot\approximation\6266.01.05.300_dpg\EWARM\6266.01.05.300_dpg\Obj\memory.o
#        E:\project\6266_test\befor_boot\approximation\6266.01.05.300_dpg\EWARM\6266.01.05.300_dpg\Obj\nonvol.o
#        E:\project\6266_test\befor_boot\approximation\6266.01.05.300_dpg\EWARM\6266.01.05.300_dpg\Obj\OneWire.o
#        E:\project\6266_test\befor_boot\approximation\6266.01.05.300_dpg\EWARM\6266.01.05.300_dpg\Obj\push_pop.o
#        E:\project\6266_test\befor_boot\approximation\6266.01.05.300_dpg\EWARM\6266.01.05.300_dpg\Obj\requests.o
#        E:\project\6266_test\befor_boot\approximation\6266.01.05.300_dpg\EWARM\6266.01.05.300_dpg\Obj\stack.o
#        E:\project\6266_test\befor_boot\approximation\6266.01.05.300_dpg\EWARM\6266.01.05.300_dpg\Obj\startup_stm32f303xe.o
#        E:\project\6266_test\befor_boot\approximation\6266.01.05.300_dpg\EWARM\6266.01.05.300_dpg\Obj\stm32f3xx_hal.o
#        E:\project\6266_test\befor_boot\approximation\6266.01.05.300_dpg\EWARM\6266.01.05.300_dpg\Obj\stm32f3xx_hal_cortex.o
#        E:\project\6266_test\befor_boot\approximation\6266.01.05.300_dpg\EWARM\6266.01.05.300_dpg\Obj\stm32f3xx_hal_dma.o
#        E:\project\6266_test\befor_boot\approximation\6266.01.05.300_dpg\EWARM\6266.01.05.300_dpg\Obj\stm32f3xx_hal_exti.o
#        E:\project\6266_test\befor_boot\approximation\6266.01.05.300_dpg\EWARM\6266.01.05.300_dpg\Obj\stm32f3xx_hal_flash.o
#        E:\project\6266_test\befor_boot\approximation\6266.01.05.300_dpg\EWARM\6266.01.05.300_dpg\Obj\stm32f3xx_hal_flash_ex.o
#        E:\project\6266_test\befor_boot\approximation\6266.01.05.300_dpg\EWARM\6266.01.05.300_dpg\Obj\stm32f3xx_hal_gpio.o
#        E:\project\6266_test\befor_boot\approximation\6266.01.05.300_dpg\EWARM\6266.01.05.300_dpg\Obj\stm32f3xx_hal_i2c.o
#        E:\project\6266_test\befor_boot\approximation\6266.01.05.300_dpg\EWARM\6266.01.05.300_dpg\Obj\stm32f3xx_hal_i2c_ex.o
#        E:\project\6266_test\befor_boot\approximation\6266.01.05.300_dpg\EWARM\6266.01.05.300_dpg\Obj\stm32f3xx_hal_iwdg.o
#        E:\project\6266_test\befor_boot\approximation\6266.01.05.300_dpg\EWARM\6266.01.05.300_dpg\Obj\stm32f3xx_hal_msp.o
#        E:\project\6266_test\befor_boot\approximation\6266.01.05.300_dpg\EWARM\6266.01.05.300_dpg\Obj\stm32f3xx_hal_pwr.o
#        E:\project\6266_test\befor_boot\approximation\6266.01.05.300_dpg\EWARM\6266.01.05.300_dpg\Obj\stm32f3xx_hal_pwr_ex.o
#        E:\project\6266_test\befor_boot\approximation\6266.01.05.300_dpg\EWARM\6266.01.05.300_dpg\Obj\stm32f3xx_hal_rcc.o
#        E:\project\6266_test\befor_boot\approximation\6266.01.05.300_dpg\EWARM\6266.01.05.300_dpg\Obj\stm32f3xx_hal_rcc_ex.o
#        E:\project\6266_test\befor_boot\approximation\6266.01.05.300_dpg\EWARM\6266.01.05.300_dpg\Obj\stm32f3xx_hal_tim.o
#        E:\project\6266_test\befor_boot\approximation\6266.01.05.300_dpg\EWARM\6266.01.05.300_dpg\Obj\stm32f3xx_hal_tim_ex.o
#        E:\project\6266_test\befor_boot\approximation\6266.01.05.300_dpg\EWARM\6266.01.05.300_dpg\Obj\stm32f3xx_hal_uart.o
#        E:\project\6266_test\befor_boot\approximation\6266.01.05.300_dpg\EWARM\6266.01.05.300_dpg\Obj\stm32f3xx_hal_uart_ex.o
#        E:\project\6266_test\befor_boot\approximation\6266.01.05.300_dpg\EWARM\6266.01.05.300_dpg\Obj\stm32f3xx_it.o
#        E:\project\6266_test\befor_boot\approximation\6266.01.05.300_dpg\EWARM\6266.01.05.300_dpg\Obj\system_stm32f3xx.o
#        E:\project\6266_test\befor_boot\approximation\6266.01.05.300_dpg\EWARM\6266.01.05.300_dpg\Obj\termo.o
#        E:\project\6266_test\befor_boot\approximation\6266.01.05.300_dpg\EWARM\6266.01.05.300_dpg\Obj\tim.o
#        E:\project\6266_test\befor_boot\approximation\6266.01.05.300_dpg\EWARM\6266.01.05.300_dpg\Obj\transfer.o
#        E:\project\6266_test\befor_boot\approximation\6266.01.05.300_dpg\EWARM\6266.01.05.300_dpg\Obj\usart.o
#        E:\project\6266_test\befor_boot\approximation\6266.01.05.300_dpg\EWARM\6266.01.05.300_dpg\Obj\zngvert.o
#        --redirect _Printf=_PrintfFull --redirect _Scanf=_ScanfFull
#        --no_out_extension -o
#        E:\project\6266_test\befor_boot\approximation\6266.01.05.300_dpg\EWARM\6266.01.05.300_dpg\Exe\6266.01.05.300_dpg.out
#        --map
#        E:\project\6266_test\befor_boot\approximation\6266.01.05.300_dpg\EWARM\6266.01.05.300_dpg\List\6266.01.05.300_dpg.map
#        --config
#        E:\project\6266_test\befor_boot\approximation\6266.01.05.300_dpg\EWARM/stm32f303xe_flash.icf
#        --semihosting --entry __iar_program_start --vfe --text_out locale)
#
###############################################################################

*******************************************************************************
*** RUNTIME MODEL ATTRIBUTES
***

CppFlavor                     = *
__CPP_Exceptions              = Disabled
__CPP_Language                = C++14
__Heap_Handler                = DLMalloc
__SystemLibrary               = DLib
__dlib_dynamic_initialization = normal
__dlib_version                = 6


*******************************************************************************
*** HEAP SELECTION
***

The advanced heap was selected because the application calls memory
allocation functions outside of system library functions, and there
are calls to deallocation functions in the application.


*******************************************************************************
*** PLACEMENT SUMMARY
***

"A0":  place at address 0x800'0000 { ro section .intvec };
"P1":  place in [from 0x800'0000 to 0x807'ffff] { ro };
define block CSTACK with size = 32K, alignment = 8 { };
define block HEAP with size = 8K, alignment = 8 { };
"P2":  place in [from 0x2000'0000 to 0x2000'ffff] {
          rw, block CSTACK, block HEAP };
initialize by copy { rw };

  Section                Kind         Address      Size  Object
  -------                ----         -------      ----  ------
"A0":                                             0x194
  .intvec                ro code   0x800'0000     0x194  startup_stm32f303xe.o [1]
                                 - 0x800'0194     0x194

"P1":                                          0x1'4a55
  .text                  ro code   0x800'0194    0x3a80  console.o [1]
  .text                  ro code   0x800'3c14     0x594  memory.o [1]
  .text                  ro code   0x800'41a8     0x3b4  stm32f3xx_hal_gpio.o [1]
  .text                  ro code   0x800'455c     0xeda  stm32f3xx_hal_uart.o [1]
  .text                  ro code   0x800'5436       0x8  abs.o [2]
  .text                  ro code   0x800'543e      0x38  memory.o [1]
  .text                  ro code   0x800'5476      0x3a  zero_init3.o [5]
  .text                  ro code   0x800'54b0      0x3a  DblToS32.o [4]
  .text                  ro code   0x800'54ea      0x1e  xencoding_8859_1.o [2]
  .text                  ro code   0x800'5508     0x748  usart.o [1]
  .text                  ro code   0x800'5c50      0x22  S32ToDbl.o [4]
  .text                  ro code   0x800'5c72       0xa  xsprout.o [2]
  .text                  ro code   0x800'5c7c      0x28  stm32f3xx_hal.o [1]
  .text                  ro code   0x800'5ca4     0x1c4  requests.o [1]
  .text                  ro code   0x800'5e68      0x1a  U32ToDbl.o [4]
  .rodata                const     0x800'5e82       0x2  xlocale_c.o [2]
  .text                  ro code   0x800'5e84    0x1886  main.o [1]
  .rodata                const     0x800'770a       0x2  xlocale_c.o [2]
  .text                  ro code   0x800'770c     0x4a8  command_processing.o [1]
  .text                  ro code   0x800'7bb4       0x4  newaop_0.o [3]
  .text                  ro code   0x800'7bb8       0x4  delaop_0.o [3]
  .text                  ro code   0x800'7bbc      0x2e  DblCmpLe.o [4]
  .rodata                const     0x800'7bea       0x1  unwind_debug.o [6]
  .rodata                const     0x800'7beb       0x1  xlocale_c.o [2]
  .text                  ro code   0x800'7bec     0x1a2  DblMul.o [4]
  .text                  ro code   0x800'7d90      0x28  DblToU32.o [4]
  .text                  ro code   0x800'7db8    0x149c  dlmalloc.o [2]
  .text                  ro code   0x800'9254      0x40  sprintf.o [2]
  .text                  ro code   0x800'9294       0x4  heaptramp0.o [2]
  .text                  ro code   0x800'9298     0x2fe  i2c.o [1]
  .text                  ro code   0x800'9598     0x246  DblDiv.o [4]
  .text                  ro code   0x800'97e0     0x778  OneWire.o [1]
  .text                  ro code   0x800'9f58      0x48  FltToDbl.o [4]
  .text                  ro code   0x800'9fa0     0x17a  DblAdd.o [4]
  .text                  ro code   0x800'a11c      0x68  DblToFlt.o [4]
  .text                  ro code   0x800'a184      0x62  round.o [4]
  .text                  ro code   0x800'a1e8      0xa6  ABImemcpy.o [5]
  .text                  ro code   0x800'a290     0x208  approximation.o [1]
  .text                  ro code   0x800'a498     0xd26  stm32f3xx_hal_tim.o [1]
  .text                  ro code   0x800'b1c0     0x3b4  heating.o [1]
  .text                  ro code   0x800'b574      0x2e  DblCmpGe.o [4]
  .text                  ro code   0x800'b5a4      0x92  push_pop.o [1]
  .text                  ro code   0x800'b638      0xe2  DblSub.o [4]
  .text                  ro code   0x800'b71c     0xe1c  stm32f3xx_hal_i2c.o [1]
  .text                  ro code   0x800'c538      0x76  memory.o [1]
  .text                  ro code   0x800'c5b0       0xc  stm32f3xx_hal.o [1]
  .text                  ro code   0x800'c5bc      0xa6  stm32f3xx_hal_dma.o [1]
  .text                  ro code   0x800'c662       0x2  stm32f3xx_hal_uart.o [1]
  .text                  ro code   0x800'c664       0x2  stm32f3xx_hal_uart.o [1]
  .text                  ro code   0x800'c666       0x2  stm32f3xx_hal_uart_ex.o [1]
  .text                  ro code   0x800'c668     0x854  stm32f3xx_hal_rcc.o [1]
  .text                  ro code   0x800'cebc       0x2  stm32f3xx_hal_uart.o [1]
  .text                  ro code   0x800'cebe       0x2  stm32f3xx_hal_uart.o [1]
  .text                  ro code   0x800'cec0      0x16  math_wrappers64.o [4]
  .text                  ro code   0x800'ced6      0x2e  usart.o [1]
  .text                  ro code   0x800'cf04      0x66  ABImemset.o [5]
  .text                  ro code   0x800'cf6c     0x19a  stm32f3xx_hal_cortex.o [1]
  .text                  ro code   0x800'd108      0x36  strlen.o [5]
  .text                  ro code   0x800'd140      0x68  memcmp.o [5]
  .text                  ro code   0x800'd1a8     0x230  I64DivMod.o [5]
  .text                  ro code   0x800'd3d8     0x310  hcms.o [1]
  .text                  ro code   0x800'd6e8      0x24  stm32f3xx_hal.o [1]
  .text                  ro code   0x800'd70c     0x144  gpio.o [1]
  .text                  ro code   0x800'd850     0x314  tim.o [1]
  .text                  ro code   0x800'db64      0x2c  iwdg.o [1]
  .text                  ro code   0x800'db90      0x20  DblCmpEq.o [4]
  .text                  ro code   0x800'dbb0     0x298  algorithm_contamination.o [1]
  .text                  ro code   0x800'de48      0xf4  termo.o [1]
  .text                  ro code   0x800'df3c    0x190c  transfer.o [1]
  .text                  ro code   0x800'f848      0x7c  stm32f3xx_hal_iwdg.o [1]
  .text                  ro code   0x800'f8c4      0x46  U64ToDbl.o [4]
  .text                  ro code   0x800'f90c     0xd30  detector_weather.o [1]
  .text                  ro code   0x801'063c     0x2fc  stm32f3xx_hal_rcc_ex.o [1]
  .text                  ro code   0x801'0938      0x24  newop_0.o [3]
  .text                  ro code   0x801'095c       0xa  delop_0.o [3]
  .text                  ro code   0x801'0966       0x6  abort.o [2]
  .text                  ro code   0x801'096c      0x2c  xgetmemchunk.o [2]
  .text                  ro code   0x801'0998    0x10c6  xprintffull.o [2]
  .text                  ro code   0x801'1a60      0xc6  stm32f3xx_hal_i2c_ex.o [1]
  .text                  ro code   0x801'1b28      0x12  strcmp.o [5]
  .text                  ro code   0x801'1b3a       0x2  stm32f3xx_hal_tim.o [1]
  .text                  ro code   0x801'1b3c       0x2  stm32f3xx_hal_tim.o [1]
  .text                  ro code   0x801'1b3e       0x2  stm32f3xx_hal_tim.o [1]
  .text                  ro code   0x801'1b40       0x2  stm32f3xx_hal_tim.o [1]
  .text                  ro code   0x801'1b42       0x2  stm32f3xx_hal_tim_ex.o [1]
  .text                  ro code   0x801'1b44       0x2  stm32f3xx_hal_tim_ex.o [1]
  .text                  ro code   0x801'1b46       0x2  stm32f3xx_hal_tim.o [1]
  .text                  ro code   0x801'1b48       0x2  stm32f3xx_hal_tim_ex.o [1]
  .text                  ro code   0x801'1b4c      0x4c  stm32f3xx_hal.o [1]
  .text                  ro code   0x801'1b98     0x6c4  pow64.o [4]
  .text                  ro code   0x801'225c       0x2  I64DivZer.o [5]
  .text                  ro code   0x801'2260      0x3c  stm32f3xx_hal_msp.o [1]
  .text                  ro code   0x801'229c      0x14  memset.o [5]
  .text                  ro code   0x801'22b0     0x15c  stm32f3xx_hal_tim_ex.o [1]
  .text                  ro code   0x801'240c       0xa  stack.o [1]
  .text                  ro code   0x801'2416       0xa  stack.o [1]
  .text                  ro code   0x801'2420       0xa  stack.o [1]
  .text                  ro code   0x801'242a       0x6  detector_weather.o [1]
  .text                  ro code   0x801'2430      0x26  stack.o [1]
  .text                  ro code   0x801'2456      0x26  stack.o [1]
  .text                  ro code   0x801'247c      0x26  stack.o [1]
  .text                  ro code   0x801'24a2      0x30  stack.o [1]
  .text                  ro code   0x801'24d2      0x30  stack.o [1]
  .text                  ro code   0x801'2502      0x1e  stack.o [1]
  .text                  ro code   0x801'2520      0x1e  stack.o [1]
  .text                  ro code   0x801'253e      0x30  stack.o [1]
  .text                  ro code   0x801'256e      0x1e  stack.o [1]
  .text                  ro code   0x801'258c     0x398  intensity.o [1]
  .text                  ro code   0x801'2924       0x4  nomemory.o [3]
  .text                  ro code   0x801'2928      0x14  exit.o [6]
  .text                  ro code   0x801'293c      0x7c  xlocale_c.o [2]
  .text                  ro code   0x801'29b8      0x16  strchr.o [5]
  .text                  ro code   0x801'29d0      0x40  xfail_s.o [2]
  .text                  ro code   0x801'2a10      0x58  memchr.o [5]
  .text                  ro code   0x801'2a68      0x70  frexp.o [4]
  .text                  ro code   0x801'2ad8     0x13a  ldexp.o [4]
  .text                  ro code   0x801'2c12       0xa  xmbcurmax.o [2]
  .text                  ro code   0x801'2c1c     0x3ac  iar_Exp64.o [4]
  .text                  ro code   0x801'2fc8      0x38  intensity.o [1]
  .rodata                const     0x801'3000     0x500  zngvert.o [1]
  .rodata                const     0x801'3500      0x5c  console.o [1]
  .rodata                const     0x801'3560     0x420  pow64.o [4]
  .text                  ro code   0x801'3980     0x2a0  stm32f3xx_it.o [1]
  .text                  ro code   0x801'3c20      0x18  stm32f3xx_hal.o [1]
  .rodata                const     0x801'3c38      0x80  console.o [1]
  .rodata                const     0x801'3cb8      0x80  console.o [1]
  .text                  ro code   0x801'3d38      0x78  lz77_init_single.o [5]
  .rodata                const     0x801'3db0      0x50  transfer.o [1]
  .rodata                const     0x801'3e00      0x38  transfer.o [1]
  .rodata                const     0x801'3e38      0x34  console.o [1]
  .rodata                const     0x801'3e6c      0x34  console.o [1]
  .rodata                const     0x801'3ea0      0x34  transfer.o [1]
  .rodata                const     0x801'3ed4      0x30  console.o [1]
  .rodata                const     0x801'3f04      0x30  console.o [1]
  .rodata                const     0x801'3f34      0x2c  console.o [1]
  .rodata                const     0x801'3f60      0x28  OneWire.o [1]
  .text                  ro code   0x801'3f88      0x28  data_init.o [5]
  .rodata                const     0x801'3fb0      0x24  console.o [1]
  .text                  ro code   0x801'3fd4      0x22  fpinit_M.o [4]
  .iar.init_table        const     0x801'3ff8      0x24  - Linker created -
  .rodata                const     0x801'401c      0x20  console.o [1]
  .rodata                const     0x801'403c      0x20  OneWire.o [1]
  .text                  ro code   0x801'405c      0x20  cmain_call_ctors.o [5]
  .text                  ro code   0x801'407c      0x18  cppinit.o [2]
  .text                  ro code   0x801'4094      0x1e  cmain.o [5]
  .text                  ro code   0x801'40b2       0x4  low_level_init.o [2]
  .text                  ro code   0x801'40b6       0x4  exit.o [2]
  .text                  ro code   0x801'40bc       0xa  cexit.o [5]
  .rodata                const     0x801'40c8      0x1c  console.o [1]
  .rodata                const     0x801'40e4      0x1c  console.o [1]
  .text                  ro code   0x801'4100      0x1c  system_stm32f3xx.o [1]
  .rodata                const     0x801'411c      0x18  console.o [1]
  .rodata                const     0x801'4134      0x14  console.o [1]
  .rodata                const     0x801'4148      0x14  console.o [1]
  .rodata                const     0x801'415c      0x14  console.o [1]
  .rodata                const     0x801'4170      0x14  console.o [1]
  .rodata                const     0x801'4184      0x14  console.o [1]
  .rodata                const     0x801'4198      0x14  console.o [1]
  .rodata                const     0x801'41ac      0x14  console.o [1]
  .rodata                const     0x801'41c0      0x14  heating.o [1]
  .rodata                const     0x801'41d4      0x14  heating.o [1]
  .rodata                const     0x801'41e8      0x14  transfer.o [1]
  .rodata                const     0x801'41fc      0x14  transfer.o [1]
  .rodata                const     0x801'4210      0x14  transfer.o [1]
  .rodata                const     0x801'4224      0x10  algorithm_contamination.o [1]
  .rodata                const     0x801'4234      0x10  console.o [1]
  .rodata                const     0x801'4244      0x10  console.o [1]
  .rodata                const     0x801'4254      0x10  console.o [1]
  .rodata                const     0x801'4264      0x10  console.o [1]
  .rodata                const     0x801'4274      0x10  console.o [1]
  .rodata                const     0x801'4284      0x10  console.o [1]
  .rodata                const     0x801'4294      0x10  console.o [1]
  .rodata                const     0x801'42a4      0x10  console.o [1]
  .rodata                const     0x801'42b4      0x10  console.o [1]
  .rodata                const     0x801'42c4      0x10  console.o [1]
  .rodata                const     0x801'42d4      0x10  console.o [1]
  .rodata                const     0x801'42e4      0x10  console.o [1]
  .rodata                const     0x801'42f4      0x10  console.o [1]
  .rodata                const     0x801'4304      0x10  console.o [1]
  .rodata                const     0x801'4314      0x10  console.o [1]
  .rodata                const     0x801'4324      0x10  console.o [1]
  .rodata                const     0x801'4334      0x10  console.o [1]
  .rodata                const     0x801'4344      0x10  console.o [1]
  .rodata                const     0x801'4354      0x10  console.o [1]
  .rodata                const     0x801'4364      0x10  heating.o [1]
  .rodata                const     0x801'4374      0x10  main.o [1]
  .rodata                const     0x801'4384      0x10  main.o [1]
  .rodata                const     0x801'4394      0x10  main.o [1]
  .rodata                const     0x801'43a4      0x10  main.o [1]
  .rodata                const     0x801'43b4      0x10  memory.o [1]
  .rodata                const     0x801'43c4      0x10  stm32f3xx_hal_rcc.o [1]
  .rodata                const     0x801'43d4      0x10  stm32f3xx_hal_rcc.o [1]
  .rodata                const     0x801'43e4      0x10  stm32f3xx_it.o [1]
  .rodata                const     0x801'43f4      0x10  system_stm32f3xx.o [1]
  .rodata                const     0x801'4404      0x10  transfer.o [1]
  .rodata                const     0x801'4414      0x10  transfer.o [1]
  .text                  ro code   0x801'4424      0x10  startup_stm32f303xe.o [1]
  .rodata                const     0x801'4434       0xc  algorithm_contamination.o [1]
  .rodata                const     0x801'4440       0xc  algorithm_contamination.o [1]
  .rodata                const     0x801'444c       0xc  command_processing.o [1]
  .rodata                const     0x801'4458       0xc  command_processing.o [1]
  .rodata                const     0x801'4464       0xc  console.o [1]
  .rodata                const     0x801'4470       0xc  console.o [1]
  .rodata                const     0x801'447c       0xc  console.o [1]
  .rodata                const     0x801'4488       0xc  console.o [1]
  .rodata                const     0x801'4494       0xc  console.o [1]
  .rodata                const     0x801'44a0       0xc  console.o [1]
  .rodata                const     0x801'44ac       0xc  console.o [1]
  .rodata                const     0x801'44b8       0xc  console.o [1]
  .rodata                const     0x801'44c4       0xc  console.o [1]
  .rodata                const     0x801'44d0       0xc  console.o [1]
  .rodata                const     0x801'44dc       0xc  console.o [1]
  .rodata                const     0x801'44e8       0xc  console.o [1]
  .rodata                const     0x801'44f4       0xc  console.o [1]
  .rodata                const     0x801'4500       0xc  console.o [1]
  .rodata                const     0x801'450c       0xc  console.o [1]
  .rodata                const     0x801'4518       0xc  console.o [1]
  .rodata                const     0x801'4524       0xc  console.o [1]
  .rodata                const     0x801'4530       0xc  console.o [1]
  .rodata                const     0x801'453c       0xc  console.o [1]
  .rodata                const     0x801'4548       0xc  console.o [1]
  .rodata                const     0x801'4554       0xc  console.o [1]
  .rodata                const     0x801'4560       0xc  console.o [1]
  .rodata                const     0x801'456c       0xc  console.o [1]
  .rodata                const     0x801'4578       0xc  console.o [1]
  .rodata                const     0x801'4584       0xc  console.o [1]
  .rodata                const     0x801'4590       0xc  console.o [1]
  .rodata                const     0x801'459c       0xc  console.o [1]
  .rodata                const     0x801'45a8       0xc  console.o [1]
  .rodata                const     0x801'45b4       0xc  console.o [1]
  .rodata                const     0x801'45c0       0xc  heating.o [1]
  .rodata                const     0x801'45cc       0xc  heating.o [1]
  .rodata                const     0x801'45d8       0xc  heating.o [1]
  .rodata                const     0x801'45e4       0xc  heating.o [1]
  .rodata                const     0x801'45f0       0xc  main.o [1]
  .rodata                const     0x801'45fc       0xc  main.o [1]
  .rodata                const     0x801'4608       0xc  main.o [1]
  .rodata                const     0x801'4614       0xc  main.o [1]
  .rodata                const     0x801'4620       0xc  main.o [1]
  .rodata                const     0x801'462c       0xc  main.o [1]
  .rodata                const     0x801'4638       0xc  main.o [1]
  .rodata                const     0x801'4644       0xc  main.o [1]
  .rodata                const     0x801'4650       0xc  memory.o [1]
  .rodata                const     0x801'465c       0xc  memory.o [1]
  .rodata                const     0x801'4668       0xc  OneWire.o [1]
  .rodata                const     0x801'4674       0xc  transfer.o [1]
  .text                  ro code   0x801'4680       0xc  cstartup_M.o [5]
  SHT$$PREINIT_ARRAY               0x801'468c       0x0  <Block>
  SHT$$INIT_ARRAY                  0x801'468c       0xc  <Block>
    .init_array          const     0x801'468c       0x4  detector_weather.o [1]
    .init_array          const     0x801'4690       0x4  intensity.o [1]
    .init_array          const     0x801'4694       0x4  usart.o [1]
  __iar_tls$$INIT_ARRAY            0x801'4698       0x0  <Block>
  .rodata                const     0x801'4698       0x8  algorithm_contamination.o [1]
  .rodata                const     0x801'46a0       0x8  algorithm_contamination.o [1]
  .rodata                const     0x801'46a8       0x8  command_processing.o [1]
  .rodata                const     0x801'46b0       0x8  command_processing.o [1]
  .rodata                const     0x801'46b8       0x8  command_processing.o [1]
  .rodata                const     0x801'46c0       0x8  command_processing.o [1]
  .rodata                const     0x801'46c8       0x8  command_processing.o [1]
  .rodata                const     0x801'46d0       0x8  command_processing.o [1]
  .rodata                const     0x801'46d8       0x8  console.o [1]
  .rodata                const     0x801'46e0       0x8  console.o [1]
  .rodata                const     0x801'46e8       0x8  console.o [1]
  .rodata                const     0x801'46f0       0x8  console.o [1]
  .rodata                const     0x801'46f8       0x8  console.o [1]
  .rodata                const     0x801'4700       0x8  console.o [1]
  .rodata                const     0x801'4708       0x8  console.o [1]
  .rodata                const     0x801'4710       0x8  console.o [1]
  .rodata                const     0x801'4718       0x8  console.o [1]
  .rodata                const     0x801'4720       0x8  console.o [1]
  .rodata                const     0x801'4728       0x8  console.o [1]
  .rodata                const     0x801'4730       0x8  console.o [1]
  .rodata                const     0x801'4738       0x8  console.o [1]
  .rodata                const     0x801'4740       0x8  console.o [1]
  .rodata                const     0x801'4748       0x8  console.o [1]
  .rodata                const     0x801'4750       0x8  console.o [1]
  .rodata                const     0x801'4758       0x8  console.o [1]
  .rodata                const     0x801'4760       0x8  console.o [1]
  .rodata                const     0x801'4768       0x8  console.o [1]
  .rodata                const     0x801'4770       0x8  console.o [1]
  .rodata                const     0x801'4778       0x8  console.o [1]
  .rodata                const     0x801'4780       0x8  console.o [1]
  .rodata                const     0x801'4788       0x8  console.o [1]
  .rodata                const     0x801'4790       0x8  console.o [1]
  .rodata                const     0x801'4798       0x8  console.o [1]
  .rodata                const     0x801'47a0       0x8  console.o [1]
  .rodata                const     0x801'47a8       0x8  console.o [1]
  .rodata                const     0x801'47b0       0x8  console.o [1]
  .rodata                const     0x801'47b8       0x8  console.o [1]
  .rodata                const     0x801'47c0       0x8  console.o [1]
  .rodata                const     0x801'47c8       0x8  console.o [1]
  .rodata                const     0x801'47d0       0x8  console.o [1]
  .rodata                const     0x801'47d8       0x8  console.o [1]
  .rodata                const     0x801'47e0       0x8  console.o [1]
  .rodata                const     0x801'47e8       0x8  console.o [1]
  .rodata                const     0x801'47f0       0x8  console.o [1]
  .rodata                const     0x801'47f8       0x8  console.o [1]
  .rodata                const     0x801'4800       0x8  console.o [1]
  .rodata                const     0x801'4808       0x8  console.o [1]
  .rodata                const     0x801'4810       0x8  console.o [1]
  .rodata                const     0x801'4818       0x8  console.o [1]
  .rodata                const     0x801'4820       0x8  console.o [1]
  .rodata                const     0x801'4828       0x8  console.o [1]
  .rodata                const     0x801'4830       0x8  console.o [1]
  .rodata                const     0x801'4838       0x8  console.o [1]
  .rodata                const     0x801'4840       0x8  console.o [1]
  .rodata                const     0x801'4848       0x8  console.o [1]
  .rodata                const     0x801'4850       0x8  console.o [1]
  .rodata                const     0x801'4858       0x8  console.o [1]
  .rodata                const     0x801'4860       0x8  console.o [1]
  .rodata                const     0x801'4868       0x8  console.o [1]
  .rodata                const     0x801'4870       0x8  console.o [1]
  .rodata                const     0x801'4878       0x8  console.o [1]
  .rodata                const     0x801'4880       0x8  console.o [1]
  .rodata                const     0x801'4888       0x8  console.o [1]
  .rodata                const     0x801'4890       0x8  heating.o [1]
  .rodata                const     0x801'4898       0x8  heating.o [1]
  .rodata                const     0x801'48a0       0x8  heating.o [1]
  .rodata                const     0x801'48a8       0x8  heating.o [1]
  .rodata                const     0x801'48b0       0x8  main.o [1]
  .rodata                const     0x801'48b8       0x8  main.o [1]
  .rodata                const     0x801'48c0       0x8  main.o [1]
  .rodata                const     0x801'48c8       0x8  main.o [1]
  .rodata                const     0x801'48d0       0x8  main.o [1]
  .rodata                const     0x801'48d8       0x8  main.o [1]
  .rodata                const     0x801'48e0       0x8  main.o [1]
  .rodata                const     0x801'48e8       0x8  main.o [1]
  .rodata                const     0x801'48f0       0x8  main.o [1]
  .rodata                const     0x801'48f8       0x8  main.o [1]
  .rodata                const     0x801'4900       0x8  main.o [1]
  .rodata                const     0x801'4908       0x8  main.o [1]
  .rodata                const     0x801'4910       0x8  main.o [1]
  .rodata                const     0x801'4918       0x8  main.o [1]
  .rodata                const     0x801'4920       0x8  main.o [1]
  .rodata                const     0x801'4928       0x8  main.o [1]
  .rodata                const     0x801'4930       0x8  memory.o [1]
  .rodata                const     0x801'4938       0x8  memory.o [1]
  .rodata                const     0x801'4940       0x8  OneWire.o [1]
  .rodata                const     0x801'4948       0x8  stm32f3xx_it.o [1]
  .rodata                const     0x801'4950       0x8  system_stm32f3xx.o [1]
  .rodata                const     0x801'4958       0x8  transfer.o [1]
  .rodata                const     0x801'4960       0x8  transfer.o [1]
  .rodata                const     0x801'4968       0x8  transfer.o [1]
  .rodata                const     0x801'4970       0x8  transfer.o [1]
  .rodata                const     0x801'4978       0x8  transfer.o [1]
  .rodata                const     0x801'4980       0x8  usart.o [1]
  .text                  ro code   0x801'4988       0x4  startup_stm32f303xe.o [1]
  .text                  ro code   0x801'498c       0x4  startup_stm32f303xe.o [1]
  .text                  ro code   0x801'4990       0x4  startup_stm32f303xe.o [1]
  .text                  ro code   0x801'4994       0x4  startup_stm32f303xe.o [1]
  .text                  ro code   0x801'4998       0x4  startup_stm32f303xe.o [1]
  .text                  ro code   0x801'499c       0x4  startup_stm32f303xe.o [1]
  .text                  ro code   0x801'49a0       0x4  startup_stm32f303xe.o [1]
  .text                  ro code   0x801'49a4       0x4  startup_stm32f303xe.o [1]
  .text                  ro code   0x801'49a8       0x4  startup_stm32f303xe.o [1]
  .text                  ro code   0x801'49ac       0x4  startup_stm32f303xe.o [1]
  .text                  ro code   0x801'49b0       0x4  startup_stm32f303xe.o [1]
  .text                  ro code   0x801'49b4       0x4  startup_stm32f303xe.o [1]
  .text                  ro code   0x801'49b8       0x4  startup_stm32f303xe.o [1]
  .text                  ro code   0x801'49bc       0x4  startup_stm32f303xe.o [1]
  .text                  ro code   0x801'49c0       0x4  startup_stm32f303xe.o [1]
  .text                  ro code   0x801'49c4       0x4  startup_stm32f303xe.o [1]
  .text                  ro code   0x801'49c8       0x4  startup_stm32f303xe.o [1]
  .text                  ro code   0x801'49cc       0x4  startup_stm32f303xe.o [1]
  .text                  ro code   0x801'49d0       0x4  startup_stm32f303xe.o [1]
  .text                  ro code   0x801'49d4       0x4  startup_stm32f303xe.o [1]
  .text                  ro code   0x801'49d8       0x4  startup_stm32f303xe.o [1]
  .text                  ro code   0x801'49dc       0x4  startup_stm32f303xe.o [1]
  .text                  ro code   0x801'49e0       0x4  startup_stm32f303xe.o [1]
  .text                  ro code   0x801'49e4       0x4  startup_stm32f303xe.o [1]
  .text                  ro code   0x801'49e8       0x4  startup_stm32f303xe.o [1]
  .text                  ro code   0x801'49ec       0x4  startup_stm32f303xe.o [1]
  .text                  ro code   0x801'49f0       0x4  startup_stm32f303xe.o [1]
  .text                  ro code   0x801'49f4       0x4  startup_stm32f303xe.o [1]
  .text                  ro code   0x801'49f8       0x4  startup_stm32f303xe.o [1]
  .text                  ro code   0x801'49fc       0x4  startup_stm32f303xe.o [1]
  .text                  ro code   0x801'4a00       0x4  startup_stm32f303xe.o [1]
  .text                  ro code   0x801'4a04       0x4  startup_stm32f303xe.o [1]
  .text                  ro code   0x801'4a08       0x4  startup_stm32f303xe.o [1]
  .text                  ro code   0x801'4a0c       0x4  startup_stm32f303xe.o [1]
  .text                  ro code   0x801'4a10       0x4  startup_stm32f303xe.o [1]
  .text                  ro code   0x801'4a14       0x4  startup_stm32f303xe.o [1]
  .text                  ro code   0x801'4a18       0x4  startup_stm32f303xe.o [1]
  .text                  ro code   0x801'4a1c       0x4  startup_stm32f303xe.o [1]
  .text                  ro code   0x801'4a20       0x4  startup_stm32f303xe.o [1]
  .text                  ro code   0x801'4a24       0x4  startup_stm32f303xe.o [1]
  .text                  ro code   0x801'4a28       0x4  startup_stm32f303xe.o [1]
  .text                  ro code   0x801'4a2c       0x4  startup_stm32f303xe.o [1]
  .text                  ro code   0x801'4a30       0x4  startup_stm32f303xe.o [1]
  .text                  ro code   0x801'4a34       0x4  startup_stm32f303xe.o [1]
  .text                  ro code   0x801'4a38       0x4  startup_stm32f303xe.o [1]
  .text                  ro code   0x801'4a3c       0x4  startup_stm32f303xe.o [1]
  .text                  ro code   0x801'4a40       0x4  startup_stm32f303xe.o [1]
  .text                  ro code   0x801'4a44       0x4  startup_stm32f303xe.o [1]
  .text                  ro code   0x801'4a48       0x4  startup_stm32f303xe.o [1]
  .text                  ro code   0x801'4a4c       0x4  startup_stm32f303xe.o [1]
  .text                  ro code   0x801'4a50       0x4  startup_stm32f303xe.o [1]
  .text                  ro code   0x801'4a54       0x4  startup_stm32f303xe.o [1]
  .text                  ro code   0x801'4a58       0x4  startup_stm32f303xe.o [1]
  .text                  ro code   0x801'4a5c       0x4  startup_stm32f303xe.o [1]
  .text                  ro code   0x801'4a60       0x4  startup_stm32f303xe.o [1]
  .text                  ro code   0x801'4a64       0x4  startup_stm32f303xe.o [1]
  .text                  ro code   0x801'4a68       0x4  startup_stm32f303xe.o [1]
  .text                  ro code   0x801'4a6c       0x4  startup_stm32f303xe.o [1]
  .text                  ro code   0x801'4a70       0x4  startup_stm32f303xe.o [1]
  .text                  ro code   0x801'4a74       0x4  startup_stm32f303xe.o [1]
  .text                  ro code   0x801'4a78       0x4  startup_stm32f303xe.o [1]
  .text                  ro code   0x801'4a7c       0x4  startup_stm32f303xe.o [1]
  .text                  ro code   0x801'4a80       0x4  startup_stm32f303xe.o [1]
  .text                  ro code   0x801'4a84       0x4  startup_stm32f303xe.o [1]
  .text                  ro code   0x801'4a88       0x4  startup_stm32f303xe.o [1]
  .text                  ro code   0x801'4a8c       0x4  startup_stm32f303xe.o [1]
  .rodata                const     0x801'4a90       0x0  zero_init3.o [5]
  .rodata                const     0x801'4a90       0x0  lz77_init_single.o [5]
  Initializer bytes      const     0x801'4a90     0x159  <for P2-1>
                                 - 0x801'4be9  0x1'4a55

"P2", part 1 of 3:                                0x344
  P2-1                            0x2000'0000     0x344  <Init block>
    .data                inited   0x2000'0000      0x80  approximation.o [1]
    .data                inited   0x2000'0080      0x80  approximation.o [1]
    .data                inited   0x2000'0100      0x20  console.o [1]
    .data                inited   0x2000'0120      0x20  main.o [1]
    .data                inited   0x2000'0140      0x20  main.o [1]
    .data                inited   0x2000'0160      0x50  main.o [1]
    .data                inited   0x2000'01b0       0x8  main.o [1]
    .data                inited   0x2000'01b8      0x50  push_pop.o [1]
    .data                inited   0x2000'0208       0x4  approximation.o [1]
    .data                inited   0x2000'020c       0x4  console.o [1]
    .data                inited   0x2000'0210       0x4  console.o [1]
    .data                inited   0x2000'0214       0x4  console.o [1]
    .data                inited   0x2000'0218       0x4  console.o [1]
    .data                inited   0x2000'021c      0x24  detector_weather.o [1]
    .data                inited   0x2000'0240      0x24  detector_weather.o [1]
    .data                inited   0x2000'0264      0x24  detector_weather.o [1]
    .data                inited   0x2000'0288       0x4  detector_weather.o [1]
    .data                inited   0x2000'028c       0x4  heating.o [1]
    .data                inited   0x2000'0290       0x4  heating.o [1]
    .data                inited   0x2000'0294       0x4  heating.o [1]
    .data                inited   0x2000'0298       0x4  heating.o [1]
    .data                inited   0x2000'029c       0x4  main.o [1]
    .data                inited   0x2000'02a0       0x4  main.o [1]
    .data                inited   0x2000'02a4       0x4  OneWire.o [1]
    .data                inited   0x2000'02a8       0x4  stm32f3xx_hal.o [1]
    .data                inited   0x2000'02ac       0x4  system_stm32f3xx.o [1]
    .data                inited   0x2000'02b0       0x4  transfer.o [1]
    .data                inited   0x2000'02b4      0x38  xlocale_c.o [2]
    .data                inited   0x2000'02ec      0x48  xlocale_c.o [2]
    .data                inited   0x2000'0334       0x2  main.o [1]
    .data                inited   0x2000'0336       0x2  main.o [1]
    .data                inited   0x2000'0338       0x2  usart.o [1]
    .data                inited   0x2000'033a       0x1  approximation.o [1]
    .data                inited   0x2000'033b       0x1  console.o [1]
    .data                inited   0x2000'033c       0x1  heating.o [1]
    .data                inited   0x2000'033d       0x1  main.o [1]
    .data                inited   0x2000'033e       0x1  memory.o [1]
    .data                inited   0x2000'033f       0x1  stm32f3xx_hal.o [1]
    .data                inited   0x2000'0340       0x1  transfer.o [1]
    .data                inited   0x2000'0341       0x1  transfer.o [1]
    .data                inited   0x2000'0342       0x1  transfer.o [1]
    .data                inited   0x2000'0343       0x1  usart.o [1]
                                - 0x2000'0344     0x344

"P2", part 2 of 3:                               0x5330
  .bss                   zero     0x2000'0344    0x4740  main.o [1]
  .bss                   zero     0x2000'4a84     0x1d8  dlmalloc.o [2]
  .bss                   zero     0x2000'4c5c     0x10c  main.o [1]
  .bss                   zero     0x2000'4d68     0x10c  usart.o [1]
  .bss                   zero     0x2000'4e74     0x100  main.o [1]
  .bss                   zero     0x2000'4f74      0x88  usart.o [1]
  .bss                   zero     0x2000'4ffc      0x88  usart.o [1]
  .bss                   zero     0x2000'5084      0x88  usart.o [1]
  .bss                   zero     0x2000'5110      0x60  usart.o [1]
  .bss                   zero     0x2000'5170      0x58  detector_weather.o [1]
  .bss                   zero     0x2000'51c8      0x54  i2c.o [1]
  .bss                   zero     0x2000'521c      0x54  i2c.o [1]
  .bss                   zero     0x2000'5270      0x4c  tim.o [1]
  .bss                   zero     0x2000'52bc      0x4c  tim.o [1]
  .bss                   zero     0x2000'5308      0x4c  tim.o [1]
  .bss                   zero     0x2000'5354      0x24  OneWire.o [1]
  .bss                   zero     0x2000'5378      0x40  intensity.o [1]
  .bss                   zero     0x2000'53b8      0x28  hcms.o [1]
  .bss                   zero     0x2000'53e0      0x20  usart.o [1]
  .bss                   zero     0x2000'5400      0x20  usart.o [1]
  .bss                   zero     0x2000'5420      0x18  dlmalloc.o [2]
  .bss                   zero     0x2000'5438      0x14  detector_weather.o [1]
  .bss                   zero     0x2000'544c      0x14  OneWire.o [1]
  .bss                   zero     0x2000'5460      0x10  iwdg.o [1]
  .bss                   zero     0x2000'5470       0xc  detector_weather.o [1]
  .bss                   zero     0x2000'547c       0xc  detector_weather.o [1]
  .bss                   zero     0x2000'5488       0xc  detector_weather.o [1]
  .bss                   zero     0x2000'5494       0xc  detector_weather.o [1]
  .bss                   zero     0x2000'54a0       0xc  detector_weather.o [1]
  .bss                   zero     0x2000'54ac       0xc  detector_weather.o [1]
  .bss                   zero     0x2000'54b8       0xc  detector_weather.o [1]
  .bss                   zero     0x2000'54c4       0xc  detector_weather.o [1]
  .bss                   zero     0x2000'54d0       0xc  detector_weather.o [1]
  .bss                   zero     0x2000'54dc       0xc  OneWire.o [1]
  .bss                   zero     0x2000'54e8       0x8  algorithm_contamination.o [1]
  .bss                   zero     0x2000'54f0       0x8  algorithm_contamination.o [1]
  .bss                   zero     0x2000'54f8       0x8  algorithm_contamination.o [1]
  .bss                   zero     0x2000'5500       0x8  approximation.o [1]
  .bss                   zero     0x2000'5508       0x8  detector_weather.o [1]
  .bss                   zero     0x2000'5510       0x8  detector_weather.o [1]
  .bss                   zero     0x2000'5518       0x8  detector_weather.o [1]
  .bss                   zero     0x2000'5520       0x8  detector_weather.o [1]
  .bss                   zero     0x2000'5528       0x8  detector_weather.o [1]
  .bss                   zero     0x2000'5530       0x8  detector_weather.o [1]
  .bss                   zero     0x2000'5538       0x8  detector_weather.o [1]
  .bss                   zero     0x2000'5540       0x8  detector_weather.o [1]
  .bss                   zero     0x2000'5548       0x8  detector_weather.o [1]
  .bss                   zero     0x2000'5550       0x8  detector_weather.o [1]
  .bss                   zero     0x2000'5558       0x8  detector_weather.o [1]
  .bss                   zero     0x2000'5560       0x8  detector_weather.o [1]
  .bss                   zero     0x2000'5568       0x8  detector_weather.o [1]
  .bss                   zero     0x2000'5570       0x8  detector_weather.o [1]
  .bss                   zero     0x2000'5578       0x8  detector_weather.o [1]
  .bss                   zero     0x2000'5580       0x8  detector_weather.o [1]
  .bss                   zero     0x2000'5588       0x8  detector_weather.o [1]
  .bss                   zero     0x2000'5590       0x8  detector_weather.o [1]
  .bss                   zero     0x2000'5598       0x8  main.o [1]
  .bss                   zero     0x2000'55a0       0x8  main.o [1]
  .bss                   zero     0x2000'55a8       0x4  algorithm_contamination.o [1]
  .bss                   zero     0x2000'55ac       0x4  approximation.o [1]
  .bss                   zero     0x2000'55b0       0x4  console.o [1]
  .bss                   zero     0x2000'55b4       0x4  console.o [1]
  .bss                   zero     0x2000'55b8       0x4  console.o [1]
  .bss                   zero     0x2000'55bc       0x4  console.o [1]
  .bss                   zero     0x2000'55c0       0x4  detector_weather.o [1]
  .bss                   zero     0x2000'55c4       0x4  detector_weather.o [1]
  .bss                   zero     0x2000'55c8       0x4  detector_weather.o [1]
  .bss                   zero     0x2000'55cc       0x4  detector_weather.o [1]
  .bss                   zero     0x2000'55d0       0x4  detector_weather.o [1]
  .bss                   zero     0x2000'55d4       0x4  detector_weather.o [1]
  .bss                   zero     0x2000'55d8       0x4  detector_weather.o [1]
  .bss                   zero     0x2000'55dc       0x4  main.o [1]
  .bss                   zero     0x2000'55e0       0x4  main.o [1]
  .bss                   zero     0x2000'55e4       0x4  main.o [1]
  .bss                   zero     0x2000'55e8       0x4  main.o [1]
  .bss                   zero     0x2000'55ec       0x4  main.o [1]
  .bss                   zero     0x2000'55f0       0x4  main.o [1]
  .bss                   zero     0x2000'55f4       0x4  main.o [1]
  .bss                   zero     0x2000'55f8       0x4  main.o [1]
  .bss                   zero     0x2000'55fc       0x4  main.o [1]
  .bss                   zero     0x2000'5600       0x4  OneWire.o [1]
  .bss                   zero     0x2000'5604       0x4  OneWire.o [1]
  .bss                   zero     0x2000'5608       0x4  OneWire.o [1]
  .bss                   zero     0x2000'560c       0x4  stm32f3xx_hal.o [1]
  .bss                   zero     0x2000'5610       0x4  transfer.o [1]
  .bss                   zero     0x2000'5614       0x4  usart.o [1]
  .bss                   zero     0x2000'5618       0x4  usart.o [1]
  .bss                   zero     0x2000'561c       0x4  new.o [3]
  .bss                   zero     0x2000'5620       0x4  xgetmemchunk.o [2]
  .bss                   zero     0x2000'5624       0x4  xfail_s.o [2]
  .bss                   zero     0x2000'5628       0x2  detector_weather.o [1]
  .bss                   zero     0x2000'562a       0x2  detector_weather.o [1]
  .bss                   zero     0x2000'562c       0x2  detector_weather.o [1]
  .bss                   zero     0x2000'562e       0x2  detector_weather.o [1]
  .bss                   zero     0x2000'5630       0x2  detector_weather.o [1]
  .bss                   zero     0x2000'5632       0x2  i2c.o [1]
  .bss                   zero     0x2000'5634       0x2  main.o [1]
  .bss                   zero     0x2000'5636       0x2  main.o [1]
  .bss                   zero     0x2000'5638       0x2  OneWire.o [1]
  .bss                   zero     0x2000'563a       0x2  termo.o [1]
  .bss                   zero     0x2000'563c       0x1  algorithm_contamination.o [1]
  .bss                   zero     0x2000'563d       0x1  algorithm_contamination.o [1]
  .bss                   zero     0x2000'563e       0x1  command_processing.o [1]
  .bss                   zero     0x2000'563f       0x1  command_processing.o [1]
  .bss                   zero     0x2000'5640       0x1  console.o [1]
  .bss                   zero     0x2000'5641       0x1  console.o [1]
  .bss                   zero     0x2000'5642       0x1  console.o [1]
  .bss                   zero     0x2000'5643       0x1  console.o [1]
  .bss                   zero     0x2000'5644       0x1  detector_weather.o [1]
  .bss                   zero     0x2000'5645       0x1  detector_weather.o [1]
  .bss                   zero     0x2000'5646       0x1  detector_weather.o [1]
  .bss                   zero     0x2000'5647       0x1  detector_weather.o [1]
  .bss                   zero     0x2000'5648       0x1  detector_weather.o [1]
  .bss                   zero     0x2000'5649       0x1  detector_weather.o [1]
  .bss                   zero     0x2000'564a       0x1  detector_weather.o [1]
  .bss                   zero     0x2000'564b       0x1  detector_weather.o [1]
  .bss                   zero     0x2000'564c       0x1  detector_weather.o [1]
  .bss                   zero     0x2000'564d       0x1  heating.o [1]
  .bss                   zero     0x2000'564e       0x1  main.o [1]
  .bss                   zero     0x2000'564f       0x1  main.o [1]
  .bss                   zero     0x2000'5650       0x1  main.o [1]
  .bss                   zero     0x2000'5651       0x1  main.o [1]
  .bss                   zero     0x2000'5652       0x1  main.o [1]
  .bss                   zero     0x2000'5653       0x1  main.o [1]
  .bss                   zero     0x2000'5654       0x1  main.o [1]
  .bss                   zero     0x2000'5655       0x1  main.o [1]
  .bss                   zero     0x2000'5656       0x1  main.o [1]
  .bss                   zero     0x2000'5657       0x1  main.o [1]
  .bss                   zero     0x2000'5658       0x1  main.o [1]
  .bss                   zero     0x2000'5659       0x1  main.o [1]
  .bss                   zero     0x2000'565a       0x1  main.o [1]
  .bss                   zero     0x2000'565b       0x1  main.o [1]
  .bss                   zero     0x2000'565c       0x1  main.o [1]
  .bss                   zero     0x2000'565d       0x1  main.o [1]
  .bss                   zero     0x2000'565e       0x1  main.o [1]
  .bss                   zero     0x2000'565f       0x1  main.o [1]
  .bss                   zero     0x2000'5660       0x1  main.o [1]
  .bss                   zero     0x2000'5661       0x1  main.o [1]
  .bss                   zero     0x2000'5662       0x1  main.o [1]
  .bss                   zero     0x2000'5663       0x1  main.o [1]
  .bss                   zero     0x2000'5664       0x1  main.o [1]
  .bss                   zero     0x2000'5665       0x1  main.o [1]
  .bss                   zero     0x2000'5666       0x1  main.o [1]
  .bss                   zero     0x2000'5667       0x1  OneWire.o [1]
  .bss                   zero     0x2000'5668       0x1  OneWire.o [1]
  .bss                   zero     0x2000'5669       0x1  push_pop.o [1]
  .bss                   zero     0x2000'566a       0x1  push_pop.o [1]
  .bss                   zero     0x2000'566b       0x1  transfer.o [1]
  .bss                   zero     0x2000'566c       0x1  transfer.o [1]
  .bss                   zero     0x2000'566d       0x1  transfer.o [1]
  .bss                   zero     0x2000'566e       0x1  transfer.o [1]
  .bss                   zero     0x2000'566f       0x1  transfer.o [1]
  .bss                   zero     0x2000'5670       0x1  transfer.o [1]
  .bss                   zero     0x2000'5671       0x1  transfer.o [1]
  .bss                   zero     0x2000'5672       0x1  transfer.o [1]
  .bss                   zero     0x2000'5673       0x1  transfer.o [1]
                                - 0x2000'5674    0x5330

"P2", part 3 of 3:                               0xa000
  CSTACK                          0x2000'5678    0x8000  <Block>
    CSTACK               uninit   0x2000'5678    0x8000  <Block tail>
  HEAP                            0x2000'd678    0x2000  <Block>
    HEAP                 uninit   0x2000'd678    0x2000  <Block tail>
                                - 0x2000'f678    0xa000

Unused ranges:

         From           To      Size
         ----           --      ----
   0x801'4be9   0x807'ffff  0x6'b417
  0x2000'5674  0x2000'5677       0x4
  0x2000'f678  0x2000'ffff     0x988


*******************************************************************************
*** INIT TABLE
***

          Address      Size
          -------      ----
Zero (__iar_zero_init3)
    1 destination range, total size 0x5330:
          0x2000'0344  0x5330

Copy/lz77 (__iar_lz77_init_single3)
    1 source range, total size 0x159 (41% of destination):
           0x801'4a90   0x159
    1 destination range, total size 0x344:
          0x2000'0000   0x344

Extra (__iar_cstart_call_ctors)



*******************************************************************************
*** MODULE SUMMARY
***

    Module                     ro code  ro data  rw data
    ------                     -------  -------  -------
command line/config:
    ----------------------------------------------------
    Total:

E:\project\6266_test\befor_boot\approximation\6266.01.05.300_dpg\EWARM\6266.01.05.300_dpg\Obj: [1]
    OneWire.o                    1'912       94       88
    algorithm_contamination.o      664       56       30
    approximation.o                520      108      273
    command_processing.o         1'192       72        2
    console.o                   14'976    1'991       69
    detector_weather.o           3'382       51      519
    gpio.o                         324
    hcms.o                         784                40
    heating.o                      948      143       18
    i2c.o                          766               170
    intensity.o                    976        4       64
    iwdg.o                          44                16
    main.o                       6'278      356   19'010
    memory.o                     1'602       56        1
    push_pop.o                     146       33       82
    requests.o                     452
    stack.o                        378
    startup_stm32f303xe.o          684
    stm32f3xx_hal.o                188        3        9
    stm32f3xx_hal_cortex.o         410
    stm32f3xx_hal_dma.o            166
    stm32f3xx_hal_gpio.o           948
    stm32f3xx_hal_i2c.o          3'612
    stm32f3xx_hal_i2c_ex.o         198
    stm32f3xx_hal_iwdg.o           124
    stm32f3xx_hal_msp.o             60
    stm32f3xx_hal_rcc.o          2'132       32
    stm32f3xx_hal_rcc_ex.o         764
    stm32f3xx_hal_tim.o          3'376
    stm32f3xx_hal_tim_ex.o         354
    stm32f3xx_hal_uart.o         3'810
    stm32f3xx_hal_uart_ex.o          2
    stm32f3xx_it.o                 672       24
    system_stm32f3xx.o              28       25        4
    termo.o                        244                 2
    tim.o                          788               228
    transfer.o                   6'412      335       20
    usart.o                      1'910       13      847
    zngvert.o                             1'280
    ----------------------------------------------------
    Total:                      62'226    4'676   21'492

dl7M_tlf.a: [2]
    abort.o                          6
    abs.o                            8
    cppinit.o                       24
    dlmalloc.o                   5'276               496
    exit.o                           4
    heaptramp0.o                     4
    low_level_init.o                 4
    sprintf.o                       64
    xencoding_8859_1.o              30
    xfail_s.o                       64                 4
    xgetmemchunk.o                  44                 4
    xlocale_c.o                    124       58      128
    xmbcurmax.o                     10
    xprintffull.o                4'294
    xsprout.o                       10
    ----------------------------------------------------
    Total:                       9'966       58      632

dlpp7M_tl_fc.a: [3]
    delaop_0.o                       4
    delop_0.o                       10
    new.o                                              4
    newaop_0.o                       4
    newop_0.o                       36
    nomemory.o                       4
    ----------------------------------------------------
    Total:                          58                 4

m7M_tls.a: [4]
    DblAdd.o                       378
    DblCmpEq.o                      32
    DblCmpGe.o                      46
    DblCmpLe.o                      46
    DblDiv.o                       582
    DblMul.o                       418
    DblSub.o                       226
    DblToFlt.o                     104
    DblToS32.o                      58
    DblToU32.o                      40
    FltToDbl.o                      72
    S32ToDbl.o                      34
    U32ToDbl.o                      26
    U64ToDbl.o                      70
    fpinit_M.o                      34
    frexp.o                        112
    iar_Exp64.o                    940
    ldexp.o                        314
    math_wrappers64.o               22
    pow64.o                      1'732    1'056
    round.o                         98
    ----------------------------------------------------
    Total:                       5'384    1'056

rt7M_tl.a: [5]
    ABImemcpy.o                    166
    ABImemset.o                    102
    I64DivMod.o                    560
    I64DivZer.o                      2
    cexit.o                         10
    cmain.o                         30
    cmain_call_ctors.o              32
    cstartup_M.o                    12
    data_init.o                     40
    lz77_init_single.o             120
    memchr.o                        88
    memcmp.o                       104
    memset.o                        20
    strchr.o                        22
    strcmp.o                        18
    strlen.o                        54
    zero_init3.o                    58
    ----------------------------------------------------
    Total:                       1'438

shb_l.a: [6]
    exit.o                          20
    unwind_debug.o                            1
    ----------------------------------------------------
    Total:                          20        1

    Gaps                            42        8        4
    Linker created                           36   40'960
--------------------------------------------------------
    Grand Total:                79'134    5'835   63'092


*******************************************************************************
*** ENTRY LIST
***

Entry                       Address    Size  Type      Object
-----                       -------    ----  ----      ------
.iar.init_table$$Base    0x801'3ff8           --   Gb  - Linker created -
.iar.init_table$$Limit   0x801'401c           --   Gb  - Linker created -
?main                    0x801'4095          Code  Gb  cmain.o [5]
AHBPrescTable            0x801'43f4    0x10  Data  Gb  system_stm32f3xx.o [1]
APBPrescTable            0x801'4950     0x8  Data  Gb  system_stm32f3xx.o [1]
BusFault_Handler         0x801'3987     0x2  Code  Gb  stm32f3xx_it.o [1]
CSTACK$$Base            0x2000'5678           --   Gb  - Linker created -
CSTACK$$Limit           0x2000'd678           --   Gb  - Linker created -
CacheMore                0x801'2941    0x28  Code  Lc  xlocale_c.o [2]
ClassicMedianFilter(unsigned short *)
                         0x800'f9f1    0x40  Code  Gb  detector_weather.o [1]
DebugMon_Handler         0x801'398d     0x2  Code  Gb  stm32f3xx_it.o [1]
Error_Handler            0x800'7709     0x2  Code  Gb  main.o [1]
HAL_DMA_Abort            0x800'c5bd    0x4a  Code  Gb  stm32f3xx_hal_dma.o [1]
HAL_DMA_Abort_IT         0x800'c607    0x58  Code  Gb  stm32f3xx_hal_dma.o [1]
HAL_DMA_GetError         0x800'c65f     0x4  Code  Gb  stm32f3xx_hal_dma.o [1]
HAL_Delay                0x800'5c7d    0x28  Code  Wk  stm32f3xx_hal.o [1]
HAL_GPIO_DeInit          0x800'437f   0x17e  Code  Gb  stm32f3xx_hal_gpio.o [1]
HAL_GPIO_Init            0x800'41a9   0x1d6  Code  Gb  stm32f3xx_hal_gpio.o [1]
HAL_GPIO_ReadPin         0x800'44fd    0x16  Code  Gb  stm32f3xx_hal_gpio.o [1]
HAL_GPIO_WritePin        0x800'4513    0x18  Code  Gb  stm32f3xx_hal_gpio.o [1]
HAL_GetTick              0x800'c5b1     0xc  Code  Wk  stm32f3xx_hal.o [1]
HAL_HalfDuplex_Init      0x800'45d7    0x80  Code  Gb  stm32f3xx_hal_uart.o [1]
HAL_I2CEx_ConfigAnalogFilter
                         0x801'1a61    0x64  Code  Gb  stm32f3xx_hal_i2c_ex.o [1]
HAL_I2CEx_ConfigDigitalFilter
                         0x801'1ac5    0x62  Code  Gb  stm32f3xx_hal_i2c_ex.o [1]
HAL_I2C_Init             0x800'b71d    0xcc  Code  Gb  stm32f3xx_hal_i2c.o [1]
HAL_I2C_IsDeviceReady    0x800'beeb   0x19c  Code  Gb  stm32f3xx_hal_i2c.o [1]
HAL_I2C_Master_Receive   0x800'b967   0x17e  Code  Gb  stm32f3xx_hal_i2c.o [1]
HAL_I2C_Master_Transmit
                         0x800'b7e9   0x17e  Code  Gb  stm32f3xx_hal_i2c.o [1]
HAL_I2C_Mem_Read         0x800'bce9   0x202  Code  Gb  stm32f3xx_hal_i2c.o [1]
HAL_I2C_Mem_Write        0x800'baf1   0x1f8  Code  Gb  stm32f3xx_hal_i2c.o [1]
HAL_I2C_MspInit          0x800'934b    0xb6  Code  Gb  i2c.o [1]
HAL_IWDG_Init            0x800'f849    0x6e  Code  Gb  stm32f3xx_hal_iwdg.o [1]
HAL_IWDG_Refresh         0x800'f8b7     0xe  Code  Gb  stm32f3xx_hal_iwdg.o [1]
HAL_IncTick              0x801'3c21    0x18  Code  Wk  stm32f3xx_hal.o [1]
HAL_Init                 0x800'd6e9    0x20  Code  Gb  stm32f3xx_hal.o [1]
HAL_InitTick             0x801'1b4d    0x4c  Code  Wk  stm32f3xx_hal.o [1]
HAL_MspInit              0x801'2261    0x3c  Code  Gb  stm32f3xx_hal_msp.o [1]
HAL_NVIC_DisableIRQ      0x800'd0bf     0xe  Code  Gb  stm32f3xx_hal_cortex.o [1]
HAL_NVIC_EnableIRQ       0x800'd0b1     0xe  Code  Gb  stm32f3xx_hal_cortex.o [1]
HAL_NVIC_SetPriority     0x800'd087    0x2a  Code  Gb  stm32f3xx_hal_cortex.o [1]
HAL_NVIC_SetPriorityGrouping
                         0x800'd07b     0xc  Code  Gb  stm32f3xx_hal_cortex.o [1]
HAL_RCCEx_PeriphCLKConfig
                         0x801'063d   0x2da  Code  Gb  stm32f3xx_hal_rcc_ex.o [1]
HAL_RCC_ClockConfig      0x800'cc4d   0x194  Code  Gb  stm32f3xx_hal_rcc.o [1]
HAL_RCC_GetHCLKFreq      0x800'ce41     0x6  Code  Gb  stm32f3xx_hal_rcc.o [1]
HAL_RCC_GetPCLK1Freq     0x800'ce47    0x18  Code  Gb  stm32f3xx_hal_rcc.o [1]
HAL_RCC_GetPCLK2Freq     0x800'ce5f    0x18  Code  Gb  stm32f3xx_hal_rcc.o [1]
HAL_RCC_GetSysClockFreq
                         0x800'cde1    0x60  Code  Gb  stm32f3xx_hal_rcc.o [1]
HAL_RCC_OscConfig        0x800'c669   0x5e4  Code  Gb  stm32f3xx_hal_rcc.o [1]
HAL_SPI_RxCpltCallback(void *)
                         0x800'5ea3   0x23e  Code  Gb  main.o [1]
HAL_SYSTICK_Config       0x800'd0cd     0xc  Code  Gb  stm32f3xx_hal_cortex.o [1]
HAL_SYSTICK_IRQHandler   0x800'd0fd     0x8  Code  Gb  stm32f3xx_hal_cortex.o [1]
HAL_TIMEx_Break2Callback
                         0x801'1b45     0x2  Code  Wk  stm32f3xx_hal_tim_ex.o [1]
HAL_TIMEx_BreakCallback
                         0x801'1b43     0x2  Code  Wk  stm32f3xx_hal_tim_ex.o [1]
HAL_TIMEx_CommutCallback
                         0x801'1b49     0x2  Code  Wk  stm32f3xx_hal_tim_ex.o [1]
HAL_TIMEx_ConfigBreakDeadTime
                         0x801'2355    0x9c  Code  Gb  stm32f3xx_hal_tim_ex.o [1]
HAL_TIMEx_MasterConfigSynchronization
                         0x801'22b1    0xa4  Code  Gb  stm32f3xx_hal_tim_ex.o [1]
HAL_TIM_Base_Init        0x800'a499    0x7a  Code  Gb  stm32f3xx_hal_tim.o [1]
HAL_TIM_Base_MspInit     0x800'da8b    0xbe  Code  Gb  tim.o [1]
HAL_TIM_Base_Start_IT    0x800'a513    0x98  Code  Gb  stm32f3xx_hal_tim.o [1]
HAL_TIM_Base_Stop_IT     0x800'a5ab    0x3c  Code  Gb  stm32f3xx_hal_tim.o [1]
HAL_TIM_ConfigClockSource
                         0x800'ac3b    0xf6  Code  Gb  stm32f3xx_hal_tim.o [1]
HAL_TIM_IRQHandler       0x800'a8c1   0x194  Code  Gb  stm32f3xx_hal_tim.o [1]
HAL_TIM_OC_ConfigChannel
                         0x800'aa55    0x84  Code  Gb  stm32f3xx_hal_tim.o [1]
HAL_TIM_OC_Init          0x800'a5e7    0x7a  Code  Gb  stm32f3xx_hal_tim.o [1]
HAL_TIM_PWM_ConfigChannel
                         0x800'aad9   0x162  Code  Gb  stm32f3xx_hal_tim.o [1]
HAL_TIM_PWM_Init         0x800'a67d    0x7a  Code  Gb  stm32f3xx_hal_tim.o [1]
HAL_TIM_PWM_PulseFinishedCallback
                         0x800'62ed   0x33a  Code  Gb  main.o [1]
HAL_TIM_PWM_Start_IT     0x800'a6f7   0x1a4  Code  Gb  stm32f3xx_hal_tim.o [1]
HAL_TIM_PeriodElapsedCallback
                         0x800'612f   0x1be  Code  Gb  main.o [1]
HAL_TIM_PeriodElapsedCallback{7}::x_proc_count
                        0x2000'5636     0x2  Data  Lc  main.o [1]
HAL_TIM_PeriodElapsedCallback{7}::ytime
                        0x2000'55f8     0x4  Data  Lc  main.o [1]
HAL_UARTEx_WakeupCallback
                         0x800'c667     0x2  Code  Wk  stm32f3xx_hal_uart_ex.o [1]
HAL_UART_AbortReceive    0x800'47cd    0xc6  Code  Gb  stm32f3xx_hal_uart.o [1]
HAL_UART_DeInit          0x800'4657    0x56  Code  Gb  stm32f3xx_hal_uart.o [1]
HAL_UART_IRQHandler      0x800'4893   0x334  Code  Gb  stm32f3xx_hal_uart.o [1]
HAL_UART_Init            0x800'455d    0x7a  Code  Gb  stm32f3xx_hal_uart.o [1]
HAL_UART_MspDeInit       0x800'574f    0x8a  Code  Gb  usart.o [1]
HAL_UART_MspInit         0x800'55d5   0x17a  Code  Gb  usart.o [1]
HAL_UART_Receive_IT      0x800'4779    0x54  Code  Gb  stm32f3xx_hal_uart.o [1]
HAL_UART_Transmit        0x800'46ad    0xcc  Code  Gb  stm32f3xx_hal_uart.o [1]
HEAP$$Base              0x2000'd678           --   Gb  - Linker created -
HEAP$$Limit             0x2000'f678           --   Gb  - Linker created -
HardFault_Handler        0x801'3983     0x2  Code  Gb  stm32f3xx_it.o [1]
ID                      0x2000'0210     0x4  Data  Gb  console.o [1]
Intensity__::Intensity__()
                         0x801'2fc9    0x38  Code  Gb  intensity.o [1]
Kp                      0x2000'54f8     0x8  Data  Gb  algorithm_contamination.o [1]
LED_deterioration()      0x800'dc5b     0x2  Code  Gb  algorithm_contamination.o [1]
MORstack                0x2000'0120    0x20  Data  Gb  main.o [1]
MX_GPIO_Init             0x800'd70d   0x144  Code  Gb  gpio.o [1]
MX_I2C1_Init             0x800'9299    0x58  Code  Gb  i2c.o [1]
MX_I2C2_Init             0x800'92f1    0x5a  Code  Gb  i2c.o [1]
MX_IWDG_Init             0x800'db65    0x2c  Code  Gb  iwdg.o [1]
MX_TIM15_Init            0x800'da11    0x7a  Code  Gb  tim.o [1]
MX_TIM1_Init             0x800'd851   0x142  Code  Gb  tim.o [1]
MX_TIM8_Init             0x800'd993    0x7e  Code  Gb  tim.o [1]
MX_UART4_Init            0x800'5515    0x40  Code  Gb  usart.o [1]
MX_UART5_Init            0x800'5555    0x40  Code  Gb  usart.o [1]
MX_USART2_UART_Init      0x800'5595    0x40  Code  Gb  usart.o [1]
MemManage_Handler        0x801'3985     0x2  Code  Gb  stm32f3xx_it.o [1]
MyStack<unsigned char, (int)5>::MyStack()
                         0x801'2417     0xa  Code  Gb  stack.o [1]
MyStack<unsigned char, (int)5>::push(unsigned char)
                         0x801'2457    0x26  Code  Gb  stack.o [1]
MyStack<unsigned char, (int)5>::rewrite_last(unsigned char)
                         0x801'2521    0x1e  Code  Gb  stack.o [1]
MyStack<unsigned char, (int)5>::sum()
                         0x801'24d3    0x30  Code  Gb  stack.o [1]
MyStack<unsigned char, (int)6>::MyStack()
                         0x801'2421     0xa  Code  Gb  stack.o [1]
MyStack<unsigned char, (int)6>::push(unsigned char)
                         0x801'247d    0x26  Code  Gb  stack.o [1]
MyStack<unsigned char, (int)6>::rewrite_last(unsigned char)
                         0x801'2503    0x1e  Code  Gb  stack.o [1]
MyStack<unsigned char, (int)6>::sum()
                         0x801'24a3    0x30  Code  Gb  stack.o [1]
MyStack<unsigned char, (int)8>::MyStack()
                         0x801'240d     0xa  Code  Gb  stack.o [1]
MyStack<unsigned char, (int)8>::push(unsigned char)
                         0x801'2431    0x26  Code  Gb  stack.o [1]
MyStack<unsigned char, (int)8>::rewrite_last(unsigned char)
                         0x801'256f    0x1e  Code  Gb  stack.o [1]
MyStack<unsigned char, (int)8>::sum()
                         0x801'253f    0x30  Code  Gb  stack.o [1]
NMI_Handler              0x801'3981     0x2  Code  Gb  stm32f3xx_it.o [1]
NWS_codes                0x801'4210    0x14  Data  Lc  transfer.o [1]
PG0x                    0x2000'55ec     0x4  Data  Gb  main.o [1]
PG_stack                0x2000'01b8    0x50  Data  Gb  push_pop.o [1]
PL0x                    0x2000'55e8     0x4  Data  Gb  main.o [1]
PLref                   0x2000'54e8     0x8  Data  Gb  algorithm_contamination.o [1]
PS_0_stack              0x2000'0140    0x20  Data  Gb  main.o [1]
PSx_stack               0x2000'0100    0x20  Data  Gb  console.o [1]
PWandFD                 0x2000'566d     0x1  Data  Gb  transfer.o [1]
PendSV_Handler           0x801'398f     0x2  Code  Gb  stm32f3xx_it.o [1]
Region$$Table$$Base      0x801'3ff8           --   Gb  - Linker created -
Region$$Table$$Limit     0x801'401c           --   Gb  - Linker created -
SHT$$INIT_ARRAY$$Base    0x801'468c           --   Gb  - Linker created -
SHT$$INIT_ARRAY$$Limit   0x801'4698           --   Gb  - Linker created -
SHT$$PREINIT_ARRAY$$Base
                         0x801'468c           --   Gb  - Linker created -
SHT$$PREINIT_ARRAY$$Limit
                         0x801'468c           --   Gb  - Linker created -
SVC_Handler              0x801'398b     0x2  Code  Gb  stm32f3xx_it.o [1]
SysTick_Handler          0x801'3991     0xc  Code  Gb  stm32f3xx_it.o [1]
SystemClock_Config()     0x800'750d    0xb8  Code  Gb  main.o [1]
SystemCoreClock         0x2000'02ac     0x4  Data  Gb  system_stm32f3xx.o [1]
SystemInit               0x801'4101    0x14  Code  Gb  system_stm32f3xx.o [1]
TIM1_BRK_TIM15_IRQHandler
                         0x801'399d    0x10  Code  Gb  stm32f3xx_it.o [1]
TIM1_CC_IRQHandler       0x801'39c1     0xa  Code  Gb  stm32f3xx_it.o [1]
TIM1_TRG_COM_TIM17_IRQHandler
                         0x801'39b7     0xa  Code  Gb  stm32f3xx_it.o [1]
TIM1_UP_TIM16_IRQHandler
                         0x801'39ad     0xa  Code  Gb  stm32f3xx_it.o [1]
TIM8_UP_IRQHandler       0x801'39d9     0xa  Code  Gb  stm32f3xx_it.o [1]
TIM_Base_SetConfig       0x800'ad33    0xce  Code  Gb  stm32f3xx_hal_tim.o [1]
TIM_CCxChannelCmd        0x800'b19b    0x24  Code  Gb  stm32f3xx_hal_tim.o [1]
TIM_ETR_SetConfig        0x800'b183    0x18  Code  Gb  stm32f3xx_hal_tim.o [1]
TIM_OC2_SetConfig        0x800'aead    0x9e  Code  Gb  stm32f3xx_hal_tim.o [1]
Temp                    0x2000'5600     0x4  Data  Gb  OneWire.o [1]
Thigh                   0x2000'028c     0x4  Data  Gb  heating.o [1]
Thresholds__::Thresholds__()
                         0x801'242b     0x6  Code  Gb  detector_weather.o [1]
Tlow                    0x2000'0290     0x4  Data  Gb  heating.o [1]
Tref                    0x2000'54f0     0x8  Data  Gb  algorithm_contamination.o [1]
UART4_IRQHandler         0x801'39e3   0x1d2  Code  Gb  stm32f3xx_it.o [1]
UART5_IRQHandler         0x801'3bb5     0xa  Code  Gb  stm32f3xx_it.o [1]
UART_AdvFeatureConfig    0x800'4e99    0xda  Code  Gb  stm32f3xx_hal_uart.o [1]
UART_CheckIdleState      0x800'4f73    0xd2  Code  Gb  stm32f3xx_hal_uart.o [1]
UART_SetConfig           0x800'4bc7   0x2aa  Code  Gb  stm32f3xx_hal_uart.o [1]
UART_Start_Receive_IT    0x800'50db    0xf0  Code  Gb  stm32f3xx_hal_uart.o [1]
UART_WaitOnFlagUntilTimeout
                         0x800'5045    0x96  Code  Gb  stm32f3xx_hal_uart.o [1]
USART2_IRQHandler        0x801'39cb     0xe  Code  Gb  stm32f3xx_it.o [1]
USART_ReceiveData(USART_TypeDef *)
                         0x800'97e1     0x8  Code  Gb  OneWire.o [1]
USART_SendData(USART_TypeDef *, unsigned short)
                         0x800'97e9     0x8  Code  Gb  OneWire.o [1]
UsageFault_Handler       0x801'3989     0x2  Code  Gb  stm32f3xx_it.o [1]
[local to console_c]::__NVIC_SystemReset()
                         0x800'0195    0x1e  Code  Lc  console.o [1]
[local to intensity_c]::check_bit(unsigned char *, int)
                         0x801'25e3    0x1e  Code  Lc  intensity.o [1]
[local to intensity_c]::reset_drop_state(int *, int *, int *, int *, int *)
                         0x801'2601    0x1c  Code  Lc  intensity.o [1]
[local to main_c]::__NVIC_SystemReset()
                         0x800'5e85    0x1e  Code  Lc  main.o [1]
[local to stm32f3xx_hal_cortex_c]::NVIC_EncodePriority(unsigned int, unsigned int, unsigned int)
                         0x800'd00b    0x40  Code  Lc  stm32f3xx_hal_cortex.o [1]
[local to stm32f3xx_hal_cortex_c]::SysTick_Config(unsigned int)
                         0x800'd04b    0x30  Code  Lc  stm32f3xx_hal_cortex.o [1]
[local to stm32f3xx_hal_cortex_c]::__NVIC_DisableIRQ(IRQn_Type)
                         0x800'cfb9    0x26  Code  Lc  stm32f3xx_hal_cortex.o [1]
[local to stm32f3xx_hal_cortex_c]::__NVIC_EnableIRQ(IRQn_Type)
                         0x800'cf9b    0x1e  Code  Lc  stm32f3xx_hal_cortex.o [1]
[local to stm32f3xx_hal_cortex_c]::__NVIC_GetPriorityGrouping()
                         0x800'cf8f     0xc  Code  Lc  stm32f3xx_hal_cortex.o [1]
[local to stm32f3xx_hal_cortex_c]::__NVIC_SetPriority(IRQn_Type, unsigned int)
                         0x800'cfdf    0x2c  Code  Lc  stm32f3xx_hal_cortex.o [1]
[local to stm32f3xx_hal_cortex_c]::__NVIC_SetPriorityGrouping(unsigned int)
                         0x800'cf6d    0x22  Code  Lc  stm32f3xx_hal_cortex.o [1]
[local to stm32f3xx_hal_i2c_c]::I2C_Flush_TXDR(__I2C_HandleTypeDef *)
                         0x800'c1b9    0x24  Code  Lc  stm32f3xx_hal_i2c.o [1]
[local to stm32f3xx_hal_i2c_c]::I2C_IsErrorOccurred(__I2C_HandleTypeDef *, unsigned int, unsigned int)
                         0x800'c3bf   0x13e  Code  Lc  stm32f3xx_hal_i2c.o [1]
[local to stm32f3xx_hal_i2c_c]::I2C_RequestMemoryRead(__I2C_HandleTypeDef *, unsigned short, unsigned short, unsigned short, unsigned int, unsigned int)
                         0x800'c123    0x90  Code  Lc  stm32f3xx_hal_i2c.o [1]
[local to stm32f3xx_hal_i2c_c]::I2C_RequestMemoryWrite(__I2C_HandleTypeDef *, unsigned short, unsigned short, unsigned short, unsigned int, unsigned int)
                         0x800'c091    0x92  Code  Lc  stm32f3xx_hal_i2c.o [1]
[local to stm32f3xx_hal_i2c_c]::I2C_TransferConfig(__I2C_HandleTypeDef *, unsigned short, unsigned char, unsigned int, unsigned int)
                         0x800'c4fd    0x32  Code  Lc  stm32f3xx_hal_i2c.o [1]
[local to stm32f3xx_hal_i2c_c]::I2C_WaitOnFlagUntilTimeout(__I2C_HandleTypeDef *, unsigned int, FlagStatus, unsigned int, unsigned int)
                         0x800'c1dd    0x7a  Code  Lc  stm32f3xx_hal_i2c.o [1]
[local to stm32f3xx_hal_i2c_c]::I2C_WaitOnRXNEFlagUntilTimeout(__I2C_HandleTypeDef *, unsigned int, unsigned int)
                         0x800'c311    0xae  Code  Lc  stm32f3xx_hal_i2c.o [1]
[local to stm32f3xx_hal_i2c_c]::I2C_WaitOnSTOPFlagUntilTimeout(__I2C_HandleTypeDef *, unsigned int, unsigned int)
                         0x800'c2b7    0x5a  Code  Lc  stm32f3xx_hal_i2c.o [1]
[local to stm32f3xx_hal_i2c_c]::I2C_WaitOnTXISFlagUntilTimeout(__I2C_HandleTypeDef *, unsigned int, unsigned int)
                         0x800'c257    0x60  Code  Lc  stm32f3xx_hal_i2c.o [1]
[local to stm32f3xx_hal_tim_c]::TIM_ITRx_SetConfig(TIM_TypeDef *, unsigned int)
                         0x800'b173    0x10  Code  Lc  stm32f3xx_hal_tim.o [1]
[local to stm32f3xx_hal_tim_c]::TIM_OC1_SetConfig(TIM_TypeDef *, TIM_OC_InitTypeDef const *)
                         0x800'ae01    0xac  Code  Lc  stm32f3xx_hal_tim.o [1]
[local to stm32f3xx_hal_tim_c]::TIM_OC3_SetConfig(TIM_TypeDef *, TIM_OC_InitTypeDef const *)
                         0x800'af4d    0x8c  Code  Lc  stm32f3xx_hal_tim.o [1]
[local to stm32f3xx_hal_tim_c]::TIM_OC4_SetConfig(TIM_TypeDef *, TIM_OC_InitTypeDef const *)
                         0x800'afd9    0x64  Code  Lc  stm32f3xx_hal_tim.o [1]
[local to stm32f3xx_hal_tim_c]::TIM_OC5_SetConfig(TIM_TypeDef *, TIM_OC_InitTypeDef const *)
                         0x800'b03d    0x5e  Code  Lc  stm32f3xx_hal_tim.o [1]
[local to stm32f3xx_hal_tim_c]::TIM_OC6_SetConfig(TIM_TypeDef *, TIM_OC_InitTypeDef const *)
                         0x800'b09b    0x60  Code  Lc  stm32f3xx_hal_tim.o [1]
[local to stm32f3xx_hal_tim_c]::TIM_TI1_ConfigInputStage(TIM_TypeDef *, unsigned int, unsigned int)
                         0x800'b129    0x24  Code  Lc  stm32f3xx_hal_tim.o [1]
[local to stm32f3xx_hal_tim_c]::TIM_TI2_ConfigInputStage(TIM_TypeDef *, unsigned int, unsigned int)
                         0x800'b14d    0x26  Code  Lc  stm32f3xx_hal_tim.o [1]
[local to stm32f3xx_hal_uart_c]::UART_DMAAbortOnError(__DMA_HandleTypeDef *)
                         0x800'5229    0x1a  Code  Lc  stm32f3xx_hal_uart.o [1]
[local to stm32f3xx_hal_uart_c]::UART_EndRxTransfer(__UART_HandleTypeDef *)
                         0x800'51cb    0x5e  Code  Lc  stm32f3xx_hal_uart.o [1]
[local to stm32f3xx_hal_uart_c]::UART_EndTransmit_IT(__UART_HandleTypeDef *)
                         0x800'5243    0x2a  Code  Lc  stm32f3xx_hal_uart.o [1]
[local to stm32f3xx_hal_uart_c]::UART_RxISR_16BIT(__UART_HandleTypeDef *)
                         0x800'5351    0xe6  Code  Lc  stm32f3xx_hal_uart.o [1]
[local to stm32f3xx_hal_uart_c]::UART_RxISR_8BIT(__UART_HandleTypeDef *)
                         0x800'526d    0xe4  Code  Lc  stm32f3xx_hal_uart.o [1]
_Encoding_8859_1_Mbrlen
[...]
flag_termo_compensation
                        0x2000'563c     0x1  Data  Gb  algorithm_contamination.o [1]
flag_unification        0x2000'563e     0x1  Data  Gb  command_processing.o [1]
flag_vaisala            0x2000'566b     0x1  Data  Gb  transfer.o [1]
flag_vaisala_fs         0x2000'566c     0x1  Data  Gb  transfer.o [1]
flag_weather(unsigned short *, float)
                         0x800'fabb    0xf4  Code  Gb  detector_weather.o [1]
fog                     0x2000'5488     0xc  Data  Gb  detector_weather.o [1]
fog_hour                0x2000'5560     0x8  Data  Gb  detector_weather.o [1]
fog_m10                 0x2000'5518     0x8  Data  Gb  detector_weather.o [1]
free                     0x800'9295     0x4  Code  Gb  heaptramp0.o [2]
getUsartIndex()          0x800'98d5     0x4  Code  Gb  OneWire.o [1]
get_ROMid()              0x800'9d41   0x100  Code  Gb  OneWire.o [1]
get_Temperature()        0x800'9e41    0xc8  Code  Gb  OneWire.o [1]
get_free_size(outbuf_descr___ *)
                         0x800'58b1    0x10  Code  Gb  usart.o [1]
get_termoval             0x800'94a9    0x78  Code  Gb  i2c.o [1]
getpkt()                 0x800'6701    0x56  Code  Gb  main.o [1]
glass_contaminate()      0x800'dc5d    0xf6  Code  Gb  algorithm_contamination.o [1]
hail                    0x2000'54d0     0xc  Data  Gb  detector_weather.o [1]
hail_hour               0x2000'5590     0x8  Data  Gb  detector_weather.o [1]
hail_m10                0x2000'5548     0x8  Data  Gb  detector_weather.o [1]
hasNextRom(OneWire *, unsigned char *)
                         0x800'99f5   0x15a  Code  Gb  OneWire.o [1]
haze                    0x2000'547c     0xc  Data  Gb  detector_weather.o [1]
haze_hour               0x2000'5558     0x8  Data  Gb  detector_weather.o [1]
haze_m10                0x2000'5510     0x8  Data  Gb  detector_weather.o [1]
hcms_buf                0x2000'53b8    0x28  Data  Gb  hcms.o [1]
hcms_clear               0x800'd639    0x18  Code  Gb  hcms.o [1]
hcms_init                0x800'd4e1    0x94  Code  Gb  hcms.o [1]
hcms_putbuf              0x800'd613    0x26  Code  Gb  hcms.o [1]
hcms_putchars            0x800'd67b    0x5c  Code  Gb  hcms.o [1]
heatingpresent          0x2000'0294     0x4  Data  Gb  heating.o [1]
hi2c1                   0x2000'51c8    0x54  Data  Gb  i2c.o [1]
hi2c2                   0x2000'521c    0x54  Data  Gb  i2c.o [1]
history_read()           0x800'0201    0xa2  Code  Gb  console.o [1]
history_write(unsigned char *)
                         0x800'01b3    0x4e  Code  Gb  console.o [1]
hiwdg                   0x2000'5460    0x10  Data  Gb  iwdg.o [1]
hour                    0x2000'0264    0x24  Data  Gb  detector_weather.o [1]
hstd                    0x2000'564e     0x1  Data  Gb  main.o [1]
htim1                   0x2000'5270    0x4c  Data  Gb  tim.o [1]
htim15                  0x2000'5308    0x4c  Data  Gb  tim.o [1]
htim8                   0x2000'52bc    0x4c  Data  Gb  tim.o [1]
huart2                  0x2000'5084    0x88  Data  Gb  usart.o [1]
huart4                  0x2000'4f74    0x88  Data  Gb  usart.o [1]
huart5                  0x2000'4ffc    0x88  Data  Gb  usart.o [1]
hysteresis              0x2000'0298     0x4  Data  Gb  heating.o [1]
i                       0x2000'5604     0x4  Data  Gb  OneWire.o [1]
ibuf                    0x2000'4e74   0x100  Data  Gb  main.o [1]
index_hour              0x2000'55d8     0x4  Data  Gb  detector_weather.o [1]
index_memory_history    0x2000'55bc     0x4  Data  Gb  console.o [1]
index_minute            0x2000'55d4     0x4  Data  Gb  detector_weather.o [1]
index_phenocode         0x2000'5658     0x1  Data  Gb  main.o [1]
init_mparams             0x800'7dd3    0x2c  Code  Lc  dlmalloc.o [2]
init_obf                 0x800'57d9    0x2a  Code  Gb  usart.o [1]
init_obf___()            0x800'5803    0x14  Code  Gb  usart.o [1]
init_top                 0x800'7dff    0x34  Code  Lc  dlmalloc.o [2]
int write_block<double>(char const *, double *, int, int)
                         0x800'c539    0x76  Code  Gb  memory.o [1]
intensity               0x2000'5378    0x40  Data  Gb  intensity.o [1]
intensity_derivative(int, int, unsigned char *, short *)
                         0x801'27ff    0xa4  Code  Gb  intensity.o [1]
k                       0x2000'55d0     0x4  Data  Gb  detector_weather.o [1]
ldexp                    0x801'2ad9          Code  Gb  ldexp.o [4]
ldexpl                   0x801'2ad9          Code  Gb  ldexp.o [4]
light_on                0x2000'5652     0x1  Data  Gb  main.o [1]
light_reset()            0x800'098d    0x92  Code  Gb  console.o [1]
limit_visibility        0x2000'02b0     0x4  Data  Gb  transfer.o [1]
lnbias                   0x801'3560   0x420  Data  Lc  pow64.o [4]
localeconv               0x801'29ad     0x4  Code  Gb  xlocale_c.o [2]
lost_answers            0x2000'5666     0x1  Data  Gb  main.o [1]
main                     0x800'6a39   0xac8  Code  Gb  main.o [1]
maxindexscattering      0x2000'562a     0x2  Data  Gb  detector_weather.o [1]
maxmin_scattering(unsigned short *)
                         0x800'fa31    0x8a  Code  Gb  detector_weather.o [1]
maxminamplitude         0x2000'5630     0x2  Data  Gb  detector_weather.o [1]
maxscattering           0x2000'5628     0x2  Data  Gb  detector_weather.o [1]
memchr                   0x801'2a11          Code  Gb  memchr.o [5]
memcmp                   0x800'd141          Code  Gb  memcmp.o [5]
memset                   0x801'229d    0x14  Code  Gb  memset.o [5]
message                 0x2000'0341     0x1  Data  Gb  transfer.o [1]
minindexscattering      0x2000'562e     0x2  Data  Gb  detector_weather.o [1]
minscattering           0x2000'562c     0x2  Data  Gb  detector_weather.o [1]
minute10                0x2000'0240    0x24  Data  Gb  detector_weather.o [1]
minute2                 0x2000'021c    0x24  Data  Gb  detector_weather.o [1]
mode_profile()           0x800'688d   0x10a  Code  Gb  main.o [1]
mparams                 0x2000'5420    0x18  Data  Lc  dlmalloc.o [2]
ms_adr                  0x2000'5610     0x4  Data  Gb  transfer.o [1]
number                  0x2000'0214     0x4  Data  Gb  console.o [1]
number_of_iteration     0x2000'55b4     0x4  Data  Gb  console.o [1]
obf                     0x2000'4d68   0x10c  Data  Gb  usart.o [1]
oidx                    0x2000'0343     0x1  Data  Gb  usart.o [1]
operator delete (void *)
                         0x801'095d     0xa  Code  Gb  delop_0.o [3]
operator delete[] (void *)
                         0x800'7bb9     0x4  Code  Gb  delaop_0.o [3]
operator new (unsigned int)
                         0x801'0939    0x24  Code  Gb  newop_0.o [3]
operator new[] (unsigned int)
                         0x800'7bb5     0x4  Code  Gb  newaop_0.o [3]
out_del                 0x2000'5618     0x4  Data  Gb  usart.o [1]
ow                      0x2000'544c    0x14  Data  Gb  OneWire.o [1]
owCRC(unsigned char *, unsigned char)
                         0x800'9993    0x54  Code  Gb  OneWire.o [1]
owCRC8(RomCode *)        0x800'99e7     0xe  Code  Gb  OneWire.o [1]
owConvertTemperatureCmd(OneWire *, RomCode *)
                         0x800'9b9f    0x14  Code  Gb  OneWire.o [1]
owEchoRead()             0x800'9919    0x2e  Code  Gb  OneWire.o [1]
owInit(OneWire *)        0x800'9833    0x3c  Code  Gb  OneWire.o [1]
owMatchRomCmd(RomCode *)
                         0x800'9b7f    0x20  Code  Gb  OneWire.o [1]
owReadHandler()          0x800'986f    0x42  Code  Gb  OneWire.o [1]
owReadScratchpadCmd(OneWire *, RomCode *, unsigned char *)
                         0x800'9bb3    0xbe  Code  Gb  OneWire.o [1]
owReadSlot(unsigned short)
                         0x800'9909    0x10  Code  Gb  OneWire.o [1]
owResetCmd()             0x800'98b1    0x24  Code  Gb  OneWire.o [1]
owSearchCmd(OneWire *)   0x800'9b4f    0x30  Code  Gb  OneWire.o [1]
owSend(unsigned short)   0x800'98d9    0x30  Code  Gb  OneWire.o [1]
owSendByte(unsigned char)
                         0x800'996f    0x24  Code  Gb  OneWire.o [1]
pDelay                  0x2000'02a4     0x4  Data  Gb  OneWire.o [1]
p_cntr                  0x2000'0334     0x2  Data  Gb  main.o [1]
pheno_coll              0x2000'5438    0x14  Data  Gb  detector_weather.o [1]
phenocodes               0x801'4674     0xc  Data  Lc  transfer.o [1]
pkt_biral(unsigned short)
                         0x800'f095   0x236  Code  Gb  transfer.o [1]
pkt_peleng(unsigned int, unsigned short)
                         0x800'df3d   0x1de  Code  Gb  transfer.o [1]
pkt_vaisala_0(unsigned char *)
                         0x800'e4f9   0x172  Code  Gb  transfer.o [1]
pkt_vaisala_1(unsigned char *, unsigned char)
                         0x800'e66b    0x8a  Code  Gb  transfer.o [1]
pkt_vaisala_2(unsigned char *, unsigned char, unsigned char, unsigned char, unsigned char *)
                         0x800'e829   0x35a  Code  Gb  transfer.o [1]
pkt_vaisala_7(unsigned char *, unsigned char, unsigned char, unsigned char, unsigned char *)
                         0x800'ed81   0x306  Code  Gb  transfer.o [1]
pkt_vaisala_fs_2(unsigned char *)
                         0x800'eba1   0x1a6  Code  Gb  transfer.o [1]
pollution_status        0x2000'55a8     0x4  Data  Gb  algorithm_contamination.o [1]
pop(unsigned char, double *)
                         0x800'b5a5    0x56  Code  Gb  push_pop.o [1]
pow                      0x801'1b99   0x6c4  Code  Gb  pow64.o [4]
powl                     0x801'1b99   0x6c4  Code  Gb  pow64.o [4]
pprs                    0x2000'5110    0x60  Data  Gb  usart.o [1]
precipitation           0x2000'5494     0xc  Data  Gb  detector_weather.o [1]
precipitation_hour      0x2000'5568     0x8  Data  Gb  detector_weather.o [1]
precipitation_m10       0x2000'5520     0x8  Data  Gb  detector_weather.o [1]
prepare_out_buf()        0x800'585d    0x54  Code  Gb  usart.o [1]
profile                 0x2000'0344  0x4740  Data  Gb  main.o [1]
push(unsigned char &, unsigned char, unsigned char &, double, double *)
                         0x800'b605    0x32  Code  Gb  push_pop.o [1]
push_profile(unsigned char &, unsigned char, unsigned char &, short, short *)
                         0x800'fda1    0x30  Code  Gb  detector_weather.o [1]
put_chr(unsigned char)   0x800'59d5    0x1a  Code  Gb  usart.o [1]
put_cw(unsigned char)    0x800'd45d    0x84  Code  Gb  hcms.o [1]
put_profile(uint8_t, uint16_t)::buf_profile
                        0x2000'4c5c   0x10c  Data  Lc  main.o [1]
put_profile(unsigned char, unsigned short)
                         0x800'6757   0x122  Code  Gb  main.o [1]
putpars__::putpars__()   0x800'ced7    0x2e  Code  Gb  usart.o [1]
putpkt                   0x800'f659   0x156  Code  Gb  transfer.o [1]
putpkt_debug             0x800'59ef   0x1b8  Code  Gb  usart.o [1]
putword(unsigned char)   0x800'd3d9    0x84  Code  Gb  hcms.o [1]
putwords(unsigned char *, unsigned char)
                         0x800'd575    0x9e  Code  Gb  hcms.o [1]
rain                    0x2000'54ac     0xc  Data  Gb  detector_weather.o [1]
rain_and_snow           0x2000'54c4     0xc  Data  Gb  detector_weather.o [1]
rain_and_snow_hour      0x2000'5588     0x8  Data  Gb  detector_weather.o [1]
rain_and_snow_m10       0x2000'5540     0x8  Data  Gb  detector_weather.o [1]
rain_hour               0x2000'5578     0x8  Data  Gb  detector_weather.o [1]
rain_m10                0x2000'5530     0x8  Data  Gb  detector_weather.o [1]
rc_buffer               0x2000'54dc     0xc  Data  Gb  OneWire.o [1]
read                     0x800'3e1b    0xbe  Code  Gb  memory.o [1]
read(unsigned char *)    0x800'0af9   0xc76  Code  Gb  console.o [1]
readTemperature(OneWire *, RomCode *, unsigned char)
                         0x800'9c71    0xd0  Code  Gb  OneWire.o [1]
read_32(int)             0x800'07a5    0xba  Code  Gb  console.o [1]
read_approximation_parameters()
                         0x800'404d   0x100  Code  Gb  memory.o [1]
read_d(double)           0x800'085f   0x12a  Code  Gb  console.o [1]
read_in_mem              0x800'3fc9    0x7a  Code  Gb  memory.o [1]
read_memory()            0x800'f2dd   0x136  Code  Gb  transfer.o [1]
read_pollution_parameters()
                         0x800'dbb1    0xaa  Code  Gb  algorithm_contamination.o [1]
read_value_from_package(unsigned char *, unsigned char)
                         0x800'177d    0xc4  Code  Gb  console.o [1]
read_value_from_package_d(unsigned char *, unsigned char)
                         0x800'1875    0xde  Code  Gb  console.o [1]
reading_value(unsigned int, double)
                         0x800'3ed9    0xf0  Code  Gb  memory.o [1]
recvFlag                0x2000'5667     0x1  Data  Gb  OneWire.o [1]
request                 0x2000'566f     0x1  Data  Gb  transfer.o [1]
request_peleng           0x800'5e1f    0x3c  Code  Gb  requests.o [1]
request_vaisala          0x800'5cdf   0x140  Code  Gb  requests.o [1]
reverse_byte(unsigned char)
                         0x800'd651    0x2a  Code  Gb  hcms.o [1]
round                    0x800'a195          Code  Gb  round.o [4]
roundl                   0x800'a195          Code  Gb  round.o [4]
rs_adr                  0x2000'020c     0x4  Data  Gb  console.o [1]
rslt_bt                 0x2000'5659     0x1  Data  Gb  main.o [1]
rslt_un                 0x2000'55f0     0x4  Data  Lc  main.o [1]
run_of_heating           0x800'b22f    0xfa  Code  Gb  heating.o [1]
rv                      0x2000'5632     0x2  Data  Gb  i2c.o [1]
scalbln                  0x801'2ad9          Code  Gb  ldexp.o [4]
scalblnl                 0x801'2ad9          Code  Gb  ldexp.o [4]
scalbn                   0x801'2ad9          Code  Gb  ldexp.o [4]
scalbnl                  0x801'2ad9          Code  Gb  ldexp.o [4]
scale                    0x801'19b5    0x46  Code  Lc  xprintffull.o [2]
sec_hand                0x2000'5624     0x4  Data  Lc  xfail_s.o [2]
segment_holding          0x800'7db9    0x1a  Code  Lc  dlmalloc.o [2]
select_temperature()     0x800'de49    0xf4  Code  Gb  termo.o [1]
sending_period          0x2000'0218     0x4  Data  Gb  console.o [1]
set_drops_flags(unsigned short *, int, int, unsigned char *)
                         0x801'274d    0x5e  Code  Gb  intensity.o [1]
set_pkt_crc(outbuf_descr___ *)
                         0x800'5997    0x3e  Code  Gb  usart.o [1]
set_weather             0x2000'0340     0x1  Data  Gb  transfer.o [1]
setting_flag(unsigned char *)
                         0x800'0423   0x37c  Code  Gb  console.o [1]
size_array_converted    0x2000'0288     0x4  Data  Gb  detector_weather.o [1]
snow                    0x2000'54b8     0xc  Data  Gb  detector_weather.o [1]
snow_hour               0x2000'5580     0x8  Data  Gb  detector_weather.o [1]
snow_m10                0x2000'5538     0x8  Data  Gb  detector_weather.o [1]
speed                   0x2000'029c     0x4  Data  Gb  main.o [1]
spi_cnt                 0x2000'033d     0x1  Data  Gb  main.o [1]
sprintf                  0x800'9255    0x40  Code  Gb  sprintf.o [2]
start_heating_according_to_temp
                         0x800'b34f   0x112  Code  Gb  heating.o [1]
std::_NomemoryNothrow()
                         0x801'2925     0x4  Code  Gb  nomemory.o [3]
std::__iar_New_hand     0x2000'561c     0x4  Data  Gb  new.o [3]
std::enable_if<((std::is_arithmetic<int>::value&&std::is_arithmetic<int>::value)&&std::_AvoidSame2), std::_Common_float_type<int, int>::type>::type pow<int, int>(int, int)
                         0x800'543f    0x38  Code  Gb  memory.o [1]
stk_lvlMOR              0x2000'5661     0x1  Data  Gb  main.o [1]
stk_lvlPG               0x2000'566a     0x1  Data  Gb  push_pop.o [1]
stk_lvlPS_0             0x2000'5663     0x1  Data  Gb  main.o [1]
stk_lvlPSx              0x2000'5643     0x1  Data  Gb  console.o [1]
stkidxMOR               0x2000'5660     0x1  Data  Gb  main.o [1]
stkidxPG                0x2000'5669     0x1  Data  Gb  push_pop.o [1]
stkidxPS_0              0x2000'5662     0x1  Data  Gb  main.o [1]
stkidxPSx               0x2000'5642     0x1  Data  Gb  console.o [1]
stop_defrosting          0x800'b329    0x26  Code  Gb  heating.o [1]
stop_tim                 0x800'60e1    0x4e  Code  Gb  main.o [1]
strchr                   0x801'29b9          Code  Gb  strchr.o [5]
strcmp                   0x801'1b29          Code  Gb  strcmp.o [5]
strlen                   0x800'd109          Code  Gb  strlen.o [5]
t                       0x2000'5638     0x2  Data  Gb  OneWire.o [1]
termo_compensation()     0x800'dd5d    0x6c  Code  Gb  algorithm_contamination.o [1]
termo_exchange(unsigned char, unsigned char *, unsigned char, unsigned char *, unsigned char)
                         0x800'9401    0xa8  Code  Gb  i2c.o [1]
termo_init               0x800'9555    0x42  Code  Gb  i2c.o [1]
termo_val               0x2000'01b0     0x8  Data  Gb  main.o [1]
thresholds              0x2000'5170    0x58  Data  Gb  detector_weather.o [1]
tim8_off                0x2000'565a     0x1  Data  Gb  main.o [1]
time__                  0x2000'55e4     0x4  Data  Gb  main.o [1]
timeflag                0x2000'5654     0x1  Data  Gb  main.o [1]
u4_rcv_pkt_IT            0x800'5ba7    0x50  Code  Gb  usart.o [1]
u4rlen                  0x2000'0338     0x2  Data  Gb  usart.o [1]
uint32_t_to_segleds_with_dspoints(int, unsigned char, char)
                         0x800'6627    0x70  Code  Gb  main.o [1]
uni_calibration_value   0x2000'5400    0x20  Data  Gb  usart.o [1]
unification              0x800'770d   0x218  Code  Gb  command_processing.o [1]
usart_setup(unsigned int)
                         0x800'97f1    0x42  Code  Gb  OneWire.o [1]
uwTick                  0x2000'560c     0x4  Data  Gb  stm32f3xx_hal.o [1]
uwTickFreq              0x2000'033f     0x1  Data  Gb  stm32f3xx_hal.o [1]
uwTickPrio              0x2000'02a8     0x4  Data  Gb  stm32f3xx_hal.o [1]
vaisala_MORstack        0x2000'0160    0x50  Data  Gb  main.o [1]
vaisala_header(unsigned char *, unsigned char *)
                         0x800'e39f   0x15a  Code  Gb  transfer.o [1]
vaisala_stk_lvlMOR      0x2000'5665     0x1  Data  Gb  main.o [1]
vaisala_stkidxMOR       0x2000'5664     0x1  Data  Gb  main.o [1]
verification_checksum(int)
                         0x800'66bb    0x46  Code  Gb  main.o [1]
version                 0x2000'55b0     0x4  Data  Gb  console.o [1]
vote_pheno()             0x800'fd07    0x9a  Code  Gb  detector_weather.o [1]
vote_pheno_vaisala(unsigned char)
                         0x800'fc57    0x54  Code  Gb  detector_weather.o [1]
vote_pheno_vaisala_hour(unsigned char)
                         0x800'fc03    0x54  Code  Gb  detector_weather.o [1]
wait_command             0x800'35d1    0x2a  Code  Gb  console.o [1]
warning_glass           0x2000'5672     0x1  Data  Gb  transfer.o [1]
weather(unsigned int, double)
                         0x801'0541    0x8a  Code  Gb  detector_weather.o [1]
word_length             0x2000'02a0     0x4  Data  Gb  main.o [1]
write                    0x800'3c15    0xba  Code  Gb  memory.o [1]
write(unsigned char *)   0x800'1a11   0xb14  Code  Gb  console.o [1]
write123                 0x800'3da3    0x78  Code  Gb  memory.o [1]
write_approximation_parameters(char *, double *, int)
                         0x800'a291    0x72  Code  Gb  approximation.o [1]
write_value_in_buf       0x800'3ccf    0xd4  Code  Gb  memory.o [1]
xcoeff                  0x2000'0336     0x2  Data  Gb  main.o [1]
xxxxPS0                 0x2000'5598     0x8  Data  Gb  main.o [1]
xxxxPS0msrs             0x2000'55dc     0x4  Data  Gb  main.o [1]
xxxxPSFull              0x2000'55a0     0x8  Data  Gb  main.o [1]
xxxxPSFullmsrs          0x2000'55e0     0x4  Data  Gb  main.o [1]
zng                      0x801'3000   0x500  Data  Gb  zngvert.o [1]


[1] = E:\project\6266_test\befor_boot\approximation\6266.01.05.300_dpg\EWARM\6266.01.05.300_dpg\Obj
[2] = dl7M_tlf.a
[3] = dlpp7M_tl_fc.a
[4] = m7M_tls.a
[5] = rt7M_tl.a
[6] = shb_l.a

  79'134 bytes of readonly  code memory
   5'835 bytes of readonly  data memory
  63'092 bytes of readwrite data memory

Errors: none
Warnings: none
